Archive member included to satisfy reference by file (symbol)

c:/progra~2/gnutoo~1/82019-~1/bin/../lib/gcc/arm-none-eabi/8.3.1/../../../../arm-none-eabi/lib/thumb/v7-m/nofp\libg_nano.a(lib_a-errno.o)
                              CMakeFiles/CS301ProjectClock.elf.dir/Src/syscalls.c.obj (__errno)
c:/progra~2/gnutoo~1/82019-~1/bin/../lib/gcc/arm-none-eabi/8.3.1/../../../../arm-none-eabi/lib/thumb/v7-m/nofp\libg_nano.a(lib_a-exit.o)
                              c:/progra~2/gnutoo~1/82019-~1/bin/../lib/gcc/arm-none-eabi/8.3.1/../../../../arm-none-eabi/lib/thumb/v7-m/nofp/crt0.o (exit)
c:/progra~2/gnutoo~1/82019-~1/bin/../lib/gcc/arm-none-eabi/8.3.1/../../../../arm-none-eabi/lib/thumb/v7-m/nofp\libg_nano.a(lib_a-impure.o)
                              c:/progra~2/gnutoo~1/82019-~1/bin/../lib/gcc/arm-none-eabi/8.3.1/../../../../arm-none-eabi/lib/thumb/v7-m/nofp\libg_nano.a(lib_a-exit.o) (_global_impure_ptr)
c:/progra~2/gnutoo~1/82019-~1/bin/../lib/gcc/arm-none-eabi/8.3.1/../../../../arm-none-eabi/lib/thumb/v7-m/nofp\libg_nano.a(lib_a-init.o)
                              c:/progra~2/gnutoo~1/82019-~1/bin/../lib/gcc/arm-none-eabi/8.3.1/../../../../arm-none-eabi/lib/thumb/v7-m/nofp/crt0.o (__libc_init_array)
c:/progra~2/gnutoo~1/82019-~1/bin/../lib/gcc/arm-none-eabi/8.3.1/../../../../arm-none-eabi/lib/thumb/v7-m/nofp\libg_nano.a(lib_a-memset.o)
                              c:/progra~2/gnutoo~1/82019-~1/bin/../lib/gcc/arm-none-eabi/8.3.1/../../../../arm-none-eabi/lib/thumb/v7-m/nofp/crt0.o (memset)

Discarded input sections

 .text          0x00000000        0x0 c:/progra~2/gnutoo~1/82019-~1/bin/../lib/gcc/arm-none-eabi/8.3.1/thumb/v7-m/nofp/crti.o
 .data          0x00000000        0x0 c:/progra~2/gnutoo~1/82019-~1/bin/../lib/gcc/arm-none-eabi/8.3.1/thumb/v7-m/nofp/crti.o
 .bss           0x00000000        0x0 c:/progra~2/gnutoo~1/82019-~1/bin/../lib/gcc/arm-none-eabi/8.3.1/thumb/v7-m/nofp/crti.o
 .data          0x00000000        0x4 c:/progra~2/gnutoo~1/82019-~1/bin/../lib/gcc/arm-none-eabi/8.3.1/thumb/v7-m/nofp/crtbegin.o
 .text          0x00000000       0x74 c:/progra~2/gnutoo~1/82019-~1/bin/../lib/gcc/arm-none-eabi/8.3.1/../../../../arm-none-eabi/lib/thumb/v7-m/nofp/crt0.o
 .data          0x00000000        0x0 c:/progra~2/gnutoo~1/82019-~1/bin/../lib/gcc/arm-none-eabi/8.3.1/../../../../arm-none-eabi/lib/thumb/v7-m/nofp/crt0.o
 .bss           0x00000000        0x0 c:/progra~2/gnutoo~1/82019-~1/bin/../lib/gcc/arm-none-eabi/8.3.1/../../../../arm-none-eabi/lib/thumb/v7-m/nofp/crt0.o
 .ARM.extab     0x00000000        0x0 c:/progra~2/gnutoo~1/82019-~1/bin/../lib/gcc/arm-none-eabi/8.3.1/../../../../arm-none-eabi/lib/thumb/v7-m/nofp/crt0.o
 .ARM.exidx     0x00000000        0x8 c:/progra~2/gnutoo~1/82019-~1/bin/../lib/gcc/arm-none-eabi/8.3.1/../../../../arm-none-eabi/lib/thumb/v7-m/nofp/crt0.o
 .ARM.attributes
                0x00000000       0x1b c:/progra~2/gnutoo~1/82019-~1/bin/../lib/gcc/arm-none-eabi/8.3.1/../../../../arm-none-eabi/lib/thumb/v7-m/nofp/crt0.o
 .text          0x00000000        0x0 CMakeFiles/CS301ProjectClock.elf.dir/Drivers/STM32F1xx_HAL_Driver/Src/stm32f1xx_hal.c.obj
 .data          0x00000000        0x0 CMakeFiles/CS301ProjectClock.elf.dir/Drivers/STM32F1xx_HAL_Driver/Src/stm32f1xx_hal.c.obj
 .bss           0x00000000        0x0 CMakeFiles/CS301ProjectClock.elf.dir/Drivers/STM32F1xx_HAL_Driver/Src/stm32f1xx_hal.c.obj
 .text.HAL_DeInit
                0x00000000       0x30 CMakeFiles/CS301ProjectClock.elf.dir/Drivers/STM32F1xx_HAL_Driver/Src/stm32f1xx_hal.c.obj
 .text.HAL_MspInit
                0x00000000        0xc CMakeFiles/CS301ProjectClock.elf.dir/Drivers/STM32F1xx_HAL_Driver/Src/stm32f1xx_hal.c.obj
 .text.HAL_MspDeInit
                0x00000000        0xc CMakeFiles/CS301ProjectClock.elf.dir/Drivers/STM32F1xx_HAL_Driver/Src/stm32f1xx_hal.c.obj
 .text.HAL_GetTickPrio
                0x00000000       0x14 CMakeFiles/CS301ProjectClock.elf.dir/Drivers/STM32F1xx_HAL_Driver/Src/stm32f1xx_hal.c.obj
 .text.HAL_SetTickFreq
                0x00000000       0x44 CMakeFiles/CS301ProjectClock.elf.dir/Drivers/STM32F1xx_HAL_Driver/Src/stm32f1xx_hal.c.obj
 .text.HAL_GetTickFreq
                0x00000000       0x14 CMakeFiles/CS301ProjectClock.elf.dir/Drivers/STM32F1xx_HAL_Driver/Src/stm32f1xx_hal.c.obj
 .text.HAL_Delay
                0x00000000       0x44 CMakeFiles/CS301ProjectClock.elf.dir/Drivers/STM32F1xx_HAL_Driver/Src/stm32f1xx_hal.c.obj
 .text.HAL_SuspendTick
                0x00000000       0x1c CMakeFiles/CS301ProjectClock.elf.dir/Drivers/STM32F1xx_HAL_Driver/Src/stm32f1xx_hal.c.obj
 .text.HAL_ResumeTick
                0x00000000       0x1c CMakeFiles/CS301ProjectClock.elf.dir/Drivers/STM32F1xx_HAL_Driver/Src/stm32f1xx_hal.c.obj
 .text.HAL_GetHalVersion
                0x00000000       0x14 CMakeFiles/CS301ProjectClock.elf.dir/Drivers/STM32F1xx_HAL_Driver/Src/stm32f1xx_hal.c.obj
 .text.HAL_GetREVID
[...]
Memory Configuration

Name             Origin             Length             Attributes
RAM              0x20000000         0x0000c000         xrw
FLASH            0x08000000         0x00040000         xr
*default*        0x00000000         0xffffffff

Linker script and memory map

LOAD c:/progra~2/gnutoo~1/82019-~1/bin/../lib/gcc/arm-none-eabi/8.3.1/thumb/v7-m/nofp/crti.o
LOAD c:/progra~2/gnutoo~1/82019-~1/bin/../lib/gcc/arm-none-eabi/8.3.1/thumb/v7-m/nofp/crtbegin.o
LOAD c:/progra~2/gnutoo~1/82019-~1/bin/../lib/gcc/arm-none-eabi/8.3.1/../../../../arm-none-eabi/lib/thumb/v7-m/nofp/crt0.o
LOAD CMakeFiles/CS301ProjectClock.elf.dir/Drivers/STM32F1xx_HAL_Driver/Src/stm32f1xx_hal.c.obj
LOAD CMakeFiles/CS301ProjectClock.elf.dir/Drivers/STM32F1xx_HAL_Driver/Src/stm32f1xx_hal_cortex.c.obj
LOAD CMakeFiles/CS301ProjectClock.elf.dir/Drivers/STM32F1xx_HAL_Driver/Src/stm32f1xx_hal_dma.c.obj
LOAD CMakeFiles/CS301ProjectClock.elf.dir/Drivers/STM32F1xx_HAL_Driver/Src/stm32f1xx_hal_exti.c.obj
LOAD CMakeFiles/CS301ProjectClock.elf.dir/Drivers/STM32F1xx_HAL_Driver/Src/stm32f1xx_hal_flash.c.obj
LOAD CMakeFiles/CS301ProjectClock.elf.dir/Drivers/STM32F1xx_HAL_Driver/Src/stm32f1xx_hal_flash_ex.c.obj
LOAD CMakeFiles/CS301ProjectClock.elf.dir/Drivers/STM32F1xx_HAL_Driver/Src/stm32f1xx_hal_gpio.c.obj
LOAD CMakeFiles/CS301ProjectClock.elf.dir/Drivers/STM32F1xx_HAL_Driver/Src/stm32f1xx_hal_gpio_ex.c.obj
LOAD CMakeFiles/CS301ProjectClock.elf.dir/Drivers/STM32F1xx_HAL_Driver/Src/stm32f1xx_hal_pwr.c.obj
LOAD CMakeFiles/CS301ProjectClock.elf.dir/Drivers/STM32F1xx_HAL_Driver/Src/stm32f1xx_hal_rcc.c.obj
LOAD CMakeFiles/CS301ProjectClock.elf.dir/Drivers/STM32F1xx_HAL_Driver/Src/stm32f1xx_hal_rcc_ex.c.obj
LOAD CMakeFiles/CS301ProjectClock.elf.dir/Drivers/STM32F1xx_HAL_Driver/Src/stm32f1xx_hal_tim.c.obj
LOAD CMakeFiles/CS301ProjectClock.elf.dir/Drivers/STM32F1xx_HAL_Driver/Src/stm32f1xx_hal_tim_ex.c.obj
LOAD CMakeFiles/CS301ProjectClock.elf.dir/Drivers/STM32F1xx_HAL_Driver/Src/stm32f1xx_hal_uart.c.obj
LOAD CMakeFiles/CS301ProjectClock.elf.dir/Src/gpio.c.obj
LOAD CMakeFiles/CS301ProjectClock.elf.dir/Src/main.c.obj
LOAD CMakeFiles/CS301ProjectClock.elf.dir/Src/stm32f1xx_hal_msp.c.obj
LOAD CMakeFiles/CS301ProjectClock.elf.dir/Src/stm32f1xx_it.c.obj
LOAD CMakeFiles/CS301ProjectClock.elf.dir/Src/sys.c.obj
LOAD CMakeFiles/CS301ProjectClock.elf.dir/Src/syscalls.c.obj
LOAD CMakeFiles/CS301ProjectClock.elf.dir/Src/system_stm32f1xx.c.obj
LOAD CMakeFiles/CS301ProjectClock.elf.dir/Src/usart.c.obj
LOAD CMakeFiles/CS301ProjectClock.elf.dir/startup/startup_stm32f103xe.s.obj
START GROUP
LOAD c:/progra~2/gnutoo~1/82019-~1/bin/../lib/gcc/arm-none-eabi/8.3.1/thumb/v7-m/nofp\libgcc.a
LOAD c:/progra~2/gnutoo~1/82019-~1/bin/../lib/gcc/arm-none-eabi/8.3.1/../../../../arm-none-eabi/lib/thumb/v7-m/nofp\libg_nano.a
LOAD c:/progra~2/gnutoo~1/82019-~1/bin/../lib/gcc/arm-none-eabi/8.3.1/../../../../arm-none-eabi/lib/thumb/v7-m/nofp\libc_nano.a
END GROUP
START GROUP
LOAD c:/progra~2/gnutoo~1/82019-~1/bin/../lib/gcc/arm-none-eabi/8.3.1/thumb/v7-m/nofp\libgcc.a
LOAD c:/progra~2/gnutoo~1/82019-~1/bin/../lib/gcc/arm-none-eabi/8.3.1/../../../../arm-none-eabi/lib/thumb/v7-m/nofp\libc_nano.a
LOAD c:/progra~2/gnutoo~1/82019-~1/bin/../lib/gcc/arm-none-eabi/8.3.1/../../../../arm-none-eabi/lib/thumb/v7-m/nofp\libnosys.a
END GROUP
START GROUP
LOAD c:/progra~2/gnutoo~1/82019-~1/bin/../lib/gcc/arm-none-eabi/8.3.1/thumb/v7-m/nofp\libgcc.a
LOAD c:/progra~2/gnutoo~1/82019-~1/bin/../lib/gcc/arm-none-eabi/8.3.1/../../../../arm-none-eabi/lib/thumb/v7-m/nofp\libc_nano.a
LOAD c:/progra~2/gnutoo~1/82019-~1/bin/../lib/gcc/arm-none-eabi/8.3.1/../../../../arm-none-eabi/lib/thumb/v7-m/nofp\libnosys.a
END GROUP
LOAD c:/progra~2/gnutoo~1/82019-~1/bin/../lib/gcc/arm-none-eabi/8.3.1/thumb/v7-m/nofp/crtend.o
LOAD c:/progra~2/gnutoo~1/82019-~1/bin/../lib/gcc/arm-none-eabi/8.3.1/thumb/v7-m/nofp/crtn.o
                0x2000c000                _estack = 0x2000c000
                0x00000200                _Min_Heap_Size = 0x200
                0x00000400                _Min_Stack_Size = 0x400

.isr_vector     0x08000000      0x1e4
                0x08000000                . = ALIGN (0x4)
 *(.isr_vector)
 .isr_vector    0x08000000      0x1e4 CMakeFiles/CS301ProjectClock.elf.dir/startup/startup_stm32f103xe.s.obj
                0x08000000                g_pfnVectors
                0x080001e4                . = ALIGN (0x4)

.text           0x080001e4     0x1f5c
                0x080001e4                . = ALIGN (0x4)
 *(.text)
 .text          0x080001e4       0x40 c:/progra~2/gnutoo~1/82019-~1/bin/../lib/gcc/arm-none-eabi/8.3.1/thumb/v7-m/nofp/crtbegin.o
 *(.text*)
 .text.HAL_Init
                0x08000224       0x2c CMakeFiles/CS301ProjectClock.elf.dir/Drivers/STM32F1xx_HAL_Driver/Src/stm32f1xx_hal.c.obj
                0x08000224                HAL_Init
 .text.HAL_InitTick
                0x08000250       0x60 CMakeFiles/CS301ProjectClock.elf.dir/Drivers/STM32F1xx_HAL_Driver/Src/stm32f1xx_hal.c.obj
                0x08000250                HAL_InitTick
 .text.HAL_IncTick
                0x080002b0       0x24 CMakeFiles/CS301ProjectClock.elf.dir/Drivers/STM32F1xx_HAL_Driver/Src/stm32f1xx_hal.c.obj
                0x080002b0                HAL_IncTick
 .text.HAL_GetTick
                0x080002d4       0x14 CMakeFiles/CS301ProjectClock.elf.dir/Drivers/STM32F1xx_HAL_Driver/Src/stm32f1xx_hal.c.obj
                0x080002d4                HAL_GetTick
 .text.__NVIC_SetPriorityGrouping
                0x080002e8       0x48 CMakeFiles/CS301ProjectClock.elf.dir/Drivers/STM32F1xx_HAL_Driver/Src/stm32f1xx_hal_cortex.c.obj
 .text.__NVIC_GetPriorityGrouping
                0x08000330       0x1c CMakeFiles/CS301ProjectClock.elf.dir/Drivers/STM32F1xx_HAL_Driver/Src/stm32f1xx_hal_cortex.c.obj
 .text.__NVIC_EnableIRQ
                0x0800034c       0x38 CMakeFiles/CS301ProjectClock.elf.dir/Drivers/STM32F1xx_HAL_Driver/Src/stm32f1xx_hal_cortex.c.obj
 .text.__NVIC_SetPriority
                0x08000384       0x54 CMakeFiles/CS301ProjectClock.elf.dir/Drivers/STM32F1xx_HAL_Driver/Src/stm32f1xx_hal_cortex.c.obj
 .text.NVIC_EncodePriority
                0x080003d8       0x64 CMakeFiles/CS301ProjectClock.elf.dir/Drivers/STM32F1xx_HAL_Driver/Src/stm32f1xx_hal_cortex.c.obj
 .text.SysTick_Config
                0x0800043c       0x44 CMakeFiles/CS301ProjectClock.elf.dir/Drivers/STM32F1xx_HAL_Driver/Src/stm32f1xx_hal_cortex.c.obj
 .text.HAL_NVIC_SetPriorityGrouping
                0x08000480       0x16 CMakeFiles/CS301ProjectClock.elf.dir/Drivers/STM32F1xx_HAL_Driver/Src/stm32f1xx_hal_cortex.c.obj
                0x08000480                HAL_NVIC_SetPriorityGrouping
 .text.HAL_NVIC_SetPriority
                0x08000496       0x38 CMakeFiles/CS301ProjectClock.elf.dir/Drivers/STM32F1xx_HAL_Driver/Src/stm32f1xx_hal_cortex.c.obj
                0x08000496                HAL_NVIC_SetPriority
 .text.HAL_NVIC_EnableIRQ
                0x080004ce       0x1c CMakeFiles/CS301ProjectClock.elf.dir/Drivers/STM32F1xx_HAL_Driver/Src/stm32f1xx_hal_cortex.c.obj
                0x080004ce                HAL_NVIC_EnableIRQ
 .text.HAL_SYSTICK_Config
                0x080004ea       0x18 CMakeFiles/CS301ProjectClock.elf.dir/Drivers/STM32F1xx_HAL_Driver/Src/stm32f1xx_hal_cortex.c.obj
                0x080004ea                HAL_SYSTICK_Config
 *fill*         0x08000502        0x2 
 .text.HAL_DMA_Abort_IT
                0x08000504      0x210 CMakeFiles/CS301ProjectClock.elf.dir/Drivers/STM32F1xx_HAL_Driver/Src/stm32f1xx_hal_dma.c.obj
                0x08000504                HAL_DMA_Abort_IT
 .text.HAL_GPIO_Init
                0x08000714      0x2d4 CMakeFiles/CS301ProjectClock.elf.dir/Drivers/STM32F1xx_HAL_Driver/Src/stm32f1xx_hal_gpio.c.obj
                0x08000714                HAL_GPIO_Init
 .text.HAL_GPIO_WritePin
                0x080009e8       0x30 CMakeFiles/CS301ProjectClock.elf.dir/Drivers/STM32F1xx_HAL_Driver/Src/stm32f1xx_hal_gpio.c.obj
                0x080009e8                HAL_GPIO_WritePin
 .text.HAL_GPIO_EXTI_IRQHandler
                0x08000a18       0x30 CMakeFiles/CS301ProjectClock.elf.dir/Drivers/STM32F1xx_HAL_Driver/Src/stm32f1xx_hal_gpio.c.obj
                0x08000a18                HAL_GPIO_EXTI_IRQHandler
 .text.HAL_GPIO_EXTI_Callback
                0x08000a48       0x14 CMakeFiles/CS301ProjectClock.elf.dir/Drivers/STM32F1xx_HAL_Driver/Src/stm32f1xx_hal_gpio.c.obj
                0x08000a48                HAL_GPIO_EXTI_Callback
 .text.HAL_RCC_OscConfig
                0x08000a5c      0x500 CMakeFiles/CS301ProjectClock.elf.dir/Drivers/STM32F1xx_HAL_Driver/Src/stm32f1xx_hal_rcc.c.obj
                0x08000a5c                HAL_RCC_OscConfig
 .text.HAL_RCC_ClockConfig
                0x08000f5c      0x1d4 CMakeFiles/CS301ProjectClock.elf.dir/Drivers/STM32F1xx_HAL_Driver/Src/stm32f1xx_hal_rcc.c.obj
                0x08000f5c                HAL_RCC_ClockConfig
 .text.HAL_RCC_GetSysClockFreq
                0x08001130       0xc4 CMakeFiles/CS301ProjectClock.elf.dir/Drivers/STM32F1xx_HAL_Driver/Src/stm32f1xx_hal_rcc.c.obj
                0x08001130                HAL_RCC_GetSysClockFreq
 .text.HAL_RCC_GetHCLKFreq
                0x080011f4       0x14 CMakeFiles/CS301ProjectClock.elf.dir/Drivers/STM32F1xx_HAL_Driver/Src/stm32f1xx_hal_rcc.c.obj
                0x080011f4                HAL_RCC_GetHCLKFreq
 .text.HAL_RCC_GetPCLK1Freq
                0x08001208       0x28 CMakeFiles/CS301ProjectClock.elf.dir/Drivers/STM32F1xx_HAL_Driver/Src/stm32f1xx_hal_rcc.c.obj
                0x08001208                HAL_RCC_GetPCLK1Freq
 .text.HAL_RCC_GetPCLK2Freq
                0x08001230       0x28 CMakeFiles/CS301ProjectClock.elf.dir/Drivers/STM32F1xx_HAL_Driver/Src/stm32f1xx_hal_rcc.c.obj
                0x08001230                HAL_RCC_GetPCLK2Freq
 .text.RCC_Delay
                0x08001258       0x3c CMakeFiles/CS301ProjectClock.elf.dir/Drivers/STM32F1xx_HAL_Driver/Src/stm32f1xx_hal_rcc.c.obj
 .text.HAL_UART_Init
                0x08001294       0x9a CMakeFiles/CS301ProjectClock.elf.dir/Drivers/STM32F1xx_HAL_Driver/Src/stm32f1xx_hal_uart.c.obj
                0x08001294                HAL_UART_Init
 .text.HAL_UART_Transmit
                0x0800132e      0x132 CMakeFiles/CS301ProjectClock.elf.dir/Drivers/STM32F1xx_HAL_Driver/Src/stm32f1xx_hal_uart.c.obj
                0x0800132e                HAL_UART_Transmit
 .text.HAL_UART_Receive_IT
                0x08001460       0xa8 CMakeFiles/CS301ProjectClock.elf.dir/Drivers/STM32F1xx_HAL_Driver/Src/stm32f1xx_hal_uart.c.obj
                0x08001460                HAL_UART_Receive_IT
 .text.HAL_UART_IRQHandler
                0x08001508      0x1f8 CMakeFiles/CS301ProjectClock.elf.dir/Drivers/STM32F1xx_HAL_Driver/Src/stm32f1xx_hal_uart.c.obj
                0x08001508                HAL_UART_IRQHandler
 .text.HAL_UART_TxCpltCallback
                0x08001700       0x12 CMakeFiles/CS301ProjectClock.elf.dir/Drivers/STM32F1xx_HAL_Driver/Src/stm32f1xx_hal_uart.c.obj
                0x08001700                HAL_UART_TxCpltCallback
 .text.HAL_UART_ErrorCallback
                0x08001712       0x12 CMakeFiles/CS301ProjectClock.elf.dir/Drivers/STM32F1xx_HAL_Driver/Src/stm32f1xx_hal_uart.c.obj
                0x08001712                HAL_UART_ErrorCallback
 .text.UART_WaitOnFlagUntilTimeout
                0x08001724       0x94 CMakeFiles/CS301ProjectClock.elf.dir/Drivers/STM32F1xx_HAL_Driver/Src/stm32f1xx_hal_uart.c.obj
 .text.UART_EndRxTransfer
                0x080017b8       0x3a CMakeFiles/CS301ProjectClock.elf.dir/Drivers/STM32F1xx_HAL_Driver/Src/stm32f1xx_hal_uart.c.obj
 .text.UART_DMAAbortOnError
                0x080017f2       0x28 CMakeFiles/CS301ProjectClock.elf.dir/Drivers/STM32F1xx_HAL_Driver/Src/stm32f1xx_hal_uart.c.obj
 .text.UART_Transmit_IT
                0x0800181a       0xaa CMakeFiles/CS301ProjectClock.elf.dir/Drivers/STM32F1xx_HAL_Driver/Src/stm32f1xx_hal_uart.c.obj
 .text.UART_EndTransmit_IT
                0x080018c4       0x30 CMakeFiles/CS301ProjectClock.elf.dir/Drivers/STM32F1xx_HAL_Driver/Src/stm32f1xx_hal_uart.c.obj
 .text.UART_Receive_IT
                0x080018f4      0x102 CMakeFiles/CS301ProjectClock.elf.dir/Drivers/STM32F1xx_HAL_Driver/Src/stm32f1xx_hal_uart.c.obj
 *fill*         0x080019f6        0x2 
 .text.UART_SetConfig
                0x080019f8      0x1b4 CMakeFiles/CS301ProjectClock.elf.dir/Drivers/STM32F1xx_HAL_Driver/Src/stm32f1xx_hal_uart.c.obj
 .text.MX_GPIO_Init
                0x08001bac      0x148 CMakeFiles/CS301ProjectClock.elf.dir/Src/gpio.c.obj
                0x08001bac                MX_GPIO_Init
 .text.main     0x08001cf4       0x28 CMakeFiles/CS301ProjectClock.elf.dir/Src/main.c.obj
                0x08001cf4                main
 .text.SystemClock_Config
                0x08001d1c       0x8a CMakeFiles/CS301ProjectClock.elf.dir/Src/main.c.obj
                0x08001d1c                SystemClock_Config
 *fill*         0x08001da6        0x2 
 .text.HAL_UART_RxCpltCallback
                0x08001da8       0x74 CMakeFiles/CS301ProjectClock.elf.dir/Src/main.c.obj
                0x08001da8                HAL_UART_RxCpltCallback
 .text.Error_Handler
                0x08001e1c        0xc CMakeFiles/CS301ProjectClock.elf.dir/Src/main.c.obj
                0x08001e1c                Error_Handler
 .text.HAL_MspInit
                0x08001e28       0x64 CMakeFiles/CS301ProjectClock.elf.dir/Src/stm32f1xx_hal_msp.c.obj
                0x08001e28                HAL_MspInit
 .text.NMI_Handler
                0x08001e8c        0xc CMakeFiles/CS301ProjectClock.elf.dir/Src/stm32f1xx_it.c.obj
                0x08001e8c                NMI_Handler
 .text.HardFault_Handler
                0x08001e98        0x6 CMakeFiles/CS301ProjectClock.elf.dir/Src/stm32f1xx_it.c.obj
                0x08001e98                HardFault_Handler
 .text.MemManage_Handler
                0x08001e9e        0x6 CMakeFiles/CS301ProjectClock.elf.dir/Src/stm32f1xx_it.c.obj
                0x08001e9e                MemManage_Handler
 .text.BusFault_Handler
                0x08001ea4        0x6 CMakeFiles/CS301ProjectClock.elf.dir/Src/stm32f1xx_it.c.obj
                0x08001ea4                BusFault_Handler
 .text.UsageFault_Handler
                0x08001eaa        0x6 CMakeFiles/CS301ProjectClock.elf.dir/Src/stm32f1xx_it.c.obj
                0x08001eaa                UsageFault_Handler
 .text.SVC_Handler
                0x08001eb0        0xc CMakeFiles/CS301ProjectClock.elf.dir/Src/stm32f1xx_it.c.obj
                0x08001eb0                SVC_Handler
 .text.DebugMon_Handler
                0x08001ebc        0xc CMakeFiles/CS301ProjectClock.elf.dir/Src/stm32f1xx_it.c.obj
                0x08001ebc                DebugMon_Handler
 .text.PendSV_Handler
                0x08001ec8        0xc CMakeFiles/CS301ProjectClock.elf.dir/Src/stm32f1xx_it.c.obj
                0x08001ec8                PendSV_Handler
 .text.SysTick_Handler
                0x08001ed4        0xc CMakeFiles/CS301ProjectClock.elf.dir/Src/stm32f1xx_it.c.obj
                0x08001ed4                SysTick_Handler
 .text.EXTI0_IRQHandler
                0x08001ee0        0xe CMakeFiles/CS301ProjectClock.elf.dir/Src/stm32f1xx_it.c.obj
                0x08001ee0                EXTI0_IRQHandler
 .text.EXTI9_5_IRQHandler
                0x08001eee        0xe CMakeFiles/CS301ProjectClock.elf.dir/Src/stm32f1xx_it.c.obj
                0x08001eee                EXTI9_5_IRQHandler
 .text.USART1_IRQHandler
                0x08001efc       0x14 CMakeFiles/CS301ProjectClock.elf.dir/Src/stm32f1xx_it.c.obj
                0x08001efc                USART1_IRQHandler
 .text.EXTI15_10_IRQHandler
                0x08001f10       0x10 CMakeFiles/CS301ProjectClock.elf.dir/Src/stm32f1xx_it.c.obj
                0x08001f10                EXTI15_10_IRQHandler
 .text.SystemInit
                0x08001f20       0x68 CMakeFiles/CS301ProjectClock.elf.dir/Src/system_stm32f1xx.c.obj
                0x08001f20                SystemInit
 .text.MX_USART1_UART_Init
                0x08001f88       0x54 CMakeFiles/CS301ProjectClock.elf.dir/Src/usart.c.obj
                0x08001f88                MX_USART1_UART_Init
 .text.HAL_UART_MspInit
                0x08001fdc       0xa8 CMakeFiles/CS301ProjectClock.elf.dir/Src/usart.c.obj
                0x08001fdc                HAL_UART_MspInit
 .text.Reset_Handler
                0x08002084       0x48 CMakeFiles/CS301ProjectClock.elf.dir/startup/startup_stm32f103xe.s.obj
                0x08002084                Reset_Handler
 .text.Default_Handler
                0x080020cc        0x2 CMakeFiles/CS301ProjectClock.elf.dir/startup/startup_stm32f103xe.s.obj
                0x080020cc                RTC_Alarm_IRQHandler
                0x080020cc                EXTI2_IRQHandler
                0x080020cc                TIM8_TRG_COM_IRQHandler
                0x080020cc                TIM8_CC_IRQHandler
                0x080020cc                TIM1_CC_IRQHandler
                0x080020cc                TIM6_IRQHandler
                0x080020cc                PVD_IRQHandler
                0x080020cc                SDIO_IRQHandler
                0x080020cc                EXTI3_IRQHandler
                0x080020cc                I2C2_EV_IRQHandler
                0x080020cc                ADC1_2_IRQHandler
                0x080020cc                SPI1_IRQHandler
                0x080020cc                TAMPER_IRQHandler
                0x080020cc                TIM8_UP_IRQHandler
                0x080020cc                DMA2_Channel2_IRQHandler
                0x080020cc                DMA1_Channel4_IRQHandler
                0x080020cc                USART3_IRQHandler
                0x080020cc                RTC_IRQHandler
                0x080020cc                DMA1_Channel7_IRQHandler
                0x080020cc                CAN1_RX1_IRQHandler
                0x080020cc                UART5_IRQHandler
                0x080020cc                ADC3_IRQHandler
                0x080020cc                TIM4_IRQHandler
                0x080020cc                DMA2_Channel1_IRQHandler
                0x080020cc                I2C1_EV_IRQHandler
                0x080020cc                DMA1_Channel6_IRQHandler
                0x080020cc                UART4_IRQHandler
                0x080020cc                TIM3_IRQHandler
                0x080020cc                RCC_IRQHandler
                0x080020cc                TIM1_TRG_COM_IRQHandler
                0x080020cc                DMA1_Channel1_IRQHandler
                0x080020cc                Default_Handler
                0x080020cc                TIM7_IRQHandler
                0x080020cc                TIM5_IRQHandler
                0x080020cc                SPI2_IRQHandler
                0x080020cc                DMA1_Channel5_IRQHandler
                0x080020cc                EXTI4_IRQHandler
                0x080020cc                USB_LP_CAN1_RX0_IRQHandler
                0x080020cc                USB_HP_CAN1_TX_IRQHandler
                0x080020cc                DMA1_Channel3_IRQHandler
                0x080020cc                FSMC_IRQHandler
                0x080020cc                TIM1_UP_IRQHandler
                0x080020cc                WWDG_IRQHandler
                0x080020cc                TIM2_IRQHandler
                0x080020cc                TIM1_BRK_IRQHandler
                0x080020cc                EXTI1_IRQHandler
                0x080020cc                DMA2_Channel4_5_IRQHandler
                0x080020cc                USART2_IRQHandler
                0x080020cc                I2C2_ER_IRQHandler
                0x080020cc                DMA1_Channel2_IRQHandler
                0x080020cc                TIM8_BRK_IRQHandler
                0x080020cc                CAN1_SCE_IRQHandler
                0x080020cc                FLASH_IRQHandler
                0x080020cc                SPI3_IRQHandler
                0x080020cc                I2C1_ER_IRQHandler
                0x080020cc                USBWakeUp_IRQHandler
                0x080020cc                DMA2_Channel3_IRQHandler
 *fill*         0x080020ce        0x2 
 .text.__libc_init_array
                0x080020d0       0x48 c:/progra~2/gnutoo~1/82019-~1/bin/../lib/gcc/arm-none-eabi/8.3.1/../../../../arm-none-eabi/lib/thumb/v7-m/nofp\libg_nano.a(lib_a-init.o)
                0x080020d0                __libc_init_array
 .text.memset   0x08002118       0x10 c:/progra~2/gnutoo~1/82019-~1/bin/../lib/gcc/arm-none-eabi/8.3.1/../../../../arm-none-eabi/lib/thumb/v7-m/nofp\libg_nano.a(lib_a-memset.o)
                0x08002118                memset
 *(.glue_7)
 .glue_7        0x08002128        0x0 linker stubs
 *(.glue_7t)
 .glue_7t       0x08002128        0x0 linker stubs
 *(.eh_frame)
 .eh_frame      0x08002128        0x0 c:/progra~2/gnutoo~1/82019-~1/bin/../lib/gcc/arm-none-eabi/8.3.1/thumb/v7-m/nofp/crtbegin.o
 *(.init)
 .init          0x08002128        0x4 c:/progra~2/gnutoo~1/82019-~1/bin/../lib/gcc/arm-none-eabi/8.3.1/thumb/v7-m/nofp/crti.o
                0x08002128                _init
 .init          0x0800212c        0x8 c:/progra~2/gnutoo~1/82019-~1/bin/../lib/gcc/arm-none-eabi/8.3.1/thumb/v7-m/nofp/crtn.o
 *(.fini)
 .fini          0x08002134        0x4 c:/progra~2/gnutoo~1/82019-~1/bin/../lib/gcc/arm-none-eabi/8.3.1/thumb/v7-m/nofp/crti.o
                0x08002134                _fini
 .fini          0x08002138        0x8 c:/progra~2/gnutoo~1/82019-~1/bin/../lib/gcc/arm-none-eabi/8.3.1/thumb/v7-m/nofp/crtn.o
                0x08002140                . = ALIGN (0x4)
                0x08002140                _etext = .

.vfp11_veneer   0x08002140        0x0
 .vfp11_veneer  0x08002140        0x0 linker stubs

.v4_bx          0x08002140        0x0
 .v4_bx         0x08002140        0x0 linker stubs

.iplt           0x08002140        0x0
 .iplt          0x08002140        0x0 c:/progra~2/gnutoo~1/82019-~1/bin/../lib/gcc/arm-none-eabi/8.3.1/thumb/v7-m/nofp/crtbegin.o

.rodata         0x08002140       0x2c
                0x08002140                . = ALIGN (0x4)
 *(.rodata)
 .rodata        0x08002140       0x12 CMakeFiles/CS301ProjectClock.elf.dir/Drivers/STM32F1xx_HAL_Driver/Src/stm32f1xx_hal_rcc.c.obj
 *(.rodata*)
 *fill*         0x08002152        0x2 
 .rodata.AHBPrescTable
                0x08002154       0x10 CMakeFiles/CS301ProjectClock.elf.dir/Src/system_stm32f1xx.c.obj
                0x08002154                AHBPrescTable
 .rodata.APBPrescTable
                0x08002164        0x8 CMakeFiles/CS301ProjectClock.elf.dir/Src/system_stm32f1xx.c.obj
                0x08002164                APBPrescTable
                0x0800216c                . = ALIGN (0x4)

.rel.dyn        0x0800216c        0x0
 .rel.iplt      0x0800216c        0x0 c:/progra~2/gnutoo~1/82019-~1/bin/../lib/gcc/arm-none-eabi/8.3.1/thumb/v7-m/nofp/crtbegin.o

.ARM.extab
 *(.ARM.extab* .gnu.linkonce.armextab.*)

.ARM            0x0800216c        0x0
                0x0800216c                __exidx_start = .
 *(.ARM.exidx*)
                0x0800216c                __exidx_end = .

.preinit_array  0x0800216c        0x0
                0x0800216c                PROVIDE (__preinit_array_start = .)
 *(.preinit_array*)
                0x0800216c                PROVIDE (__preinit_array_end = .)

.init_array     0x0800216c        0x4
                0x0800216c                PROVIDE (__init_array_start = .)
 *(SORT_BY_NAME(.init_array.*))
 *(.init_array*)
 .init_array    0x0800216c        0x4 c:/progra~2/gnutoo~1/82019-~1/bin/../lib/gcc/arm-none-eabi/8.3.1/thumb/v7-m/nofp/crtbegin.o
                0x08002170                PROVIDE (__init_array_end = .)

.fini_array     0x08002170        0x4
                [!provide]                PROVIDE (__fini_array_start = .)
 *(SORT_BY_NAME(.fini_array.*))
 *(.fini_array*)
 .fini_array    0x08002170        0x4 c:/progra~2/gnutoo~1/82019-~1/bin/../lib/gcc/arm-none-eabi/8.3.1/thumb/v7-m/nofp/crtbegin.o
                [!provide]                PROVIDE (__fini_array_end = .)
                0x08002174                _sidata = LOADADDR (.data)

.data           0x20000000        0xc load address 0x08002174
                0x20000000                . = ALIGN (0x4)
                0x20000000                _sdata = .
 *(.data)
 *(.data*)
 .data.uwTickPrio
                0x20000000        0x4 CMakeFiles/CS301ProjectClock.elf.dir/Drivers/STM32F1xx_HAL_Driver/Src/stm32f1xx_hal.c.obj
                0x20000000                uwTickPrio
 .data.uwTickFreq
                0x20000004        0x1 CMakeFiles/CS301ProjectClock.elf.dir/Drivers/STM32F1xx_HAL_Driver/Src/stm32f1xx_hal.c.obj
                0x20000004                uwTickFreq
 *fill*         0x20000005        0x3 
 .data.SystemCoreClock
                0x20000008        0x4 CMakeFiles/CS301ProjectClock.elf.dir/Src/system_stm32f1xx.c.obj
                0x20000008                SystemCoreClock
                0x2000000c                . = ALIGN (0x4)
                0x2000000c                _edata = .

.igot.plt       0x2000000c        0x0 load address 0x08002180
 .igot.plt      0x2000000c        0x0 c:/progra~2/gnutoo~1/82019-~1/bin/../lib/gcc/arm-none-eabi/8.3.1/thumb/v7-m/nofp/crtbegin.o
                0x2000000c                . = ALIGN (0x4)

.bss            0x2000000c      0x4c8 load address 0x08002180
                0x2000000c                _sbss = .
                0x2000000c                __bss_start__ = _sbss
 *(.bss)
 .bss           0x2000000c       0x1c c:/progra~2/gnutoo~1/82019-~1/bin/../lib/gcc/arm-none-eabi/8.3.1/thumb/v7-m/nofp/crtbegin.o
 *(.bss*)
 .bss.uwTick    0x20000028        0x4 CMakeFiles/CS301ProjectClock.elf.dir/Drivers/STM32F1xx_HAL_Driver/Src/stm32f1xx_hal.c.obj
                0x20000028                uwTick
 .bss.rxBuffer  0x2000002c       0x64 CMakeFiles/CS301ProjectClock.elf.dir/Src/main.c.obj
                0x2000002c                rxBuffer
 .bss.uLength.5739
                0x20000090        0x1 CMakeFiles/CS301ProjectClock.elf.dir/Src/main.c.obj
 *fill*         0x20000091        0x3 
 .bss.uRx_Data.5738
                0x20000094      0x400 CMakeFiles/CS301ProjectClock.elf.dir/Src/main.c.obj
 .bss.huart1    0x20000494       0x40 CMakeFiles/CS301ProjectClock.elf.dir/Src/usart.c.obj
                0x20000494                huart1
 *(COMMON)
                0x200004d4                . = ALIGN (0x4)
                0x200004d4                _ebss = .
                0x200004d4                __bss_end__ = _ebss

._user_heap_stack
                0x200004d4      0x604 load address 0x08002180
                0x200004d8                . = ALIGN (0x8)
 *fill*         0x200004d4        0x4 
                0x200004d8                PROVIDE (end = .)
                [!provide]                PROVIDE (_end = .)
                0x200006d8                . = (. + _Min_Heap_Size)
 *fill*         0x200004d8      0x200 
                0x20000ad8                . = (. + _Min_Stack_Size)
 *fill*         0x200006d8      0x400 
                0x20000ad8                . = ALIGN (0x8)

/DISCARD/
 libc.a(*)
 libm.a(*)
 libgcc.a(*)

.ARM.attributes
                0x00000000       0x29
 *(.ARM.attributes)
 .ARM.attributes
                0x00000000       0x1d c:/progra~2/gnutoo~1/82019-~1/bin/../lib/gcc/arm-none-eabi/8.3.1/thumb/v7-m/nofp/crti.o
 .ARM.attributes
                0x0000001d       0x2d c:/progra~2/gnutoo~1/82019-~1/bin/../lib/gcc/arm-none-eabi/8.3.1/thumb/v7-m/nofp/crtbegin.o
 .ARM.attributes
                0x0000004a       0x2d CMakeFiles/CS301ProjectClock.elf.dir/Drivers/STM32F1xx_HAL_Driver/Src/stm32f1xx_hal.c.obj
 .ARM.attributes
                0x00000077       0x2d CMakeFiles/CS301ProjectClock.elf.dir/Drivers/STM32F1xx_HAL_Driver/Src/stm32f1xx_hal_cortex.c.obj
 .ARM.attributes
                0x000000a4       0x2d CMakeFiles/CS301ProjectClock.elf.dir/Drivers/STM32F1xx_HAL_Driver/Src/stm32f1xx_hal_dma.c.obj
 .ARM.attributes
                0x000000d1       0x2d CMakeFiles/CS301ProjectClock.elf.dir/Drivers/STM32F1xx_HAL_Driver/Src/stm32f1xx_hal_gpio.c.obj
 .ARM.attributes
                0x000000fe       0x2d CMakeFiles/CS301ProjectClock.elf.dir/Drivers/STM32F1xx_HAL_Driver/Src/stm32f1xx_hal_rcc.c.obj
 .ARM.attributes
                0x0000012b       0x2d CMakeFiles/CS301ProjectClock.elf.dir/Drivers/STM32F1xx_HAL_Driver/Src/stm32f1xx_hal_uart.c.obj
 .ARM.attributes
                0x00000158       0x2d CMakeFiles/CS301ProjectClock.elf.dir/Src/gpio.c.obj
 .ARM.attributes
                0x00000185       0x2d CMakeFiles/CS301ProjectClock.elf.dir/Src/main.c.obj
 .ARM.attributes
                0x000001b2       0x2d CMakeFiles/CS301ProjectClock.elf.dir/Src/stm32f1xx_hal_msp.c.obj
 .ARM.attributes
                0x000001df       0x2d CMakeFiles/CS301ProjectClock.elf.dir/Src/stm32f1xx_it.c.obj
 .ARM.attributes
                0x0000020c       0x2d CMakeFiles/CS301ProjectClock.elf.dir/Src/system_stm32f1xx.c.obj
 .ARM.attributes
                0x00000239       0x2d CMakeFiles/CS301ProjectClock.elf.dir/Src/usart.c.obj
 .ARM.attributes
                0x00000266       0x21 CMakeFiles/CS301ProjectClock.elf.dir/startup/startup_stm32f103xe.s.obj
 .ARM.attributes
                0x00000287       0x2d c:/progra~2/gnutoo~1/82019-~1/bin/../lib/gcc/arm-none-eabi/8.3.1/../../../../arm-none-eabi/lib/thumb/v7-m/nofp\libg_nano.a(lib_a-init.o)
 .ARM.attributes
                0x000002b4       0x2d c:/progra~2/gnutoo~1/82019-~1/bin/../lib/gcc/arm-none-eabi/8.3.1/../../../../arm-none-eabi/lib/thumb/v7-m/nofp\libg_nano.a(lib_a-memset.o)
 .ARM.attributes
                0x000002e1       0x1d c:/progra~2/gnutoo~1/82019-~1/bin/../lib/gcc/arm-none-eabi/8.3.1/thumb/v7-m/nofp/crtn.o
OUTPUT(CS301ProjectClock.elf elf32-littlearm)

.debug_info     0x00000000     0x6320
 .debug_info    0x00000000      0x7ad CMakeFiles/CS301ProjectClock.elf.dir/Drivers/STM32F1xx_HAL_Driver/Src/stm32f1xx_hal.c.obj
 .debug_info    0x000007ad      0xc2b CMakeFiles/CS301ProjectClock.elf.dir/Drivers/STM32F1xx_HAL_Driver/Src/stm32f1xx_hal_cortex.c.obj
 .debug_info    0x000013d8      0x807 CMakeFiles/CS301ProjectClock.elf.dir/Drivers/STM32F1xx_HAL_Driver/Src/stm32f1xx_hal_dma.c.obj
 .debug_info    0x00001bdf      0x6da CMakeFiles/CS301ProjectClock.elf.dir/Drivers/STM32F1xx_HAL_Driver/Src/stm32f1xx_hal_gpio.c.obj
 .debug_info    0x000022b9      0x877 CMakeFiles/CS301ProjectClock.elf.dir/Drivers/STM32F1xx_HAL_Driver/Src/stm32f1xx_hal_rcc.c.obj
 .debug_info    0x00002b30     0x12db CMakeFiles/CS301ProjectClock.elf.dir/Drivers/STM32F1xx_HAL_Driver/Src/stm32f1xx_hal_uart.c.obj
 .debug_info    0x00003e0b      0x525 CMakeFiles/CS301ProjectClock.elf.dir/Src/gpio.c.obj
 .debug_info    0x00004330      0x7fd CMakeFiles/CS301ProjectClock.elf.dir/Src/main.c.obj
 .debug_info    0x00004b2d      0x2e5 CMakeFiles/CS301ProjectClock.elf.dir/Src/stm32f1xx_hal_msp.c.obj
 .debug_info    0x00004e12      0x6c1 CMakeFiles/CS301ProjectClock.elf.dir/Src/stm32f1xx_it.c.obj
 .debug_info    0x000054d3      0x462 CMakeFiles/CS301ProjectClock.elf.dir/Src/system_stm32f1xx.c.obj
 .debug_info    0x00005935      0x9c9 CMakeFiles/CS301ProjectClock.elf.dir/Src/usart.c.obj
 .debug_info    0x000062fe       0x22 CMakeFiles/CS301ProjectClock.elf.dir/startup/startup_stm32f103xe.s.obj

.debug_abbrev   0x00000000     0x16a5
 .debug_abbrev  0x00000000      0x1fd CMakeFiles/CS301ProjectClock.elf.dir/Drivers/STM32F1xx_HAL_Driver/Src/stm32f1xx_hal.c.obj
 .debug_abbrev  0x000001fd      0x310 CMakeFiles/CS301ProjectClock.elf.dir/Drivers/STM32F1xx_HAL_Driver/Src/stm32f1xx_hal_cortex.c.obj
 .debug_abbrev  0x0000050d      0x225 CMakeFiles/CS301ProjectClock.elf.dir/Drivers/STM32F1xx_HAL_Driver/Src/stm32f1xx_hal_dma.c.obj
 .debug_abbrev  0x00000732      0x1e5 CMakeFiles/CS301ProjectClock.elf.dir/Drivers/STM32F1xx_HAL_Driver/Src/stm32f1xx_hal_gpio.c.obj
 .debug_abbrev  0x00000917      0x270 CMakeFiles/CS301ProjectClock.elf.dir/Drivers/STM32F1xx_HAL_Driver/Src/stm32f1xx_hal_rcc.c.obj
 .debug_abbrev  0x00000b87      0x26d CMakeFiles/CS301ProjectClock.elf.dir/Drivers/STM32F1xx_HAL_Driver/Src/stm32f1xx_hal_uart.c.obj
 .debug_abbrev  0x00000df4      0x154 CMakeFiles/CS301ProjectClock.elf.dir/Src/gpio.c.obj
 .debug_abbrev  0x00000f48      0x1c5 CMakeFiles/CS301ProjectClock.elf.dir/Src/main.c.obj
 .debug_abbrev  0x0000110d      0x11a CMakeFiles/CS301ProjectClock.elf.dir/Src/stm32f1xx_hal_msp.c.obj
 .debug_abbrev  0x00001227      0x160 CMakeFiles/CS301ProjectClock.elf.dir/Src/stm32f1xx_it.c.obj
 .debug_abbrev  0x00001387      0x14b CMakeFiles/CS301ProjectClock.elf.dir/Src/system_stm32f1xx.c.obj
 .debug_abbrev  0x000014d2      0x1c1 CMakeFiles/CS301ProjectClock.elf.dir/Src/usart.c.obj
 .debug_abbrev  0x00001693       0x12 CMakeFiles/CS301ProjectClock.elf.dir/startup/startup_stm32f103xe.s.obj

.debug_aranges  0x00000000      0x690
 .debug_aranges
                0x00000000       0xe0 CMakeFiles/CS301ProjectClock.elf.dir/Drivers/STM32F1xx_HAL_Driver/Src/stm32f1xx_hal.c.obj
 .debug_aranges
                0x000000e0      0x100 CMakeFiles/CS301ProjectClock.elf.dir/Drivers/STM32F1xx_HAL_Driver/Src/stm32f1xx_hal_cortex.c.obj
 .debug_aranges
                0x000001e0       0x80 CMakeFiles/CS301ProjectClock.elf.dir/Drivers/STM32F1xx_HAL_Driver/Src/stm32f1xx_hal_dma.c.obj
 .debug_aranges
                0x00000260       0x58 CMakeFiles/CS301ProjectClock.elf.dir/Drivers/STM32F1xx_HAL_Driver/Src/stm32f1xx_hal_gpio.c.obj
 .debug_aranges
                0x000002b8       0x90 CMakeFiles/CS301ProjectClock.elf.dir/Drivers/STM32F1xx_HAL_Driver/Src/stm32f1xx_hal_rcc.c.obj
 .debug_aranges
                0x00000348      0x1d0 CMakeFiles/CS301ProjectClock.elf.dir/Drivers/STM32F1xx_HAL_Driver/Src/stm32f1xx_hal_uart.c.obj
 .debug_aranges
                0x00000518       0x20 CMakeFiles/CS301ProjectClock.elf.dir/Src/gpio.c.obj
 .debug_aranges
                0x00000538       0x38 CMakeFiles/CS301ProjectClock.elf.dir/Src/main.c.obj
 .debug_aranges
                0x00000570       0x20 CMakeFiles/CS301ProjectClock.elf.dir/Src/stm32f1xx_hal_msp.c.obj
 .debug_aranges
                0x00000590       0x80 CMakeFiles/CS301ProjectClock.elf.dir/Src/stm32f1xx_it.c.obj
 .debug_aranges
                0x00000610       0x28 CMakeFiles/CS301ProjectClock.elf.dir/Src/system_stm32f1xx.c.obj
 .debug_aranges
                0x00000638       0x30 CMakeFiles/CS301ProjectClock.elf.dir/Src/usart.c.obj
 .debug_aranges
                0x00000668       0x28 CMakeFiles/CS301ProjectClock.elf.dir/startup/startup_stm32f103xe.s.obj

.debug_ranges   0x00000000      0x5c8
 .debug_ranges  0x00000000       0xd0 CMakeFiles/CS301ProjectClock.elf.dir/Drivers/STM32F1xx_HAL_Driver/Src/stm32f1xx_hal.c.obj
 .debug_ranges  0x000000d0       0xf0 CMakeFiles/CS301ProjectClock.elf.dir/Drivers/STM32F1xx_HAL_Driver/Src/stm32f1xx_hal_cortex.c.obj
 .debug_ranges  0x000001c0       0x70 CMakeFiles/CS301ProjectClock.elf.dir/Drivers/STM32F1xx_HAL_Driver/Src/stm32f1xx_hal_dma.c.obj
 .debug_ranges  0x00000230       0x48 CMakeFiles/CS301ProjectClock.elf.dir/Drivers/STM32F1xx_HAL_Driver/Src/stm32f1xx_hal_gpio.c.obj
 .debug_ranges  0x00000278       0x80 CMakeFiles/CS301ProjectClock.elf.dir/Drivers/STM32F1xx_HAL_Driver/Src/stm32f1xx_hal_rcc.c.obj
 .debug_ranges  0x000002f8      0x1c0 CMakeFiles/CS301ProjectClock.elf.dir/Drivers/STM32F1xx_HAL_Driver/Src/stm32f1xx_hal_uart.c.obj
 .debug_ranges  0x000004b8       0x10 CMakeFiles/CS301ProjectClock.elf.dir/Src/gpio.c.obj
 .debug_ranges  0x000004c8       0x28 CMakeFiles/CS301ProjectClock.elf.dir/Src/main.c.obj
 .debug_ranges  0x000004f0       0x10 CMakeFiles/CS301ProjectClock.elf.dir/Src/stm32f1xx_hal_msp.c.obj
 .debug_ranges  0x00000500       0x70 CMakeFiles/CS301ProjectClock.elf.dir/Src/stm32f1xx_it.c.obj
 .debug_ranges  0x00000570       0x18 CMakeFiles/CS301ProjectClock.elf.dir/Src/system_stm32f1xx.c.obj
 .debug_ranges  0x00000588       0x20 CMakeFiles/CS301ProjectClock.elf.dir/Src/usart.c.obj
 .debug_ranges  0x000005a8       0x20 CMakeFiles/CS301ProjectClock.elf.dir/startup/startup_stm32f103xe.s.obj

.debug_line     0x00000000     0x51fc
 .debug_line    0x00000000      0x53a CMakeFiles/CS301ProjectClock.elf.dir/Drivers/STM32F1xx_HAL_Driver/Src/stm32f1xx_hal.c.obj
 .debug_line    0x0000053a      0x714 CMakeFiles/CS301ProjectClock.elf.dir/Drivers/STM32F1xx_HAL_Driver/Src/stm32f1xx_hal_cortex.c.obj
 .debug_line    0x00000c4e      0xe90 CMakeFiles/CS301ProjectClock.elf.dir/Drivers/STM32F1xx_HAL_Driver/Src/stm32f1xx_hal_dma.c.obj
 .debug_line    0x00001ade      0x63b CMakeFiles/CS301ProjectClock.elf.dir/Drivers/STM32F1xx_HAL_Driver/Src/stm32f1xx_hal_gpio.c.obj
 .debug_line    0x00002119      0x9a6 CMakeFiles/CS301ProjectClock.elf.dir/Drivers/STM32F1xx_HAL_Driver/Src/stm32f1xx_hal_rcc.c.obj
 .debug_line    0x00002abf     0x1362 CMakeFiles/CS301ProjectClock.elf.dir/Drivers/STM32F1xx_HAL_Driver/Src/stm32f1xx_hal_uart.c.obj
 .debug_line    0x00003e21      0x2bc CMakeFiles/CS301ProjectClock.elf.dir/Src/gpio.c.obj
 .debug_line    0x000040dd      0x3b4 CMakeFiles/CS301ProjectClock.elf.dir/Src/main.c.obj
 .debug_line    0x00004491      0x270 CMakeFiles/CS301ProjectClock.elf.dir/Src/stm32f1xx_hal_msp.c.obj
 .debug_line    0x00004701      0x3bf CMakeFiles/CS301ProjectClock.elf.dir/Src/stm32f1xx_it.c.obj
 .debug_line    0x00004ac0      0x323 CMakeFiles/CS301ProjectClock.elf.dir/Src/system_stm32f1xx.c.obj
 .debug_line    0x00004de3      0x370 CMakeFiles/CS301ProjectClock.elf.dir/Src/usart.c.obj
 .debug_line    0x00005153       0xa9 CMakeFiles/CS301ProjectClock.elf.dir/startup/startup_stm32f103xe.s.obj

.debug_str      0x00000000     0x2120
 .debug_str     0x00000000      0x903 CMakeFiles/CS301ProjectClock.elf.dir/Drivers/STM32F1xx_HAL_Driver/Src/stm32f1xx_hal.c.obj
                                0x967 (size before relaxing)
 .debug_str     0x00000903      0x436 CMakeFiles/CS301ProjectClock.elf.dir/Drivers/STM32F1xx_HAL_Driver/Src/stm32f1xx_hal_cortex.c.obj
                                0xace (size before relaxing)
 .debug_str     0x00000d39      0x41c CMakeFiles/CS301ProjectClock.elf.dir/Drivers/STM32F1xx_HAL_Driver/Src/stm32f1xx_hal_dma.c.obj
                                0x72c (size before relaxing)
 .debug_str     0x00001155      0x1f6 CMakeFiles/CS301ProjectClock.elf.dir/Drivers/STM32F1xx_HAL_Driver/Src/stm32f1xx_hal_gpio.c.obj
                                0x53b (size before relaxing)
 .debug_str     0x0000134b      0x356 CMakeFiles/CS301ProjectClock.elf.dir/Drivers/STM32F1xx_HAL_Driver/Src/stm32f1xx_hal_rcc.c.obj
                                0x6f6 (size before relaxing)
 .debug_str     0x000016a1      0x715 CMakeFiles/CS301ProjectClock.elf.dir/Drivers/STM32F1xx_HAL_Driver/Src/stm32f1xx_hal_uart.c.obj
                                0xc3d (size before relaxing)
 .debug_str     0x00001db6       0x57 CMakeFiles/CS301ProjectClock.elf.dir/Src/gpio.c.obj
                                0x74c (size before relaxing)
 .debug_str     0x00001e0d       0x81 CMakeFiles/CS301ProjectClock.elf.dir/Src/main.c.obj
                                0x7fe (size before relaxing)
 .debug_str     0x00001e8e       0x47 CMakeFiles/CS301ProjectClock.elf.dir/Src/stm32f1xx_hal_msp.c.obj
                                0x355 (size before relaxing)
 .debug_str     0x00001ed5      0x11d CMakeFiles/CS301ProjectClock.elf.dir/Src/stm32f1xx_it.c.obj
                                0x74d (size before relaxing)
 .debug_str     0x00001ff2       0x79 CMakeFiles/CS301ProjectClock.elf.dir/Src/system_stm32f1xx.c.obj
                                0x3aa (size before relaxing)
 .debug_str     0x0000206b       0x5a CMakeFiles/CS301ProjectClock.elf.dir/Src/usart.c.obj
                                0xb16 (size before relaxing)
 .debug_str     0x000020c5       0x5b CMakeFiles/CS301ProjectClock.elf.dir/startup/startup_stm32f103xe.s.obj
                                 0x9c (size before relaxing)

.comment        0x00000000       0x76
 .comment       0x00000000       0x76 CMakeFiles/CS301ProjectClock.elf.dir/Drivers/STM32F1xx_HAL_Driver/Src/stm32f1xx_hal.c.obj
                                 0x77 (size before relaxing)
 .comment       0x00000076       0x77 CMakeFiles/CS301ProjectClock.elf.dir/Drivers/STM32F1xx_HAL_Driver/Src/stm32f1xx_hal_cortex.c.obj
 .comment       0x00000076       0x77 CMakeFiles/CS301ProjectClock.elf.dir/Drivers/STM32F1xx_HAL_Driver/Src/stm32f1xx_hal_dma.c.obj
 .comment       0x00000076       0x77 CMakeFiles/CS301ProjectClock.elf.dir/Drivers/STM32F1xx_HAL_Driver/Src/stm32f1xx_hal_gpio.c.obj
 .comment       0x00000076       0x77 CMakeFiles/CS301ProjectClock.elf.dir/Drivers/STM32F1xx_HAL_Driver/Src/stm32f1xx_hal_rcc.c.obj
 .comment       0x00000076       0x77 CMakeFiles/CS301ProjectClock.elf.dir/Drivers/STM32F1xx_HAL_Driver/Src/stm32f1xx_hal_uart.c.obj
 .comment       0x00000076       0x77 CMakeFiles/CS301ProjectClock.elf.dir/Src/gpio.c.obj
 .comment       0x00000076       0x77 CMakeFiles/CS301ProjectClock.elf.dir/Src/main.c.obj
 .comment       0x00000076       0x77 CMakeFiles/CS301ProjectClock.elf.dir/Src/stm32f1xx_hal_msp.c.obj
 .comment       0x00000076       0x77 CMakeFiles/CS301ProjectClock.elf.dir/Src/stm32f1xx_it.c.obj
 .comment       0x00000076       0x77 CMakeFiles/CS301ProjectClock.elf.dir/Src/system_stm32f1xx.c.obj
 .comment       0x00000076       0x77 CMakeFiles/CS301ProjectClock.elf.dir/Src/usart.c.obj

.debug_frame    0x00000000     0x1898
 .debug_frame   0x00000000      0x334 CMakeFiles/CS301ProjectClock.elf.dir/Drivers/STM32F1xx_HAL_Driver/Src/stm32f1xx_hal.c.obj
 .debug_frame   0x00000334      0x428 CMakeFiles/CS301ProjectClock.elf.dir/Drivers/STM32F1xx_HAL_Driver/Src/stm32f1xx_hal_cortex.c.obj
 .debug_frame   0x0000075c      0x20c CMakeFiles/CS301ProjectClock.elf.dir/Drivers/STM32F1xx_HAL_Driver/Src/stm32f1xx_hal_dma.c.obj
 .debug_frame   0x00000968      0x14c CMakeFiles/CS301ProjectClock.elf.dir/Drivers/STM32F1xx_HAL_Driver/Src/stm32f1xx_hal_gpio.c.obj
 .debug_frame   0x00000ab4      0x21c CMakeFiles/CS301ProjectClock.elf.dir/Drivers/STM32F1xx_HAL_Driver/Src/stm32f1xx_hal_rcc.c.obj
 .debug_frame   0x00000cd0      0x834 CMakeFiles/CS301ProjectClock.elf.dir/Drivers/STM32F1xx_HAL_Driver/Src/stm32f1xx_hal_uart.c.obj
 .debug_frame   0x00001504       0x34 CMakeFiles/CS301ProjectClock.elf.dir/Src/gpio.c.obj
 .debug_frame   0x00001538       0x94 CMakeFiles/CS301ProjectClock.elf.dir/Src/main.c.obj
 .debug_frame   0x000015cc       0x38 CMakeFiles/CS301ProjectClock.elf.dir/Src/stm32f1xx_hal_msp.c.obj
 .debug_frame   0x00001604      0x17c CMakeFiles/CS301ProjectClock.elf.dir/Src/stm32f1xx_it.c.obj
 .debug_frame   0x00001780       0x58 CMakeFiles/CS301ProjectClock.elf.dir/Src/system_stm32f1xx.c.obj
 .debug_frame   0x000017d8       0x74 CMakeFiles/CS301ProjectClock.elf.dir/Src/usart.c.obj
 .debug_frame   0x0000184c       0x2c c:/progra~2/gnutoo~1/82019-~1/bin/../lib/gcc/arm-none-eabi/8.3.1/../../../../arm-none-eabi/lib/thumb/v7-m/nofp\libg_nano.a(lib_a-init.o)
 .debug_frame   0x00001878       0x20 c:/progra~2/gnutoo~1/82019-~1/bin/../lib/gcc/arm-none-eabi/8.3.1/../../../../arm-none-eabi/lib/thumb/v7-m/nofp\libg_nano.a(lib_a-memset.o)
