Archive member included to satisfy reference by file (symbol)

/usr/local/Cellar/arm-none-eabi-gcc/9-2019-q4-major/gcc/bin/../lib/gcc/arm-none-eabi/9.2.1/thumb/v7-m/nofp/libgcc.a(_arm_muldf3.o)
                              CMakeFiles/CS301ProjectClock.elf.dir/Src/lcd.c.obj (__aeabi_dmul)
/usr/local/Cellar/arm-none-eabi-gcc/9-2019-q4-major/gcc/bin/../lib/gcc/arm-none-eabi/9.2.1/thumb/v7-m/nofp/libgcc.a(_arm_addsubdf3.o)
                              CMakeFiles/CS301ProjectClock.elf.dir/Src/main.c.obj (__aeabi_dadd)
/usr/local/Cellar/arm-none-eabi-gcc/9-2019-q4-major/gcc/bin/../lib/gcc/arm-none-eabi/9.2.1/thumb/v7-m/nofp/libgcc.a(_arm_muldivdf3.o)
                              CMakeFiles/CS301ProjectClock.elf.dir/Src/main.c.obj (__aeabi_ddiv)
/usr/local/Cellar/arm-none-eabi-gcc/9-2019-q4-major/gcc/bin/../lib/gcc/arm-none-eabi/9.2.1/thumb/v7-m/nofp/libgcc.a(_arm_fixdfsi.o)
                              CMakeFiles/CS301ProjectClock.elf.dir/Src/main.c.obj (__aeabi_d2iz)
/usr/local/Cellar/arm-none-eabi-gcc/9-2019-q4-major/gcc/bin/../lib/gcc/arm-none-eabi/9.2.1/thumb/v7-m/nofp/libgcc.a(_arm_fixunsdfsi.o)
                              CMakeFiles/CS301ProjectClock.elf.dir/Src/lcd.c.obj (__aeabi_d2uiz)
/usr/local/Cellar/arm-none-eabi-gcc/9-2019-q4-major/gcc/bin/../lib/gcc/arm-none-eabi/9.2.1/../../../../arm-none-eabi/lib/thumb/v7-m/nofp/libg_nano.a(lib_a-errno.o)
                              CMakeFiles/CS301ProjectClock.elf.dir/Src/syscalls.c.obj (__errno)
/usr/local/Cellar/arm-none-eabi-gcc/9-2019-q4-major/gcc/bin/../lib/gcc/arm-none-eabi/9.2.1/../../../../arm-none-eabi/lib/thumb/v7-m/nofp/libg_nano.a(lib_a-exit.o)
                              /usr/local/Cellar/arm-none-eabi-gcc/9-2019-q4-major/gcc/bin/../lib/gcc/arm-none-eabi/9.2.1/../../../../arm-none-eabi/lib/thumb/v7-m/nofp/crt0.o (exit)
/usr/local/Cellar/arm-none-eabi-gcc/9-2019-q4-major/gcc/bin/../lib/gcc/arm-none-eabi/9.2.1/../../../../arm-none-eabi/lib/thumb/v7-m/nofp/libg_nano.a(lib_a-impure.o)
                              /usr/local/Cellar/arm-none-eabi-gcc/9-2019-q4-major/gcc/bin/../lib/gcc/arm-none-eabi/9.2.1/../../../../arm-none-eabi/lib/thumb/v7-m/nofp/libg_nano.a(lib_a-exit.o) (_global_impure_ptr)
/usr/local/Cellar/arm-none-eabi-gcc/9-2019-q4-major/gcc/bin/../lib/gcc/arm-none-eabi/9.2.1/../../../../arm-none-eabi/lib/thumb/v7-m/nofp/libg_nano.a(lib_a-init.o)
                              /usr/local/Cellar/arm-none-eabi-gcc/9-2019-q4-major/gcc/bin/../lib/gcc/arm-none-eabi/9.2.1/../../../../arm-none-eabi/lib/thumb/v7-m/nofp/crt0.o (__libc_init_array)
/usr/local/Cellar/arm-none-eabi-gcc/9-2019-q4-major/gcc/bin/../lib/gcc/arm-none-eabi/9.2.1/../../../../arm-none-eabi/lib/thumb/v7-m/nofp/libg_nano.a(lib_a-memset.o)
                              /usr/local/Cellar/arm-none-eabi-gcc/9-2019-q4-major/gcc/bin/../lib/gcc/arm-none-eabi/9.2.1/../../../../arm-none-eabi/lib/thumb/v7-m/nofp/crt0.o (memset)
/usr/local/Cellar/arm-none-eabi-gcc/9-2019-q4-major/gcc/bin/../lib/gcc/arm-none-eabi/9.2.1/../../../../arm-none-eabi/lib/thumb/v7-m/nofp/libg_nano.a(lib_a-sprintf.o)
                              CMakeFiles/CS301ProjectClock.elf.dir/Src/main.c.obj (sprintf)
/usr/local/Cellar/arm-none-eabi-gcc/9-2019-q4-major/gcc/bin/../lib/gcc/arm-none-eabi/9.2.1/../../../../arm-none-eabi/lib/thumb/v7-m/nofp/libg_nano.a(lib_a-strlen.o)
                              CMakeFiles/CS301ProjectClock.elf.dir/Src/main.c.obj (strlen)
/usr/local/Cellar/arm-none-eabi-gcc/9-2019-q4-major/gcc/bin/../lib/gcc/arm-none-eabi/9.2.1/../../../../arm-none-eabi/lib/thumb/v7-m/nofp/libg_nano.a(lib_a-nano-svfprintf.o)
                              /usr/local/Cellar/arm-none-eabi-gcc/9-2019-q4-major/gcc/bin/../lib/gcc/arm-none-eabi/9.2.1/../../../../arm-none-eabi/lib/thumb/v7-m/nofp/libg_nano.a(lib_a-sprintf.o) (_svfprintf_r)
/usr/local/Cellar/arm-none-eabi-gcc/9-2019-q4-major/gcc/bin/../lib/gcc/arm-none-eabi/9.2.1/../../../../arm-none-eabi/lib/thumb/v7-m/nofp/libg_nano.a(lib_a-nano-vfprintf_i.o)
                              /usr/local/Cellar/arm-none-eabi-gcc/9-2019-q4-major/gcc/bin/../lib/gcc/arm-none-eabi/9.2.1/../../../../arm-none-eabi/lib/thumb/v7-m/nofp/libg_nano.a(lib_a-nano-svfprintf.o) (_printf_i)
/usr/local/Cellar/arm-none-eabi-gcc/9-2019-q4-major/gcc/bin/../lib/gcc/arm-none-eabi/9.2.1/../../../../arm-none-eabi/lib/thumb/v7-m/nofp/libg_nano.a(lib_a-memchr-stub.o)
                              /usr/local/Cellar/arm-none-eabi-gcc/9-2019-q4-major/gcc/bin/../lib/gcc/arm-none-eabi/9.2.1/../../../../arm-none-eabi/lib/thumb/v7-m/nofp/libg_nano.a(lib_a-nano-svfprintf.o) (memchr)
/usr/local/Cellar/arm-none-eabi-gcc/9-2019-q4-major/gcc/bin/../lib/gcc/arm-none-eabi/9.2.1/../../../../arm-none-eabi/lib/thumb/v7-m/nofp/libg_nano.a(lib_a-memcpy-stub.o)
                              /usr/local/Cellar/arm-none-eabi-gcc/9-2019-q4-major/gcc/bin/../lib/gcc/arm-none-eabi/9.2.1/../../../../arm-none-eabi/lib/thumb/v7-m/nofp/libg_nano.a(lib_a-nano-svfprintf.o) (memcpy)
[...]
Memory Configuration

Name             Origin             Length             Attributes
RAM              0x0000000020000000 0x000000000000c000 xrw
FLASH            0x0000000008000000 0x0000000000040000 xr
*default*        0x0000000000000000 0xffffffffffffffff

Linker script and memory map

LOAD /usr/local/Cellar/arm-none-eabi-gcc/9-2019-q4-major/gcc/bin/../lib/gcc/arm-none-eabi/9.2.1/thumb/v7-m/nofp/crti.o
LOAD /usr/local/Cellar/arm-none-eabi-gcc/9-2019-q4-major/gcc/bin/../lib/gcc/arm-none-eabi/9.2.1/thumb/v7-m/nofp/crtbegin.o
LOAD /usr/local/Cellar/arm-none-eabi-gcc/9-2019-q4-major/gcc/bin/../lib/gcc/arm-none-eabi/9.2.1/../../../../arm-none-eabi/lib/thumb/v7-m/nofp/crt0.o
LOAD CMakeFiles/CS301ProjectClock.elf.dir/Drivers/STM32F1xx_HAL_Driver/Src/stm32f1xx_hal.c.obj
LOAD CMakeFiles/CS301ProjectClock.elf.dir/Drivers/STM32F1xx_HAL_Driver/Src/stm32f1xx_hal_cortex.c.obj
LOAD CMakeFiles/CS301ProjectClock.elf.dir/Drivers/STM32F1xx_HAL_Driver/Src/stm32f1xx_hal_dma.c.obj
LOAD CMakeFiles/CS301ProjectClock.elf.dir/Drivers/STM32F1xx_HAL_Driver/Src/stm32f1xx_hal_exti.c.obj
LOAD CMakeFiles/CS301ProjectClock.elf.dir/Drivers/STM32F1xx_HAL_Driver/Src/stm32f1xx_hal_flash.c.obj
LOAD CMakeFiles/CS301ProjectClock.elf.dir/Drivers/STM32F1xx_HAL_Driver/Src/stm32f1xx_hal_flash_ex.c.obj
LOAD CMakeFiles/CS301ProjectClock.elf.dir/Drivers/STM32F1xx_HAL_Driver/Src/stm32f1xx_hal_gpio.c.obj
LOAD CMakeFiles/CS301ProjectClock.elf.dir/Drivers/STM32F1xx_HAL_Driver/Src/stm32f1xx_hal_gpio_ex.c.obj
LOAD CMakeFiles/CS301ProjectClock.elf.dir/Drivers/STM32F1xx_HAL_Driver/Src/stm32f1xx_hal_pwr.c.obj
LOAD CMakeFiles/CS301ProjectClock.elf.dir/Drivers/STM32F1xx_HAL_Driver/Src/stm32f1xx_hal_rcc.c.obj
LOAD CMakeFiles/CS301ProjectClock.elf.dir/Drivers/STM32F1xx_HAL_Driver/Src/stm32f1xx_hal_rcc_ex.c.obj
LOAD CMakeFiles/CS301ProjectClock.elf.dir/Drivers/STM32F1xx_HAL_Driver/Src/stm32f1xx_hal_tim.c.obj
LOAD CMakeFiles/CS301ProjectClock.elf.dir/Drivers/STM32F1xx_HAL_Driver/Src/stm32f1xx_hal_tim_ex.c.obj
LOAD CMakeFiles/CS301ProjectClock.elf.dir/Drivers/STM32F1xx_HAL_Driver/Src/stm32f1xx_hal_uart.c.obj
LOAD CMakeFiles/CS301ProjectClock.elf.dir/Src/gpio.c.obj
LOAD CMakeFiles/CS301ProjectClock.elf.dir/Src/lcd.c.obj
LOAD CMakeFiles/CS301ProjectClock.elf.dir/Src/main.c.obj
LOAD CMakeFiles/CS301ProjectClock.elf.dir/Src/stm32f1xx_hal_msp.c.obj
LOAD CMakeFiles/CS301ProjectClock.elf.dir/Src/stm32f1xx_it.c.obj
LOAD CMakeFiles/CS301ProjectClock.elf.dir/Src/sys.c.obj
LOAD CMakeFiles/CS301ProjectClock.elf.dir/Src/syscalls.c.obj
LOAD CMakeFiles/CS301ProjectClock.elf.dir/Src/system_stm32f1xx.c.obj
LOAD CMakeFiles/CS301ProjectClock.elf.dir/Src/tim.c.obj
LOAD CMakeFiles/CS301ProjectClock.elf.dir/Src/usart.c.obj
LOAD CMakeFiles/CS301ProjectClock.elf.dir/startup/startup_stm32f103xe.s.obj
START GROUP
LOAD /usr/local/Cellar/arm-none-eabi-gcc/9-2019-q4-major/gcc/bin/../lib/gcc/arm-none-eabi/9.2.1/thumb/v7-m/nofp/libgcc.a
LOAD /usr/local/Cellar/arm-none-eabi-gcc/9-2019-q4-major/gcc/bin/../lib/gcc/arm-none-eabi/9.2.1/../../../../arm-none-eabi/lib/thumb/v7-m/nofp/libg_nano.a
LOAD /usr/local/Cellar/arm-none-eabi-gcc/9-2019-q4-major/gcc/bin/../lib/gcc/arm-none-eabi/9.2.1/../../../../arm-none-eabi/lib/thumb/v7-m/nofp/libc_nano.a
END GROUP
START GROUP
LOAD /usr/local/Cellar/arm-none-eabi-gcc/9-2019-q4-major/gcc/bin/../lib/gcc/arm-none-eabi/9.2.1/thumb/v7-m/nofp/libgcc.a
LOAD /usr/local/Cellar/arm-none-eabi-gcc/9-2019-q4-major/gcc/bin/../lib/gcc/arm-none-eabi/9.2.1/../../../../arm-none-eabi/lib/thumb/v7-m/nofp/libc_nano.a
LOAD /usr/local/Cellar/arm-none-eabi-gcc/9-2019-q4-major/gcc/bin/../lib/gcc/arm-none-eabi/9.2.1/../../../../arm-none-eabi/lib/thumb/v7-m/nofp/libnosys.a
END GROUP
START GROUP
LOAD /usr/local/Cellar/arm-none-eabi-gcc/9-2019-q4-major/gcc/bin/../lib/gcc/arm-none-eabi/9.2.1/thumb/v7-m/nofp/libgcc.a
LOAD /usr/local/Cellar/arm-none-eabi-gcc/9-2019-q4-major/gcc/bin/../lib/gcc/arm-none-eabi/9.2.1/../../../../arm-none-eabi/lib/thumb/v7-m/nofp/libc_nano.a
LOAD /usr/local/Cellar/arm-none-eabi-gcc/9-2019-q4-major/gcc/bin/../lib/gcc/arm-none-eabi/9.2.1/../../../../arm-none-eabi/lib/thumb/v7-m/nofp/libnosys.a
END GROUP
LOAD /usr/local/Cellar/arm-none-eabi-gcc/9-2019-q4-major/gcc/bin/../lib/gcc/arm-none-eabi/9.2.1/thumb/v7-m/nofp/crtend.o
LOAD /usr/local/Cellar/arm-none-eabi-gcc/9-2019-q4-major/gcc/bin/../lib/gcc/arm-none-eabi/9.2.1/thumb/v7-m/nofp/crtn.o
                0x000000002000c000                _estack = 0x2000c000
                0x0000000000000200                _Min_Heap_Size = 0x200
                0x0000000000000400                _Min_Stack_Size = 0x400

.isr_vector     0x0000000008000000      0x1e4
                0x0000000008000000                . = ALIGN (0x4)
 *(.isr_vector)
 .isr_vector    0x0000000008000000      0x1e4 CMakeFiles/CS301ProjectClock.elf.dir/startup/startup_stm32f103xe.s.obj
                0x0000000008000000                g_pfnVectors
                0x00000000080001e4                . = ALIGN (0x4)

.text           0x00000000080001e8     0xa584
                0x00000000080001e8                . = ALIGN (0x4)
 *(.text)
 .text          0x00000000080001e8       0x40 /usr/local/Cellar/arm-none-eabi-gcc/9-2019-q4-major/gcc/bin/../lib/gcc/arm-none-eabi/9.2.1/thumb/v7-m/nofp/crtbegin.o
 .text          0x0000000008000228      0x378 /usr/local/Cellar/arm-none-eabi-gcc/9-2019-q4-major/gcc/bin/../lib/gcc/arm-none-eabi/9.2.1/thumb/v7-m/nofp/libgcc.a(_arm_addsubdf3.o)
                0x0000000008000228                __aeabi_drsub
                0x0000000008000230                __subdf3
                0x0000000008000230                __aeabi_dsub
                0x0000000008000234                __aeabi_dadd
                0x0000000008000234                __adddf3
                0x00000000080004ac                __aeabi_ui2d
                0x00000000080004ac                __floatunsidf
                0x00000000080004cc                __floatsidf
                0x00000000080004cc                __aeabi_i2d
                0x00000000080004f0                __extendsfdf2
                0x00000000080004f0                __aeabi_f2d
                0x0000000008000534                __aeabi_ul2d
                0x0000000008000534                __floatundidf
                0x0000000008000544                __aeabi_l2d
                0x0000000008000544                __floatdidf
 .text          0x00000000080005a0      0x424 /usr/local/Cellar/arm-none-eabi-gcc/9-2019-q4-major/gcc/bin/../lib/gcc/arm-none-eabi/9.2.1/thumb/v7-m/nofp/libgcc.a(_arm_muldivdf3.o)
                0x00000000080005a0                __aeabi_dmul
                0x00000000080005a0                __muldf3
                0x00000000080007f4                __aeabi_ddiv
                0x00000000080007f4                __divdf3
 .text          0x00000000080009c4       0x50 /usr/local/Cellar/arm-none-eabi-gcc/9-2019-q4-major/gcc/bin/../lib/gcc/arm-none-eabi/9.2.1/thumb/v7-m/nofp/libgcc.a(_arm_fixdfsi.o)
                0x00000000080009c4                __fixdfsi
                0x00000000080009c4                __aeabi_d2iz
 .text          0x0000000008000a14       0x40 /usr/local/Cellar/arm-none-eabi-gcc/9-2019-q4-major/gcc/bin/../lib/gcc/arm-none-eabi/9.2.1/thumb/v7-m/nofp/libgcc.a(_arm_fixunsdfsi.o)
                0x0000000008000a14                __fixunsdfsi
                0x0000000008000a14                __aeabi_d2uiz
 .text          0x0000000008000a54       0x10 /usr/local/Cellar/arm-none-eabi-gcc/9-2019-q4-major/gcc/bin/../lib/gcc/arm-none-eabi/9.2.1/../../../../arm-none-eabi/lib/thumb/v7-m/nofp/libg_nano.a(lib_a-strlen.o)
                0x0000000008000a54                strlen
 .text          0x0000000008000a64      0x110 /usr/local/Cellar/arm-none-eabi-gcc/9-2019-q4-major/gcc/bin/../lib/gcc/arm-none-eabi/9.2.1/thumb/v7-m/nofp/libgcc.a(_arm_cmpdf2.o)
                0x0000000008000a64                __gedf2
                0x0000000008000a64                __gtdf2
                0x0000000008000a6c                __ledf2
                0x0000000008000a6c                __ltdf2
                0x0000000008000a74                __cmpdf2
                0x0000000008000a74                __eqdf2
                0x0000000008000a74                __nedf2
                0x0000000008000af0                __aeabi_cdrcmple
                0x0000000008000b00                __aeabi_cdcmple
                0x0000000008000b00                __aeabi_cdcmpeq
                0x0000000008000b10                __aeabi_dcmpeq
                0x0000000008000b24                __aeabi_dcmplt
                0x0000000008000b38                __aeabi_dcmple
                0x0000000008000b4c                __aeabi_dcmpge
                0x0000000008000b60                __aeabi_dcmpgt
 *(.text*)
 .text.HAL_Init
                0x0000000008000b74       0x2c CMakeFiles/CS301ProjectClock.elf.dir/Drivers/STM32F1xx_HAL_Driver/Src/stm32f1xx_hal.c.obj
                0x0000000008000b74                HAL_Init
 .text.HAL_InitTick
                0x0000000008000ba0       0x60 CMakeFiles/CS301ProjectClock.elf.dir/Drivers/STM32F1xx_HAL_Driver/Src/stm32f1xx_hal.c.obj
                0x0000000008000ba0                HAL_InitTick
 .text.HAL_IncTick
                0x0000000008000c00       0x24 CMakeFiles/CS301ProjectClock.elf.dir/Drivers/STM32F1xx_HAL_Driver/Src/stm32f1xx_hal.c.obj
                0x0000000008000c00                HAL_IncTick
 .text.HAL_GetTick
                0x0000000008000c24       0x14 CMakeFiles/CS301ProjectClock.elf.dir/Drivers/STM32F1xx_HAL_Driver/Src/stm32f1xx_hal.c.obj
                0x0000000008000c24                HAL_GetTick
 .text.HAL_Delay
                0x0000000008000c38       0x48 CMakeFiles/CS301ProjectClock.elf.dir/Drivers/STM32F1xx_HAL_Driver/Src/stm32f1xx_hal.c.obj
                0x0000000008000c38                HAL_Delay
 .text.__NVIC_SetPriorityGrouping
                0x0000000008000c80       0x48 CMakeFiles/CS301ProjectClock.elf.dir/Drivers/STM32F1xx_HAL_Driver/Src/stm32f1xx_hal_cortex.c.obj
 .text.__NVIC_GetPriorityGrouping
                0x0000000008000cc8       0x1c CMakeFiles/CS301ProjectClock.elf.dir/Drivers/STM32F1xx_HAL_Driver/Src/stm32f1xx_hal_cortex.c.obj
 .text.__NVIC_EnableIRQ
                0x0000000008000ce4       0x38 CMakeFiles/CS301ProjectClock.elf.dir/Drivers/STM32F1xx_HAL_Driver/Src/stm32f1xx_hal_cortex.c.obj
 .text.__NVIC_SetPriority
                0x0000000008000d1c       0x54 CMakeFiles/CS301ProjectClock.elf.dir/Drivers/STM32F1xx_HAL_Driver/Src/stm32f1xx_hal_cortex.c.obj
 .text.NVIC_EncodePriority
                0x0000000008000d70       0x64 CMakeFiles/CS301ProjectClock.elf.dir/Drivers/STM32F1xx_HAL_Driver/Src/stm32f1xx_hal_cortex.c.obj
 .text.SysTick_Config
                0x0000000008000dd4       0x44 CMakeFiles/CS301ProjectClock.elf.dir/Drivers/STM32F1xx_HAL_Driver/Src/stm32f1xx_hal_cortex.c.obj
 .text.HAL_NVIC_SetPriorityGrouping
                0x0000000008000e18       0x16 CMakeFiles/CS301ProjectClock.elf.dir/Drivers/STM32F1xx_HAL_Driver/Src/stm32f1xx_hal_cortex.c.obj
                0x0000000008000e18                HAL_NVIC_SetPriorityGrouping
 .text.HAL_NVIC_SetPriority
                0x0000000008000e2e       0x38 CMakeFiles/CS301ProjectClock.elf.dir/Drivers/STM32F1xx_HAL_Driver/Src/stm32f1xx_hal_cortex.c.obj
                0x0000000008000e2e                HAL_NVIC_SetPriority
 .text.HAL_NVIC_EnableIRQ
                0x0000000008000e66       0x1c CMakeFiles/CS301ProjectClock.elf.dir/Drivers/STM32F1xx_HAL_Driver/Src/stm32f1xx_hal_cortex.c.obj
                0x0000000008000e66                HAL_NVIC_EnableIRQ
 .text.HAL_SYSTICK_Config
                0x0000000008000e82       0x18 CMakeFiles/CS301ProjectClock.elf.dir/Drivers/STM32F1xx_HAL_Driver/Src/stm32f1xx_hal_cortex.c.obj
                0x0000000008000e82                HAL_SYSTICK_Config
 *fill*         0x0000000008000e9a        0x2 
 .text.HAL_DMA_Abort_IT
                0x0000000008000e9c      0x210 CMakeFiles/CS301ProjectClock.elf.dir/Drivers/STM32F1xx_HAL_Driver/Src/stm32f1xx_hal_dma.c.obj
                0x0000000008000e9c                HAL_DMA_Abort_IT
 .text.HAL_GPIO_Init
                0x00000000080010ac      0x328 CMakeFiles/CS301ProjectClock.elf.dir/Drivers/STM32F1xx_HAL_Driver/Src/stm32f1xx_hal_gpio.c.obj
                0x00000000080010ac                HAL_GPIO_Init
 .text.HAL_GPIO_ReadPin
                0x00000000080013d4       0x2e CMakeFiles/CS301ProjectClock.elf.dir/Drivers/STM32F1xx_HAL_Driver/Src/stm32f1xx_hal_gpio.c.obj
                0x00000000080013d4                HAL_GPIO_ReadPin
 .text.HAL_GPIO_WritePin
                0x0000000008001402       0x30 CMakeFiles/CS301ProjectClock.elf.dir/Drivers/STM32F1xx_HAL_Driver/Src/stm32f1xx_hal_gpio.c.obj
                0x0000000008001402                HAL_GPIO_WritePin
 *fill*         0x0000000008001432        0x2 
 .text.HAL_GPIO_EXTI_IRQHandler
                0x0000000008001434       0x30 CMakeFiles/CS301ProjectClock.elf.dir/Drivers/STM32F1xx_HAL_Driver/Src/stm32f1xx_hal_gpio.c.obj
                0x0000000008001434                HAL_GPIO_EXTI_IRQHandler
 .text.HAL_RCC_OscConfig
                0x0000000008001464      0x500 CMakeFiles/CS301ProjectClock.elf.dir/Drivers/STM32F1xx_HAL_Driver/Src/stm32f1xx_hal_rcc.c.obj
                0x0000000008001464                HAL_RCC_OscConfig
 .text.HAL_RCC_ClockConfig
                0x0000000008001964      0x1d4 CMakeFiles/CS301ProjectClock.elf.dir/Drivers/STM32F1xx_HAL_Driver/Src/stm32f1xx_hal_rcc.c.obj
                0x0000000008001964                HAL_RCC_ClockConfig
 .text.HAL_RCC_GetSysClockFreq
                0x0000000008001b38       0xc0 CMakeFiles/CS301ProjectClock.elf.dir/Drivers/STM32F1xx_HAL_Driver/Src/stm32f1xx_hal_rcc.c.obj
                0x0000000008001b38                HAL_RCC_GetSysClockFreq
 .text.HAL_RCC_GetHCLKFreq
                0x0000000008001bf8       0x14 CMakeFiles/CS301ProjectClock.elf.dir/Drivers/STM32F1xx_HAL_Driver/Src/stm32f1xx_hal_rcc.c.obj
                0x0000000008001bf8                HAL_RCC_GetHCLKFreq
 .text.HAL_RCC_GetPCLK1Freq
                0x0000000008001c0c       0x28 CMakeFiles/CS301ProjectClock.elf.dir/Drivers/STM32F1xx_HAL_Driver/Src/stm32f1xx_hal_rcc.c.obj
                0x0000000008001c0c                HAL_RCC_GetPCLK1Freq
 .text.HAL_RCC_GetPCLK2Freq
                0x0000000008001c34       0x28 CMakeFiles/CS301ProjectClock.elf.dir/Drivers/STM32F1xx_HAL_Driver/Src/stm32f1xx_hal_rcc.c.obj
                0x0000000008001c34                HAL_RCC_GetPCLK2Freq
 .text.RCC_Delay
                0x0000000008001c5c       0x3c CMakeFiles/CS301ProjectClock.elf.dir/Drivers/STM32F1xx_HAL_Driver/Src/stm32f1xx_hal_rcc.c.obj
 .text.HAL_TIM_Base_Init
                0x0000000008001c98       0x56 CMakeFiles/CS301ProjectClock.elf.dir/Drivers/STM32F1xx_HAL_Driver/Src/stm32f1xx_hal_tim.c.obj
                0x0000000008001c98                HAL_TIM_Base_Init
 .text.HAL_TIM_Base_Start_IT
                0x0000000008001cee       0x46 CMakeFiles/CS301ProjectClock.elf.dir/Drivers/STM32F1xx_HAL_Driver/Src/stm32f1xx_hal_tim.c.obj
                0x0000000008001cee                HAL_TIM_Base_Start_IT
 .text.HAL_TIM_IRQHandler
                0x0000000008001d34      0x210 CMakeFiles/CS301ProjectClock.elf.dir/Drivers/STM32F1xx_HAL_Driver/Src/stm32f1xx_hal_tim.c.obj
                0x0000000008001d34                HAL_TIM_IRQHandler
 .text.HAL_TIM_ConfigClockSource
                0x0000000008001f44      0x188 CMakeFiles/CS301ProjectClock.elf.dir/Drivers/STM32F1xx_HAL_Driver/Src/stm32f1xx_hal_tim.c.obj
                0x0000000008001f44                HAL_TIM_ConfigClockSource
 .text.HAL_TIM_OC_DelayElapsedCallback
                0x00000000080020cc       0x12 CMakeFiles/CS301ProjectClock.elf.dir/Drivers/STM32F1xx_HAL_Driver/Src/stm32f1xx_hal_tim.c.obj
                0x00000000080020cc                HAL_TIM_OC_DelayElapsedCallback
 .text.HAL_TIM_IC_CaptureCallback
                0x00000000080020de       0x12 CMakeFiles/CS301ProjectClock.elf.dir/Drivers/STM32F1xx_HAL_Driver/Src/stm32f1xx_hal_tim.c.obj
                0x00000000080020de                HAL_TIM_IC_CaptureCallback
 .text.HAL_TIM_PWM_PulseFinishedCallback
                0x00000000080020f0       0x12 CMakeFiles/CS301ProjectClock.elf.dir/Drivers/STM32F1xx_HAL_Driver/Src/stm32f1xx_hal_tim.c.obj
                0x00000000080020f0                HAL_TIM_PWM_PulseFinishedCallback
 .text.HAL_TIM_TriggerCallback
                0x0000000008002102       0x12 CMakeFiles/CS301ProjectClock.elf.dir/Drivers/STM32F1xx_HAL_Driver/Src/stm32f1xx_hal_tim.c.obj
                0x0000000008002102                HAL_TIM_TriggerCallback
 .text.TIM_Base_SetConfig
                0x0000000008002114       0xf4 CMakeFiles/CS301ProjectClock.elf.dir/Drivers/STM32F1xx_HAL_Driver/Src/stm32f1xx_hal_tim.c.obj
                0x0000000008002114                TIM_Base_SetConfig
 .text.TIM_TI1_ConfigInputStage
                0x0000000008002208       0x5c CMakeFiles/CS301ProjectClock.elf.dir/Drivers/STM32F1xx_HAL_Driver/Src/stm32f1xx_hal_tim.c.obj
 .text.TIM_TI2_ConfigInputStage
                0x0000000008002264       0x5e CMakeFiles/CS301ProjectClock.elf.dir/Drivers/STM32F1xx_HAL_Driver/Src/stm32f1xx_hal_tim.c.obj
 .text.TIM_ITRx_SetConfig
                0x00000000080022c2       0x34 CMakeFiles/CS301ProjectClock.elf.dir/Drivers/STM32F1xx_HAL_Driver/Src/stm32f1xx_hal_tim.c.obj
 .text.TIM_ETR_SetConfig
                0x00000000080022f6       0x3e CMakeFiles/CS301ProjectClock.elf.dir/Drivers/STM32F1xx_HAL_Driver/Src/stm32f1xx_hal_tim.c.obj
                0x00000000080022f6                TIM_ETR_SetConfig
 .text.HAL_TIMEx_MasterConfigSynchronization
                0x0000000008002334       0x88 CMakeFiles/CS301ProjectClock.elf.dir/Drivers/STM32F1xx_HAL_Driver/Src/stm32f1xx_hal_tim_ex.c.obj
                0x0000000008002334                HAL_TIMEx_MasterConfigSynchronization
 .text.HAL_TIMEx_CommutCallback
                0x00000000080023bc       0x12 CMakeFiles/CS301ProjectClock.elf.dir/Drivers/STM32F1xx_HAL_Driver/Src/stm32f1xx_hal_tim_ex.c.obj
                0x00000000080023bc                HAL_TIMEx_CommutCallback
 .text.HAL_TIMEx_BreakCallback
                0x00000000080023ce       0x12 CMakeFiles/CS301ProjectClock.elf.dir/Drivers/STM32F1xx_HAL_Driver/Src/stm32f1xx_hal_tim_ex.c.obj
                0x00000000080023ce                HAL_TIMEx_BreakCallback
 .text.HAL_UART_Init
                0x00000000080023e0       0x9a CMakeFiles/CS301ProjectClock.elf.dir/Drivers/STM32F1xx_HAL_Driver/Src/stm32f1xx_hal_uart.c.obj
                0x00000000080023e0                HAL_UART_Init
 .text.HAL_UART_Transmit
                0x000000000800247a      0x132 CMakeFiles/CS301ProjectClock.elf.dir/Drivers/STM32F1xx_HAL_Driver/Src/stm32f1xx_hal_uart.c.obj
                0x000000000800247a                HAL_UART_Transmit
 .text.HAL_UART_Receive_IT
                0x00000000080025ac       0xa8 CMakeFiles/CS301ProjectClock.elf.dir/Drivers/STM32F1xx_HAL_Driver/Src/stm32f1xx_hal_uart.c.obj
                0x00000000080025ac                HAL_UART_Receive_IT
 .text.HAL_UART_IRQHandler
                0x0000000008002654      0x1f4 CMakeFiles/CS301ProjectClock.elf.dir/Drivers/STM32F1xx_HAL_Driver/Src/stm32f1xx_hal_uart.c.obj
                0x0000000008002654                HAL_UART_IRQHandler
 .text.HAL_UART_TxCpltCallback
                0x0000000008002848       0x12 CMakeFiles/CS301ProjectClock.elf.dir/Drivers/STM32F1xx_HAL_Driver/Src/stm32f1xx_hal_uart.c.obj
                0x0000000008002848                HAL_UART_TxCpltCallback
 .text.HAL_UART_ErrorCallback
                0x000000000800285a       0x12 CMakeFiles/CS301ProjectClock.elf.dir/Drivers/STM32F1xx_HAL_Driver/Src/stm32f1xx_hal_uart.c.obj
                0x000000000800285a                HAL_UART_ErrorCallback
 .text.UART_WaitOnFlagUntilTimeout
                0x000000000800286c       0x94 CMakeFiles/CS301ProjectClock.elf.dir/Drivers/STM32F1xx_HAL_Driver/Src/stm32f1xx_hal_uart.c.obj
 .text.UART_EndRxTransfer
                0x0000000008002900       0x3a CMakeFiles/CS301ProjectClock.elf.dir/Drivers/STM32F1xx_HAL_Driver/Src/stm32f1xx_hal_uart.c.obj
 .text.UART_DMAAbortOnError
                0x000000000800293a       0x28 CMakeFiles/CS301ProjectClock.elf.dir/Drivers/STM32F1xx_HAL_Driver/Src/stm32f1xx_hal_uart.c.obj
 .text.UART_Transmit_IT
                0x0000000008002962       0xaa CMakeFiles/CS301ProjectClock.elf.dir/Drivers/STM32F1xx_HAL_Driver/Src/stm32f1xx_hal_uart.c.obj
 .text.UART_EndTransmit_IT
                0x0000000008002a0c       0x30 CMakeFiles/CS301ProjectClock.elf.dir/Drivers/STM32F1xx_HAL_Driver/Src/stm32f1xx_hal_uart.c.obj
 .text.UART_Receive_IT
                0x0000000008002a3c      0x102 CMakeFiles/CS301ProjectClock.elf.dir/Drivers/STM32F1xx_HAL_Driver/Src/stm32f1xx_hal_uart.c.obj
 *fill*         0x0000000008002b3e        0x2 
 .text.UART_SetConfig
                0x0000000008002b40      0x1b4 CMakeFiles/CS301ProjectClock.elf.dir/Drivers/STM32F1xx_HAL_Driver/Src/stm32f1xx_hal_uart.c.obj
 .text.MX_GPIO_Init
                0x0000000008002cf4      0x148 CMakeFiles/CS301ProjectClock.elf.dir/Src/gpio.c.obj
                0x0000000008002cf4                MX_GPIO_Init
 .text.LCD_WR_REG
                0x0000000008002e3c       0x48 CMakeFiles/CS301ProjectClock.elf.dir/Src/lcd.c.obj
                0x0000000008002e3c                LCD_WR_REG
 .text.LCD_WR_DATAX
                0x0000000008002e84       0x48 CMakeFiles/CS301ProjectClock.elf.dir/Src/lcd.c.obj
                0x0000000008002e84                LCD_WR_DATAX
 .text.LCD_RD_DATA
                0x0000000008002ecc       0x88 CMakeFiles/CS301ProjectClock.elf.dir/Src/lcd.c.obj
                0x0000000008002ecc                LCD_RD_DATA
 .text.LCD_WriteReg
                0x0000000008002f54       0x54 CMakeFiles/CS301ProjectClock.elf.dir/Src/lcd.c.obj
                0x0000000008002f54                LCD_WriteReg
 .text.LCD_ReadReg
                0x0000000008002fa8       0x20 CMakeFiles/CS301ProjectClock.elf.dir/Src/lcd.c.obj
                0x0000000008002fa8                LCD_ReadReg
 .text.LCD_WriteRAM_Prepare
                0x0000000008002fc8       0x18 CMakeFiles/CS301ProjectClock.elf.dir/Src/lcd.c.obj
                0x0000000008002fc8                LCD_WriteRAM_Prepare
 .text.LCD_SetCursor
                0x0000000008002fe0      0x598 CMakeFiles/CS301ProjectClock.elf.dir/Src/lcd.c.obj
                0x0000000008002fe0                LCD_SetCursor
 .text.LCD_Scan_Dir
                0x0000000008003578      0x624 CMakeFiles/CS301ProjectClock.elf.dir/Src/lcd.c.obj
                0x0000000008003578                LCD_Scan_Dir
 .text.LCD_DrawPoint
                0x0000000008003b9c       0x60 CMakeFiles/CS301ProjectClock.elf.dir/Src/lcd.c.obj
                0x0000000008003b9c                LCD_DrawPoint
 *fill*         0x0000000008003bfc        0x4 
 .text.LCD_SSD_BackLightSet
                0x0000000008003c00      0x148 CMakeFiles/CS301ProjectClock.elf.dir/Src/lcd.c.obj
                0x0000000008003c00                LCD_SSD_BackLightSet
 .text.LCD_Display_Dir
                0x0000000008003d48      0x218 CMakeFiles/CS301ProjectClock.elf.dir/Src/lcd.c.obj
                0x0000000008003d48                LCD_Display_Dir
 .text.LCD_Init
                0x0000000008003f60     0x3e5c CMakeFiles/CS301ProjectClock.elf.dir/Src/lcd.c.obj
                0x0000000008003f60                LCD_Init
 .text.LCD_Clear
                0x0000000008007dbc       0xc4 CMakeFiles/CS301ProjectClock.elf.dir/Src/lcd.c.obj
                0x0000000008007dbc                LCD_Clear
 .text.LCD_DrawLine
                0x0000000008007e80      0x108 CMakeFiles/CS301ProjectClock.elf.dir/Src/lcd.c.obj
                0x0000000008007e80                LCD_DrawLine
 .text.LCD_Draw_Circle
                0x0000000008007f88      0x13a CMakeFiles/CS301ProjectClock.elf.dir/Src/lcd.c.obj
                0x0000000008007f88                LCD_Draw_Circle
 *fill*         0x00000000080080c2        0x2 
 .text.main     0x00000000080080c4       0x5c CMakeFiles/CS301ProjectClock.elf.dir/Src/main.c.obj
                0x00000000080080c4                main
 .text.SystemClock_Config
                0x0000000008008120       0x8a CMakeFiles/CS301ProjectClock.elf.dir/Src/main.c.obj
                0x0000000008008120                SystemClock_Config
 *fill*         0x00000000080081aa        0x6 
 .text.show_analogue
                0x00000000080081b0      0x3c0 CMakeFiles/CS301ProjectClock.elf.dir/Src/main.c.obj
                0x00000000080081b0                show_analogue
 .text.send_message_invoke
                0x0000000008008570       0x28 CMakeFiles/CS301ProjectClock.elf.dir/Src/main.c.obj
                0x0000000008008570                send_message_invoke
 .text.HAL_UART_RxCpltCallback
                0x0000000008008598       0x74 CMakeFiles/CS301ProjectClock.elf.dir/Src/main.c.obj
                0x0000000008008598                HAL_UART_RxCpltCallback
 .text.HAL_GPIO_EXTI_Callback
                0x000000000800860c       0x58 CMakeFiles/CS301ProjectClock.elf.dir/Src/main.c.obj
                0x000000000800860c                HAL_GPIO_EXTI_Callback
 .text.HAL_TIM_PeriodElapsedCallback
                0x0000000008008664       0x58 CMakeFiles/CS301ProjectClock.elf.dir/Src/main.c.obj
                0x0000000008008664                HAL_TIM_PeriodElapsedCallback
 .text.Error_Handler
                0x00000000080086bc        0xc CMakeFiles/CS301ProjectClock.elf.dir/Src/main.c.obj
                0x00000000080086bc                Error_Handler
 .text.HAL_MspInit
                0x00000000080086c8       0x64 CMakeFiles/CS301ProjectClock.elf.dir/Src/stm32f1xx_hal_msp.c.obj
                0x00000000080086c8                HAL_MspInit
 .text.NMI_Handler
                0x000000000800872c        0xc CMakeFiles/CS301ProjectClock.elf.dir/Src/stm32f1xx_it.c.obj
                0x000000000800872c                NMI_Handler
 .text.HardFault_Handler
                0x0000000008008738        0x6 CMakeFiles/CS301ProjectClock.elf.dir/Src/stm32f1xx_it.c.obj
                0x0000000008008738                HardFault_Handler
 .text.MemManage_Handler
                0x000000000800873e        0x6 CMakeFiles/CS301ProjectClock.elf.dir/Src/stm32f1xx_it.c.obj
                0x000000000800873e                MemManage_Handler
 .text.BusFault_Handler
                0x0000000008008744        0x6 CMakeFiles/CS301ProjectClock.elf.dir/Src/stm32f1xx_it.c.obj
                0x0000000008008744                BusFault_Handler
 .text.UsageFault_Handler
                0x000000000800874a        0x6 CMakeFiles/CS301ProjectClock.elf.dir/Src/stm32f1xx_it.c.obj
                0x000000000800874a                UsageFault_Handler
 .text.SVC_Handler
                0x0000000008008750        0xc CMakeFiles/CS301ProjectClock.elf.dir/Src/stm32f1xx_it.c.obj
                0x0000000008008750                SVC_Handler
 .text.DebugMon_Handler
                0x000000000800875c        0xc CMakeFiles/CS301ProjectClock.elf.dir/Src/stm32f1xx_it.c.obj
                0x000000000800875c                DebugMon_Handler
 .text.PendSV_Handler
                0x0000000008008768        0xc CMakeFiles/CS301ProjectClock.elf.dir/Src/stm32f1xx_it.c.obj
                0x0000000008008768                PendSV_Handler
 .text.SysTick_Handler
                0x0000000008008774        0xc CMakeFiles/CS301ProjectClock.elf.dir/Src/stm32f1xx_it.c.obj
                0x0000000008008774                SysTick_Handler
 .text.EXTI0_IRQHandler
                0x0000000008008780        0xe CMakeFiles/CS301ProjectClock.elf.dir/Src/stm32f1xx_it.c.obj
                0x0000000008008780                EXTI0_IRQHandler
 .text.EXTI9_5_IRQHandler
                0x000000000800878e        0xe CMakeFiles/CS301ProjectClock.elf.dir/Src/stm32f1xx_it.c.obj
                0x000000000800878e                EXTI9_5_IRQHandler
 .text.TIM3_IRQHandler
                0x000000000800879c       0x14 CMakeFiles/CS301ProjectClock.elf.dir/Src/stm32f1xx_it.c.obj
                0x000000000800879c                TIM3_IRQHandler
 .text.USART1_IRQHandler
                0x00000000080087b0       0x14 CMakeFiles/CS301ProjectClock.elf.dir/Src/stm32f1xx_it.c.obj
                0x00000000080087b0                USART1_IRQHandler
 .text.EXTI15_10_IRQHandler
                0x00000000080087c4       0x10 CMakeFiles/CS301ProjectClock.elf.dir/Src/stm32f1xx_it.c.obj
                0x00000000080087c4                EXTI15_10_IRQHandler
 .text._sbrk    0x00000000080087d4       0x58 CMakeFiles/CS301ProjectClock.elf.dir/Src/syscalls.c.obj
                0x00000000080087d4                _sbrk
 .text.SystemInit
                0x000000000800882c       0x68 CMakeFiles/CS301ProjectClock.elf.dir/Src/system_stm32f1xx.c.obj
                0x000000000800882c                SystemInit
 .text.MX_TIM3_Init
                0x0000000008008894       0x9c CMakeFiles/CS301ProjectClock.elf.dir/Src/tim.c.obj
                0x0000000008008894                MX_TIM3_Init
 .text.HAL_TIM_Base_MspInit
                0x0000000008008930       0x4c CMakeFiles/CS301ProjectClock.elf.dir/Src/tim.c.obj
                0x0000000008008930                HAL_TIM_Base_MspInit
 .text.MX_USART1_UART_Init
                0x000000000800897c       0x54 CMakeFiles/CS301ProjectClock.elf.dir/Src/usart.c.obj
                0x000000000800897c                MX_USART1_UART_Init
 .text.HAL_UART_MspInit
                0x00000000080089d0       0xa8 CMakeFiles/CS301ProjectClock.elf.dir/Src/usart.c.obj
                0x00000000080089d0                HAL_UART_MspInit
 .text.Reset_Handler
                0x0000000008008a78       0x48 CMakeFiles/CS301ProjectClock.elf.dir/startup/startup_stm32f103xe.s.obj
                0x0000000008008a78                Reset_Handler
 .text.Default_Handler
                0x0000000008008ac0        0x2 CMakeFiles/CS301ProjectClock.elf.dir/startup/startup_stm32f103xe.s.obj
                0x0000000008008ac0                DMA2_Channel3_IRQHandler
                0x0000000008008ac0                EXTI2_IRQHandler
                0x0000000008008ac0                TIM8_TRG_COM_IRQHandler
                0x0000000008008ac0                TIM8_CC_IRQHandler
                0x0000000008008ac0                TIM1_CC_IRQHandler
                0x0000000008008ac0                TIM6_IRQHandler
                0x0000000008008ac0                PVD_IRQHandler
                0x0000000008008ac0                SDIO_IRQHandler
                0x0000000008008ac0                EXTI3_IRQHandler
                0x0000000008008ac0                I2C2_EV_IRQHandler
                0x0000000008008ac0                ADC1_2_IRQHandler
                0x0000000008008ac0                SPI1_IRQHandler
                0x0000000008008ac0                TAMPER_IRQHandler
                0x0000000008008ac0                TIM8_UP_IRQHandler
                0x0000000008008ac0                DMA2_Channel2_IRQHandler
                0x0000000008008ac0                DMA1_Channel4_IRQHandler
                0x0000000008008ac0                USART3_IRQHandler
                0x0000000008008ac0                RTC_IRQHandler
                0x0000000008008ac0                DMA1_Channel7_IRQHandler
                0x0000000008008ac0                CAN1_RX1_IRQHandler
                0x0000000008008ac0                UART5_IRQHandler
                0x0000000008008ac0                ADC3_IRQHandler
                0x0000000008008ac0                TIM4_IRQHandler
                0x0000000008008ac0                DMA2_Channel1_IRQHandler
                0x0000000008008ac0                I2C1_EV_IRQHandler
                0x0000000008008ac0                DMA1_Channel6_IRQHandler
                0x0000000008008ac0                UART4_IRQHandler
                0x0000000008008ac0                RCC_IRQHandler
                0x0000000008008ac0                TIM1_TRG_COM_IRQHandler
                0x0000000008008ac0                DMA1_Channel1_IRQHandler
                0x0000000008008ac0                Default_Handler
                0x0000000008008ac0                TIM7_IRQHandler
                0x0000000008008ac0                TIM5_IRQHandler
                0x0000000008008ac0                SPI2_IRQHandler
                0x0000000008008ac0                DMA1_Channel5_IRQHandler
                0x0000000008008ac0                EXTI4_IRQHandler
                0x0000000008008ac0                USB_LP_CAN1_RX0_IRQHandler
                0x0000000008008ac0                USB_HP_CAN1_TX_IRQHandler
                0x0000000008008ac0                DMA1_Channel3_IRQHandler
                0x0000000008008ac0                FSMC_IRQHandler
                0x0000000008008ac0                TIM1_UP_IRQHandler
                0x0000000008008ac0                WWDG_IRQHandler
                0x0000000008008ac0                TIM2_IRQHandler
                0x0000000008008ac0                TIM1_BRK_IRQHandler
                0x0000000008008ac0                EXTI1_IRQHandler
                0x0000000008008ac0                DMA2_Channel4_5_IRQHandler
                0x0000000008008ac0                USART2_IRQHandler
                0x0000000008008ac0                I2C2_ER_IRQHandler
                0x0000000008008ac0                DMA1_Channel2_IRQHandler
                0x0000000008008ac0                TIM8_BRK_IRQHandler
                0x0000000008008ac0                CAN1_SCE_IRQHandler
                0x0000000008008ac0                FLASH_IRQHandler
                0x0000000008008ac0                SPI3_IRQHandler
                0x0000000008008ac0                I2C1_ER_IRQHandler
                0x0000000008008ac0                USBWakeUp_IRQHandler
                0x0000000008008ac0                RTC_Alarm_IRQHandler
 *fill*         0x0000000008008ac2        0x2 
 .text.__errno  0x0000000008008ac4        0xc /usr/local/Cellar/arm-none-eabi-gcc/9-2019-q4-major/gcc/bin/../lib/gcc/arm-none-eabi/9.2.1/../../../../arm-none-eabi/lib/thumb/v7-m/nofp/libg_nano.a(lib_a-errno.o)
                0x0000000008008ac4                __errno
 .text.__libc_init_array
                0x0000000008008ad0       0x48 /usr/local/Cellar/arm-none-eabi-gcc/9-2019-q4-major/gcc/bin/../lib/gcc/arm-none-eabi/9.2.1/../../../../arm-none-eabi/lib/thumb/v7-m/nofp/libg_nano.a(lib_a-init.o)
                0x0000000008008ad0                __libc_init_array
 .text.memset   0x0000000008008b18       0x10 /usr/local/Cellar/arm-none-eabi-gcc/9-2019-q4-major/gcc/bin/../lib/gcc/arm-none-eabi/9.2.1/../../../../arm-none-eabi/lib/thumb/v7-m/nofp/libg_nano.a(lib_a-memset.o)
                0x0000000008008b18                memset
 .text.sprintf  0x0000000008008b28       0x40 /usr/local/Cellar/arm-none-eabi-gcc/9-2019-q4-major/gcc/bin/../lib/gcc/arm-none-eabi/9.2.1/../../../../arm-none-eabi/lib/thumb/v7-m/nofp/libg_nano.a(lib_a-sprintf.o)
                0x0000000008008b28                sprintf
                0x0000000008008b28                siprintf
 .text.__ssputs_r
                0x0000000008008b68       0xb6 /usr/local/Cellar/arm-none-eabi-gcc/9-2019-q4-major/gcc/bin/../lib/gcc/arm-none-eabi/9.2.1/../../../../arm-none-eabi/lib/thumb/v7-m/nofp/libg_nano.a(lib_a-nano-svfprintf.o)
                0x0000000008008b68                __ssputs_r
 *fill*         0x0000000008008c1e        0x2 
 .text._svfprintf_r
                0x0000000008008c20      0x200 /usr/local/Cellar/arm-none-eabi-gcc/9-2019-q4-major/gcc/bin/../lib/gcc/arm-none-eabi/9.2.1/../../../../arm-none-eabi/lib/thumb/v7-m/nofp/libg_nano.a(lib_a-nano-svfprintf.o)
                0x0000000008008c20                _svfprintf_r
                0x0000000008008c20                _svfiprintf_r
 .text._printf_common
                0x0000000008008e20       0xde /usr/local/Cellar/arm-none-eabi-gcc/9-2019-q4-major/gcc/bin/../lib/gcc/arm-none-eabi/9.2.1/../../../../arm-none-eabi/lib/thumb/v7-m/nofp/libg_nano.a(lib_a-nano-vfprintf_i.o)
                0x0000000008008e20                _printf_common
 *fill*         0x0000000008008efe        0x2 
 .text._printf_i
                0x0000000008008f00      0x24c /usr/local/Cellar/arm-none-eabi-gcc/9-2019-q4-major/gcc/bin/../lib/gcc/arm-none-eabi/9.2.1/../../../../arm-none-eabi/lib/thumb/v7-m/nofp/libg_nano.a(lib_a-nano-vfprintf_i.o)
                0x0000000008008f00                _printf_i
 .text.memchr   0x000000000800914c       0x1c /usr/local/Cellar/arm-none-eabi-gcc/9-2019-q4-major/gcc/bin/../lib/gcc/arm-none-eabi/9.2.1/../../../../arm-none-eabi/lib/thumb/v7-m/nofp/libg_nano.a(lib_a-memchr-stub.o)
                0x000000000800914c                memchr
 .text.memcpy   0x0000000008009168       0x1c /usr/local/Cellar/arm-none-eabi-gcc/9-2019-q4-major/gcc/bin/../lib/gcc/arm-none-eabi/9.2.1/../../../../arm-none-eabi/lib/thumb/v7-m/nofp/libg_nano.a(lib_a-memcpy-stub.o)
                0x0000000008009168                memcpy
 .text.memmove  0x0000000008009184       0x34 /usr/local/Cellar/arm-none-eabi-gcc/9-2019-q4-major/gcc/bin/../lib/gcc/arm-none-eabi/9.2.1/../../../../arm-none-eabi/lib/thumb/v7-m/nofp/libg_nano.a(lib_a-memmove.o)
                0x0000000008009184                memmove
 .text._free_r  0x00000000080091b8       0x98 /usr/local/Cellar/arm-none-eabi-gcc/9-2019-q4-major/gcc/bin/../lib/gcc/arm-none-eabi/9.2.1/../../../../arm-none-eabi/lib/thumb/v7-m/nofp/libg_nano.a(lib_a-nano-freer.o)
                0x00000000080091b8                _free_r
 .text._malloc_r
                0x0000000008009250       0xb4 /usr/local/Cellar/arm-none-eabi-gcc/9-2019-q4-major/gcc/bin/../lib/gcc/arm-none-eabi/9.2.1/../../../../arm-none-eabi/lib/thumb/v7-m/nofp/libg_nano.a(lib_a-nano-mallocr.o)
                0x0000000008009250                _malloc_r
 .text._realloc_r
                0x0000000008009304       0x4c /usr/local/Cellar/arm-none-eabi-gcc/9-2019-q4-major/gcc/bin/../lib/gcc/arm-none-eabi/9.2.1/../../../../arm-none-eabi/lib/thumb/v7-m/nofp/libg_nano.a(lib_a-nano-reallocr.o)
                0x0000000008009304                _realloc_r
 .text._sbrk_r  0x0000000008009350       0x20 /usr/local/Cellar/arm-none-eabi-gcc/9-2019-q4-major/gcc/bin/../lib/gcc/arm-none-eabi/9.2.1/../../../../arm-none-eabi/lib/thumb/v7-m/nofp/libg_nano.a(lib_a-sbrkr.o)
                0x0000000008009350                _sbrk_r
 .text.__malloc_lock
                0x0000000008009370        0xc /usr/local/Cellar/arm-none-eabi-gcc/9-2019-q4-major/gcc/bin/../lib/gcc/arm-none-eabi/9.2.1/../../../../arm-none-eabi/lib/thumb/v7-m/nofp/libg_nano.a(lib_a-mlock.o)
                0x0000000008009370                __malloc_lock
 .text.__malloc_unlock
                0x000000000800937c        0xc /usr/local/Cellar/arm-none-eabi-gcc/9-2019-q4-major/gcc/bin/../lib/gcc/arm-none-eabi/9.2.1/../../../../arm-none-eabi/lib/thumb/v7-m/nofp/libg_nano.a(lib_a-mlock.o)
                0x000000000800937c                __malloc_unlock
 .text._malloc_usable_size_r
                0x0000000008009388       0x10 /usr/local/Cellar/arm-none-eabi-gcc/9-2019-q4-major/gcc/bin/../lib/gcc/arm-none-eabi/9.2.1/../../../../arm-none-eabi/lib/thumb/v7-m/nofp/libg_nano.a(lib_a-nano-msizer.o)
                0x0000000008009388                _malloc_usable_size_r
 .text.__retarget_lock_acquire_recursive
                0x0000000008009398        0x2 /usr/local/Cellar/arm-none-eabi-gcc/9-2019-q4-major/gcc/bin/../lib/gcc/arm-none-eabi/9.2.1/../../../../arm-none-eabi/lib/thumb/v7-m/nofp/libg_nano.a(lib_a-lock.o)
                0x0000000008009398                __retarget_lock_acquire_recursive
 .text.__retarget_lock_release_recursive
                0x000000000800939a        0x2 /usr/local/Cellar/arm-none-eabi-gcc/9-2019-q4-major/gcc/bin/../lib/gcc/arm-none-eabi/9.2.1/../../../../arm-none-eabi/lib/thumb/v7-m/nofp/libg_nano.a(lib_a-lock.o)
                0x000000000800939a                __retarget_lock_release_recursive
 .text.cos      0x000000000800939c       0xac /usr/local/Cellar/arm-none-eabi-gcc/9-2019-q4-major/gcc/bin/../lib/gcc/arm-none-eabi/9.2.1/../../../../arm-none-eabi/lib/thumb/v7-m/nofp/libm.a(lib_a-s_cos.o)
                0x000000000800939c                cos
 .text.sin      0x0000000008009448       0xac /usr/local/Cellar/arm-none-eabi-gcc/9-2019-q4-major/gcc/bin/../lib/gcc/arm-none-eabi/9.2.1/../../../../arm-none-eabi/lib/thumb/v7-m/nofp/libm.a(lib_a-s_sin.o)
                0x0000000008009448                sin
 *fill*         0x00000000080094f4        0x4 
 .text.__ieee754_rem_pio2
                0x00000000080094f8      0x444 /usr/local/Cellar/arm-none-eabi-gcc/9-2019-q4-major/gcc/bin/../lib/gcc/arm-none-eabi/9.2.1/../../../../arm-none-eabi/lib/thumb/v7-m/nofp/libm.a(lib_a-e_rem_pio2.o)
                0x00000000080094f8                __ieee754_rem_pio2
 *fill*         0x000000000800993c        0x4 
 .text.__kernel_cos
                0x0000000008009940      0x250 /usr/local/Cellar/arm-none-eabi-gcc/9-2019-q4-major/gcc/bin/../lib/gcc/arm-none-eabi/9.2.1/../../../../arm-none-eabi/lib/thumb/v7-m/nofp/libm.a(lib_a-k_cos.o)
                0x0000000008009940                __kernel_cos
 .text.__kernel_rem_pio2
                0x0000000008009b90      0x848 /usr/local/Cellar/arm-none-eabi-gcc/9-2019-q4-major/gcc/bin/../lib/gcc/arm-none-eabi/9.2.1/../../../../arm-none-eabi/lib/thumb/v7-m/nofp/libm.a(lib_a-k_rem_pio2.o)
                0x0000000008009b90                __kernel_rem_pio2
 .text.__kernel_sin
                0x000000000800a3d8      0x184 /usr/local/Cellar/arm-none-eabi-gcc/9-2019-q4-major/gcc/bin/../lib/gcc/arm-none-eabi/9.2.1/../../../../arm-none-eabi/lib/thumb/v7-m/nofp/libm.a(lib_a-k_sin.o)
                0x000000000800a3d8                __kernel_sin
 .text.fabs     0x000000000800a55c        0x8 /usr/local/Cellar/arm-none-eabi-gcc/9-2019-q4-major/gcc/bin/../lib/gcc/arm-none-eabi/9.2.1/../../../../arm-none-eabi/lib/thumb/v7-m/nofp/libm.a(lib_a-s_fabs.o)
                0x000000000800a55c                fabs
 *fill*         0x000000000800a564        0x4 
 .text.floor    0x000000000800a568       0xf8 /usr/local/Cellar/arm-none-eabi-gcc/9-2019-q4-major/gcc/bin/../lib/gcc/arm-none-eabi/9.2.1/../../../../arm-none-eabi/lib/thumb/v7-m/nofp/libm.a(lib_a-s_floor.o)
                0x000000000800a568                floor
 .text.scalbn   0x000000000800a660       0xf4 /usr/local/Cellar/arm-none-eabi-gcc/9-2019-q4-major/gcc/bin/../lib/gcc/arm-none-eabi/9.2.1/../../../../arm-none-eabi/lib/thumb/v7-m/nofp/libm.a(lib_a-s_scalbn.o)
                0x000000000800a660                scalbn
 *(.glue_7)
 .glue_7        0x000000000800a754        0x0 linker stubs
 *(.glue_7t)
 .glue_7t       0x000000000800a754        0x0 linker stubs
 *(.eh_frame)
 .eh_frame      0x000000000800a754        0x0 /usr/local/Cellar/arm-none-eabi-gcc/9-2019-q4-major/gcc/bin/../lib/gcc/arm-none-eabi/9.2.1/thumb/v7-m/nofp/crtbegin.o
 *(.init)
 .init          0x000000000800a754        0x4 /usr/local/Cellar/arm-none-eabi-gcc/9-2019-q4-major/gcc/bin/../lib/gcc/arm-none-eabi/9.2.1/thumb/v7-m/nofp/crti.o
                0x000000000800a754                _init
 .init          0x000000000800a758        0x8 /usr/local/Cellar/arm-none-eabi-gcc/9-2019-q4-major/gcc/bin/../lib/gcc/arm-none-eabi/9.2.1/thumb/v7-m/nofp/crtn.o
 *(.fini)
 .fini          0x000000000800a760        0x4 /usr/local/Cellar/arm-none-eabi-gcc/9-2019-q4-major/gcc/bin/../lib/gcc/arm-none-eabi/9.2.1/thumb/v7-m/nofp/crti.o
                0x000000000800a760                _fini
 .fini          0x000000000800a764        0x8 /usr/local/Cellar/arm-none-eabi-gcc/9-2019-q4-major/gcc/bin/../lib/gcc/arm-none-eabi/9.2.1/thumb/v7-m/nofp/crtn.o
                0x000000000800a76c                . = ALIGN (0x4)
                0x000000000800a76c                _etext = .

.vfp11_veneer   0x000000000800a76c        0x0
 .vfp11_veneer  0x000000000800a76c        0x0 linker stubs

.v4_bx          0x000000000800a76c        0x0
 .v4_bx         0x000000000800a76c        0x0 linker stubs

.iplt           0x000000000800a76c        0x0
 .iplt          0x000000000800a76c        0x0 /usr/local/Cellar/arm-none-eabi-gcc/9-2019-q4-major/gcc/bin/../lib/gcc/arm-none-eabi/9.2.1/thumb/v7-m/nofp/crtbegin.o

.rodata         0x000000000800a770      0x240
                0x000000000800a770                . = ALIGN (0x4)
 *(.rodata)
 .rodata        0x000000000800a770       0x10 CMakeFiles/CS301ProjectClock.elf.dir/Drivers/STM32F1xx_HAL_Driver/Src/stm32f1xx_hal_rcc.c.obj
 .rodata        0x000000000800a780        0xb CMakeFiles/CS301ProjectClock.elf.dir/Src/main.c.obj
 *(.rodata*)
 *fill*         0x000000000800a78b        0x1 
 .rodata.AHBPrescTable
                0x000000000800a78c       0x10 CMakeFiles/CS301ProjectClock.elf.dir/Src/system_stm32f1xx.c.obj
                0x000000000800a78c                AHBPrescTable
 .rodata.APBPrescTable
                0x000000000800a79c        0x8 CMakeFiles/CS301ProjectClock.elf.dir/Src/system_stm32f1xx.c.obj
                0x000000000800a79c                APBPrescTable
 .rodata._svfprintf_r.str1.1
                0x000000000800a7a4       0x11 /usr/local/Cellar/arm-none-eabi-gcc/9-2019-q4-major/gcc/bin/../lib/gcc/arm-none-eabi/9.2.1/../../../../arm-none-eabi/lib/thumb/v7-m/nofp/libg_nano.a(lib_a-nano-svfprintf.o)
 .rodata._printf_i.str1.1
                0x000000000800a7b5       0x22 /usr/local/Cellar/arm-none-eabi-gcc/9-2019-q4-major/gcc/bin/../lib/gcc/arm-none-eabi/9.2.1/../../../../arm-none-eabi/lib/thumb/v7-m/nofp/libg_nano.a(lib_a-nano-vfprintf_i.o)
 *fill*         0x000000000800a7d7        0x1 
 .rodata.npio2_hw
                0x000000000800a7d8       0x80 /usr/local/Cellar/arm-none-eabi-gcc/9-2019-q4-major/gcc/bin/../lib/gcc/arm-none-eabi/9.2.1/../../../../arm-none-eabi/lib/thumb/v7-m/nofp/libm.a(lib_a-e_rem_pio2.o)
 .rodata.two_over_pi
                0x000000000800a858      0x108 /usr/local/Cellar/arm-none-eabi-gcc/9-2019-q4-major/gcc/bin/../lib/gcc/arm-none-eabi/9.2.1/../../../../arm-none-eabi/lib/thumb/v7-m/nofp/libm.a(lib_a-e_rem_pio2.o)
 .rodata.PIo2   0x000000000800a960       0x40 /usr/local/Cellar/arm-none-eabi-gcc/9-2019-q4-major/gcc/bin/../lib/gcc/arm-none-eabi/9.2.1/../../../../arm-none-eabi/lib/thumb/v7-m/nofp/libm.a(lib_a-k_rem_pio2.o)
 .rodata.init_jk
                0x000000000800a9a0       0x10 /usr/local/Cellar/arm-none-eabi-gcc/9-2019-q4-major/gcc/bin/../lib/gcc/arm-none-eabi/9.2.1/../../../../arm-none-eabi/lib/thumb/v7-m/nofp/libm.a(lib_a-k_rem_pio2.o)
                0x000000000800a9b0                . = ALIGN (0x4)

.rel.dyn        0x000000000800a9b0        0x0
 .rel.iplt      0x000000000800a9b0        0x0 /usr/local/Cellar/arm-none-eabi-gcc/9-2019-q4-major/gcc/bin/../lib/gcc/arm-none-eabi/9.2.1/thumb/v7-m/nofp/crtbegin.o

.ARM.extab
 *(.ARM.extab* .gnu.linkonce.armextab.*)

.ARM            0x000000000800a9b0        0x0
                0x000000000800a9b0                __exidx_start = .
 *(.ARM.exidx*)
                0x000000000800a9b0                __exidx_end = .

.preinit_array  0x000000000800a9b0        0x0
                0x000000000800a9b0                PROVIDE (__preinit_array_start = .)
 *(.preinit_array*)
                0x000000000800a9b0                PROVIDE (__preinit_array_end = .)

.init_array     0x000000000800a9b0        0x4
                0x000000000800a9b0                PROVIDE (__init_array_start = .)
 *(SORT_BY_NAME(.init_array.*))
 *(.init_array*)
 .init_array    0x000000000800a9b0        0x4 /usr/local/Cellar/arm-none-eabi-gcc/9-2019-q4-major/gcc/bin/../lib/gcc/arm-none-eabi/9.2.1/thumb/v7-m/nofp/crtbegin.o
                0x000000000800a9b4                PROVIDE (__init_array_end = .)

.fini_array     0x000000000800a9b4        0x4
                [!provide]                        PROVIDE (__fini_array_start = .)
 *(SORT_BY_NAME(.fini_array.*))
 *(.fini_array*)
 .fini_array    0x000000000800a9b4        0x4 /usr/local/Cellar/arm-none-eabi-gcc/9-2019-q4-major/gcc/bin/../lib/gcc/arm-none-eabi/9.2.1/thumb/v7-m/nofp/crtbegin.o
                [!provide]                        PROVIDE (__fini_array_end = .)
                0x000000000800a9b8                _sidata = LOADADDR (.data)

.data           0x0000000020000000       0x70 load address 0x000000000800a9b8
                0x0000000020000000                . = ALIGN (0x4)
                0x0000000020000000                _sdata = .
 *(.data)
 *(.data*)
 .data.uwTickPrio
                0x0000000020000000        0x4 CMakeFiles/CS301ProjectClock.elf.dir/Drivers/STM32F1xx_HAL_Driver/Src/stm32f1xx_hal.c.obj
                0x0000000020000000                uwTickPrio
 .data.uwTickFreq
                0x0000000020000004        0x1 CMakeFiles/CS301ProjectClock.elf.dir/Drivers/STM32F1xx_HAL_Driver/Src/stm32f1xx_hal.c.obj
                0x0000000020000004                uwTickFreq
 *fill*         0x0000000020000005        0x3 
 .data.SystemCoreClock
                0x0000000020000008        0x4 CMakeFiles/CS301ProjectClock.elf.dir/Src/system_stm32f1xx.c.obj
                0x0000000020000008                SystemCoreClock
 .data._impure_ptr
                0x000000002000000c        0x4 /usr/local/Cellar/arm-none-eabi-gcc/9-2019-q4-major/gcc/bin/../lib/gcc/arm-none-eabi/9.2.1/../../../../arm-none-eabi/lib/thumb/v7-m/nofp/libg_nano.a(lib_a-impure.o)
                0x000000002000000c                _impure_ptr
 .data.impure_data
                0x0000000020000010       0x60 /usr/local/Cellar/arm-none-eabi-gcc/9-2019-q4-major/gcc/bin/../lib/gcc/arm-none-eabi/9.2.1/../../../../arm-none-eabi/lib/thumb/v7-m/nofp/libg_nano.a(lib_a-impure.o)
                0x0000000020000070                . = ALIGN (0x4)
                0x0000000020000070                _edata = .

.igot.plt       0x0000000020000070        0x0 load address 0x000000000800aa28
 .igot.plt      0x0000000020000070        0x0 /usr/local/Cellar/arm-none-eabi-gcc/9-2019-q4-major/gcc/bin/../lib/gcc/arm-none-eabi/9.2.1/thumb/v7-m/nofp/crtbegin.o
                0x0000000020000070                . = ALIGN (0x4)

.bss            0x0000000020000070      0x5b4 load address 0x000000000800aa28
                0x0000000020000070                _sbss = .
                0x0000000020000070                __bss_start__ = _sbss
 *(.bss)
 .bss           0x0000000020000070       0x1c /usr/local/Cellar/arm-none-eabi-gcc/9-2019-q4-major/gcc/bin/../lib/gcc/arm-none-eabi/9.2.1/thumb/v7-m/nofp/crtbegin.o
 *(.bss*)
 .bss.uwTick    0x000000002000008c        0x4 CMakeFiles/CS301ProjectClock.elf.dir/Drivers/STM32F1xx_HAL_Driver/Src/stm32f1xx_hal.c.obj
                0x000000002000008c                uwTick
 .bss.POINT_COLOR
                0x0000000020000090        0x2 CMakeFiles/CS301ProjectClock.elf.dir/Src/lcd.c.obj
                0x0000000020000090                POINT_COLOR
 *fill*         0x0000000020000092        0x2 
 .bss.lcddev    0x0000000020000094        0xe CMakeFiles/CS301ProjectClock.elf.dir/Src/lcd.c.obj
                0x0000000020000094                lcddev
 *fill*         0x00000000200000a2        0x2 
 .bss.rxBuffer  0x00000000200000a4       0x64 CMakeFiles/CS301ProjectClock.elf.dir/Src/main.c.obj
                0x00000000200000a4                rxBuffer
 .bss.msg       0x0000000020000108       0x64 CMakeFiles/CS301ProjectClock.elf.dir/Src/main.c.obj
                0x0000000020000108                msg
 .bss.time_text
                0x000000002000016c       0x14 CMakeFiles/CS301ProjectClock.elf.dir/Src/main.c.obj
                0x000000002000016c                time_text
 .bss.time_in_sec
                0x0000000020000180        0x4 CMakeFiles/CS301ProjectClock.elf.dir/Src/main.c.obj
                0x0000000020000180                time_in_sec
 .bss.uLength.8467
                0x0000000020000184        0x1 CMakeFiles/CS301ProjectClock.elf.dir/Src/main.c.obj
 *fill*         0x0000000020000185        0x3 
 .bss.uRx_Data.8466
                0x0000000020000188      0x400 CMakeFiles/CS301ProjectClock.elf.dir/Src/main.c.obj
 .bss.heap_end.6018
                0x0000000020000588        0x4 CMakeFiles/CS301ProjectClock.elf.dir/Src/syscalls.c.obj
 .bss.htim3     0x000000002000058c       0x40 CMakeFiles/CS301ProjectClock.elf.dir/Src/tim.c.obj
                0x000000002000058c                htim3
 .bss.huart1    0x00000000200005cc       0x40 CMakeFiles/CS301ProjectClock.elf.dir/Src/usart.c.obj
                0x00000000200005cc                huart1
 .bss.__malloc_free_list
                0x000000002000060c        0x4 /usr/local/Cellar/arm-none-eabi-gcc/9-2019-q4-major/gcc/bin/../lib/gcc/arm-none-eabi/9.2.1/../../../../arm-none-eabi/lib/thumb/v7-m/nofp/libg_nano.a(lib_a-nano-mallocr.o)
                0x000000002000060c                __malloc_free_list
 .bss.__malloc_sbrk_start
                0x0000000020000610        0x4 /usr/local/Cellar/arm-none-eabi-gcc/9-2019-q4-major/gcc/bin/../lib/gcc/arm-none-eabi/9.2.1/../../../../arm-none-eabi/lib/thumb/v7-m/nofp/libg_nano.a(lib_a-nano-mallocr.o)
                0x0000000020000610                __malloc_sbrk_start
 *(COMMON)
 COMMON         0x0000000020000614        0x4 /usr/local/Cellar/arm-none-eabi-gcc/9-2019-q4-major/gcc/bin/../lib/gcc/arm-none-eabi/9.2.1/../../../../arm-none-eabi/lib/thumb/v7-m/nofp/libg_nano.a(lib_a-reent.o)
                0x0000000020000614                errno
 COMMON         0x0000000020000618        0x9 /usr/local/Cellar/arm-none-eabi-gcc/9-2019-q4-major/gcc/bin/../lib/gcc/arm-none-eabi/9.2.1/../../../../arm-none-eabi/lib/thumb/v7-m/nofp/libg_nano.a(lib_a-lock.o)
                0x0000000020000618                __lock___atexit_recursive_mutex
                0x0000000020000619                __lock___arc4random_mutex
                0x000000002000061a                __lock___env_recursive_mutex
                0x000000002000061b                __lock___sinit_recursive_mutex
                0x000000002000061c                __lock___malloc_recursive_mutex
                0x000000002000061d                __lock___at_quick_exit_mutex
                0x000000002000061e                __lock___dd_hash_mutex
                0x000000002000061f                __lock___tz_mutex
                0x0000000020000620                __lock___sfp_recursive_mutex
                0x0000000020000624                . = ALIGN (0x4)
 *fill*         0x0000000020000621        0x3 
                0x0000000020000624                _ebss = .
                0x0000000020000624                __bss_end__ = _ebss

._user_heap_stack
                0x0000000020000624      0x604 load address 0x000000000800aa28
                0x0000000020000628                . = ALIGN (0x8)
 *fill*         0x0000000020000624        0x4 
                0x0000000020000628                PROVIDE (end = .)
                [!provide]                        PROVIDE (_end = .)
                0x0000000020000828                . = (. + _Min_Heap_Size)
 *fill*         0x0000000020000628      0x200 
                0x0000000020000c28                . = (. + _Min_Stack_Size)
 *fill*         0x0000000020000828      0x400 
                0x0000000020000c28                . = ALIGN (0x8)

/DISCARD/
 libc.a(*)
 libm.a(*)
 libgcc.a(*)

.ARM.attributes
                0x0000000000000000       0x29
 *(.ARM.attributes)
 .ARM.attributes
                0x0000000000000000       0x1d /usr/local/Cellar/arm-none-eabi-gcc/9-2019-q4-major/gcc/bin/../lib/gcc/arm-none-eabi/9.2.1/thumb/v7-m/nofp/crti.o
 .ARM.attributes
                0x000000000000001d       0x2d /usr/local/Cellar/arm-none-eabi-gcc/9-2019-q4-major/gcc/bin/../lib/gcc/arm-none-eabi/9.2.1/thumb/v7-m/nofp/crtbegin.o
 .ARM.attributes
                0x000000000000004a       0x2d CMakeFiles/CS301ProjectClock.elf.dir/Drivers/STM32F1xx_HAL_Driver/Src/stm32f1xx_hal.c.obj
 .ARM.attributes
                0x0000000000000077       0x2d CMakeFiles/CS301ProjectClock.elf.dir/Drivers/STM32F1xx_HAL_Driver/Src/stm32f1xx_hal_cortex.c.obj
 .ARM.attributes
                0x00000000000000a4       0x2d CMakeFiles/CS301ProjectClock.elf.dir/Drivers/STM32F1xx_HAL_Driver/Src/stm32f1xx_hal_dma.c.obj
 .ARM.attributes
                0x00000000000000d1       0x2d CMakeFiles/CS301ProjectClock.elf.dir/Drivers/STM32F1xx_HAL_Driver/Src/stm32f1xx_hal_gpio.c.obj
 .ARM.attributes
                0x00000000000000fe       0x2d CMakeFiles/CS301ProjectClock.elf.dir/Drivers/STM32F1xx_HAL_Driver/Src/stm32f1xx_hal_rcc.c.obj
 .ARM.attributes
                0x000000000000012b       0x2d CMakeFiles/CS301ProjectClock.elf.dir/Drivers/STM32F1xx_HAL_Driver/Src/stm32f1xx_hal_tim.c.obj
 .ARM.attributes
                0x0000000000000158       0x2d CMakeFiles/CS301ProjectClock.elf.dir/Drivers/STM32F1xx_HAL_Driver/Src/stm32f1xx_hal_tim_ex.c.obj
 .ARM.attributes
                0x0000000000000185       0x2d CMakeFiles/CS301ProjectClock.elf.dir/Drivers/STM32F1xx_HAL_Driver/Src/stm32f1xx_hal_uart.c.obj
 .ARM.attributes
                0x00000000000001b2       0x2d CMakeFiles/CS301ProjectClock.elf.dir/Src/gpio.c.obj
 .ARM.attributes
                0x00000000000001df       0x2d CMakeFiles/CS301ProjectClock.elf.dir/Src/lcd.c.obj
 .ARM.attributes
                0x000000000000020c       0x2d CMakeFiles/CS301ProjectClock.elf.dir/Src/main.c.obj
 .ARM.attributes
                0x0000000000000239       0x2d CMakeFiles/CS301ProjectClock.elf.dir/Src/stm32f1xx_hal_msp.c.obj
 .ARM.attributes
                0x0000000000000266       0x2d CMakeFiles/CS301ProjectClock.elf.dir/Src/stm32f1xx_it.c.obj
 .ARM.attributes
                0x0000000000000293       0x2d CMakeFiles/CS301ProjectClock.elf.dir/Src/syscalls.c.obj
 .ARM.attributes
                0x00000000000002c0       0x2d CMakeFiles/CS301ProjectClock.elf.dir/Src/system_stm32f1xx.c.obj
 .ARM.attributes
                0x00000000000002ed       0x2d CMakeFiles/CS301ProjectClock.elf.dir/Src/tim.c.obj
 .ARM.attributes
                0x000000000000031a       0x2d CMakeFiles/CS301ProjectClock.elf.dir/Src/usart.c.obj
 .ARM.attributes
                0x0000000000000347       0x21 CMakeFiles/CS301ProjectClock.elf.dir/startup/startup_stm32f103xe.s.obj
 .ARM.attributes
                0x0000000000000368       0x1d /usr/local/Cellar/arm-none-eabi-gcc/9-2019-q4-major/gcc/bin/../lib/gcc/arm-none-eabi/9.2.1/thumb/v7-m/nofp/libgcc.a(_arm_addsubdf3.o)
 .ARM.attributes
                0x0000000000000385       0x1d /usr/local/Cellar/arm-none-eabi-gcc/9-2019-q4-major/gcc/bin/../lib/gcc/arm-none-eabi/9.2.1/thumb/v7-m/nofp/libgcc.a(_arm_muldivdf3.o)
 .ARM.attributes
                0x00000000000003a2       0x1d /usr/local/Cellar/arm-none-eabi-gcc/9-2019-q4-major/gcc/bin/../lib/gcc/arm-none-eabi/9.2.1/thumb/v7-m/nofp/libgcc.a(_arm_fixdfsi.o)
 .ARM.attributes
                0x00000000000003bf       0x1d /usr/local/Cellar/arm-none-eabi-gcc/9-2019-q4-major/gcc/bin/../lib/gcc/arm-none-eabi/9.2.1/thumb/v7-m/nofp/libgcc.a(_arm_fixunsdfsi.o)
 .ARM.attributes
                0x00000000000003dc       0x2d /usr/local/Cellar/arm-none-eabi-gcc/9-2019-q4-major/gcc/bin/../lib/gcc/arm-none-eabi/9.2.1/../../../../arm-none-eabi/lib/thumb/v7-m/nofp/libg_nano.a(lib_a-errno.o)
 .ARM.attributes
                0x0000000000000409       0x2d /usr/local/Cellar/arm-none-eabi-gcc/9-2019-q4-major/gcc/bin/../lib/gcc/arm-none-eabi/9.2.1/../../../../arm-none-eabi/lib/thumb/v7-m/nofp/libg_nano.a(lib_a-impure.o)
 .ARM.attributes
                0x0000000000000436       0x2d /usr/local/Cellar/arm-none-eabi-gcc/9-2019-q4-major/gcc/bin/../lib/gcc/arm-none-eabi/9.2.1/../../../../arm-none-eabi/lib/thumb/v7-m/nofp/libg_nano.a(lib_a-init.o)
 .ARM.attributes
                0x0000000000000463       0x2d /usr/local/Cellar/arm-none-eabi-gcc/9-2019-q4-major/gcc/bin/../lib/gcc/arm-none-eabi/9.2.1/../../../../arm-none-eabi/lib/thumb/v7-m/nofp/libg_nano.a(lib_a-memset.o)
 .ARM.attributes
                0x0000000000000490       0x2d /usr/local/Cellar/arm-none-eabi-gcc/9-2019-q4-major/gcc/bin/../lib/gcc/arm-none-eabi/9.2.1/../../../../arm-none-eabi/lib/thumb/v7-m/nofp/libg_nano.a(lib_a-sprintf.o)
 .ARM.attributes
                0x00000000000004bd       0x17 /usr/local/Cellar/arm-none-eabi-gcc/9-2019-q4-major/gcc/bin/../lib/gcc/arm-none-eabi/9.2.1/../../../../arm-none-eabi/lib/thumb/v7-m/nofp/libg_nano.a(lib_a-strlen.o)
 .ARM.attributes
                0x00000000000004d4       0x2d /usr/local/Cellar/arm-none-eabi-gcc/9-2019-q4-major/gcc/bin/../lib/gcc/arm-none-eabi/9.2.1/../../../../arm-none-eabi/lib/thumb/v7-m/nofp/libg_nano.a(lib_a-nano-svfprintf.o)
 .ARM.attributes
                0x0000000000000501       0x2d /usr/local/Cellar/arm-none-eabi-gcc/9-2019-q4-major/gcc/bin/../lib/gcc/arm-none-eabi/9.2.1/../../../../arm-none-eabi/lib/thumb/v7-m/nofp/libg_nano.a(lib_a-nano-vfprintf_i.o)
 .ARM.attributes
                0x000000000000052e       0x2d /usr/local/Cellar/arm-none-eabi-gcc/9-2019-q4-major/gcc/bin/../lib/gcc/arm-none-eabi/9.2.1/../../../../arm-none-eabi/lib/thumb/v7-m/nofp/libg_nano.a(lib_a-memchr-stub.o)
 .ARM.attributes
                0x000000000000055b       0x2d /usr/local/Cellar/arm-none-eabi-gcc/9-2019-q4-major/gcc/bin/../lib/gcc/arm-none-eabi/9.2.1/../../../../arm-none-eabi/lib/thumb/v7-m/nofp/libg_nano.a(lib_a-memcpy-stub.o)
 .ARM.attributes
                0x0000000000000588       0x2d /usr/local/Cellar/arm-none-eabi-gcc/9-2019-q4-major/gcc/bin/../lib/gcc/arm-none-eabi/9.2.1/../../../../arm-none-eabi/lib/thumb/v7-m/nofp/libg_nano.a(lib_a-memmove.o)
 .ARM.attributes
                0x00000000000005b5       0x2d /usr/local/Cellar/arm-none-eabi-gcc/9-2019-q4-major/gcc/bin/../lib/gcc/arm-none-eabi/9.2.1/../../../../arm-none-eabi/lib/thumb/v7-m/nofp/libg_nano.a(lib_a-nano-freer.o)
 .ARM.attributes
                0x00000000000005e2       0x2d /usr/local/Cellar/arm-none-eabi-gcc/9-2019-q4-major/gcc/bin/../lib/gcc/arm-none-eabi/9.2.1/../../../../arm-none-eabi/lib/thumb/v7-m/nofp/libg_nano.a(lib_a-nano-mallocr.o)
 .ARM.attributes
                0x000000000000060f       0x2d /usr/local/Cellar/arm-none-eabi-gcc/9-2019-q4-major/gcc/bin/../lib/gcc/arm-none-eabi/9.2.1/../../../../arm-none-eabi/lib/thumb/v7-m/nofp/libg_nano.a(lib_a-nano-reallocr.o)
 .ARM.attributes
                0x000000000000063c       0x2d /usr/local/Cellar/arm-none-eabi-gcc/9-2019-q4-major/gcc/bin/../lib/gcc/arm-none-eabi/9.2.1/../../../../arm-none-eabi/lib/thumb/v7-m/nofp/libg_nano.a(lib_a-sbrkr.o)
 .ARM.attributes
                0x0000000000000669       0x2d /usr/local/Cellar/arm-none-eabi-gcc/9-2019-q4-major/gcc/bin/../lib/gcc/arm-none-eabi/9.2.1/../../../../arm-none-eabi/lib/thumb/v7-m/nofp/libg_nano.a(lib_a-mlock.o)
 .ARM.attributes
                0x0000000000000696       0x2d /usr/local/Cellar/arm-none-eabi-gcc/9-2019-q4-major/gcc/bin/../lib/gcc/arm-none-eabi/9.2.1/../../../../arm-none-eabi/lib/thumb/v7-m/nofp/libg_nano.a(lib_a-nano-msizer.o)
 .ARM.attributes
                0x00000000000006c3       0x2d /usr/local/Cellar/arm-none-eabi-gcc/9-2019-q4-major/gcc/bin/../lib/gcc/arm-none-eabi/9.2.1/../../../../arm-none-eabi/lib/thumb/v7-m/nofp/libg_nano.a(lib_a-reent.o)
 .ARM.attributes
                0x00000000000006f0       0x2d /usr/local/Cellar/arm-none-eabi-gcc/9-2019-q4-major/gcc/bin/../lib/gcc/arm-none-eabi/9.2.1/../../../../arm-none-eabi/lib/thumb/v7-m/nofp/libg_nano.a(lib_a-lock.o)
 .ARM.attributes
                0x000000000000071d       0x1d /usr/local/Cellar/arm-none-eabi-gcc/9-2019-q4-major/gcc/bin/../lib/gcc/arm-none-eabi/9.2.1/thumb/v7-m/nofp/crtn.o
OUTPUT(CS301ProjectClock.elf elf32-littlearm)

.debug_info     0x0000000000000000     0xdf5f
 .debug_info    0x0000000000000000      0x7ad CMakeFiles/CS301ProjectClock.elf.dir/Drivers/STM32F1xx_HAL_Driver/Src/stm32f1xx_hal.c.obj
 .debug_info    0x00000000000007ad      0xc2b CMakeFiles/CS301ProjectClock.elf.dir/Drivers/STM32F1xx_HAL_Driver/Src/stm32f1xx_hal_cortex.c.obj
 .debug_info    0x00000000000013d8      0x807 CMakeFiles/CS301ProjectClock.elf.dir/Drivers/STM32F1xx_HAL_Driver/Src/stm32f1xx_hal_dma.c.obj
 .debug_info    0x0000000000001bdf      0x6da CMakeFiles/CS301ProjectClock.elf.dir/Drivers/STM32F1xx_HAL_Driver/Src/stm32f1xx_hal_gpio.c.obj
 .debug_info    0x00000000000022b9      0x877 CMakeFiles/CS301ProjectClock.elf.dir/Drivers/STM32F1xx_HAL_Driver/Src/stm32f1xx_hal_rcc.c.obj
 .debug_info    0x0000000000002b30     0x2669 CMakeFiles/CS301ProjectClock.elf.dir/Drivers/STM32F1xx_HAL_Driver/Src/stm32f1xx_hal_tim.c.obj
 .debug_info    0x0000000000005199     0x11fb CMakeFiles/CS301ProjectClock.elf.dir/Drivers/STM32F1xx_HAL_Driver/Src/stm32f1xx_hal_tim_ex.c.obj
 .debug_info    0x0000000000006394     0x12db CMakeFiles/CS301ProjectClock.elf.dir/Drivers/STM32F1xx_HAL_Driver/Src/stm32f1xx_hal_uart.c.obj
 .debug_info    0x000000000000766f      0x525 CMakeFiles/CS301ProjectClock.elf.dir/Src/gpio.c.obj
 .debug_info    0x0000000000007b94     0x17b4 CMakeFiles/CS301ProjectClock.elf.dir/Src/lcd.c.obj
 .debug_info    0x0000000000009348     0x177c CMakeFiles/CS301ProjectClock.elf.dir/Src/main.c.obj
 .debug_info    0x000000000000aac4      0x2e5 CMakeFiles/CS301ProjectClock.elf.dir/Src/stm32f1xx_hal_msp.c.obj
 .debug_info    0x000000000000ada9      0x97d CMakeFiles/CS301ProjectClock.elf.dir/Src/stm32f1xx_it.c.obj
 .debug_info    0x000000000000b726     0x100f CMakeFiles/CS301ProjectClock.elf.dir/Src/syscalls.c.obj
 .debug_info    0x000000000000c735      0x462 CMakeFiles/CS301ProjectClock.elf.dir/Src/system_stm32f1xx.c.obj
 .debug_info    0x000000000000cb97      0x9dd CMakeFiles/CS301ProjectClock.elf.dir/Src/tim.c.obj
 .debug_info    0x000000000000d574      0x9c9 CMakeFiles/CS301ProjectClock.elf.dir/Src/usart.c.obj
 .debug_info    0x000000000000df3d       0x22 CMakeFiles/CS301ProjectClock.elf.dir/startup/startup_stm32f103xe.s.obj

.debug_abbrev   0x0000000000000000     0x2485
 .debug_abbrev  0x0000000000000000      0x1fd CMakeFiles/CS301ProjectClock.elf.dir/Drivers/STM32F1xx_HAL_Driver/Src/stm32f1xx_hal.c.obj
 .debug_abbrev  0x00000000000001fd      0x310 CMakeFiles/CS301ProjectClock.elf.dir/Drivers/STM32F1xx_HAL_Driver/Src/stm32f1xx_hal_cortex.c.obj
 .debug_abbrev  0x000000000000050d      0x225 CMakeFiles/CS301ProjectClock.elf.dir/Drivers/STM32F1xx_HAL_Driver/Src/stm32f1xx_hal_dma.c.obj
 .debug_abbrev  0x0000000000000732      0x1e5 CMakeFiles/CS301ProjectClock.elf.dir/Drivers/STM32F1xx_HAL_Driver/Src/stm32f1xx_hal_gpio.c.obj
 .debug_abbrev  0x0000000000000917      0x270 CMakeFiles/CS301ProjectClock.elf.dir/Drivers/STM32F1xx_HAL_Driver/Src/stm32f1xx_hal_rcc.c.obj
 .debug_abbrev  0x0000000000000b87      0x25b CMakeFiles/CS301ProjectClock.elf.dir/Drivers/STM32F1xx_HAL_Driver/Src/stm32f1xx_hal_tim.c.obj
 .debug_abbrev  0x0000000000000de2      0x249 CMakeFiles/CS301ProjectClock.elf.dir/Drivers/STM32F1xx_HAL_Driver/Src/stm32f1xx_hal_tim_ex.c.obj
 .debug_abbrev  0x000000000000102b      0x26d CMakeFiles/CS301ProjectClock.elf.dir/Drivers/STM32F1xx_HAL_Driver/Src/stm32f1xx_hal_uart.c.obj
 .debug_abbrev  0x0000000000001298      0x154 CMakeFiles/CS301ProjectClock.elf.dir/Src/gpio.c.obj
 .debug_abbrev  0x00000000000013ec      0x352 CMakeFiles/CS301ProjectClock.elf.dir/Src/lcd.c.obj
 .debug_abbrev  0x000000000000173e      0x321 CMakeFiles/CS301ProjectClock.elf.dir/Src/main.c.obj
 .debug_abbrev  0x0000000000001a5f      0x11a CMakeFiles/CS301ProjectClock.elf.dir/Src/stm32f1xx_hal_msp.c.obj
 .debug_abbrev  0x0000000000001b79      0x18d CMakeFiles/CS301ProjectClock.elf.dir/Src/stm32f1xx_it.c.obj
 .debug_abbrev  0x0000000000001d06      0x2a9 CMakeFiles/CS301ProjectClock.elf.dir/Src/syscalls.c.obj
 .debug_abbrev  0x0000000000001faf      0x14b CMakeFiles/CS301ProjectClock.elf.dir/Src/system_stm32f1xx.c.obj
 .debug_abbrev  0x00000000000020fa      0x1b8 CMakeFiles/CS301ProjectClock.elf.dir/Src/tim.c.obj
 .debug_abbrev  0x00000000000022b2      0x1c1 CMakeFiles/CS301ProjectClock.elf.dir/Src/usart.c.obj
 .debug_abbrev  0x0000000000002473       0x12 CMakeFiles/CS301ProjectClock.elf.dir/startup/startup_stm32f103xe.s.obj

.debug_aranges  0x0000000000000000      0xdc0
 .debug_aranges
                0x0000000000000000       0xe0 CMakeFiles/CS301ProjectClock.elf.dir/Drivers/STM32F1xx_HAL_Driver/Src/stm32f1xx_hal.c.obj
 .debug_aranges
                0x00000000000000e0      0x100 CMakeFiles/CS301ProjectClock.elf.dir/Drivers/STM32F1xx_HAL_Driver/Src/stm32f1xx_hal_cortex.c.obj
 .debug_aranges
                0x00000000000001e0       0x80 CMakeFiles/CS301ProjectClock.elf.dir/Drivers/STM32F1xx_HAL_Driver/Src/stm32f1xx_hal_dma.c.obj
 .debug_aranges
                0x0000000000000260       0x58 CMakeFiles/CS301ProjectClock.elf.dir/Drivers/STM32F1xx_HAL_Driver/Src/stm32f1xx_hal_gpio.c.obj
 .debug_aranges
                0x00000000000002b8       0x90 CMakeFiles/CS301ProjectClock.elf.dir/Drivers/STM32F1xx_HAL_Driver/Src/stm32f1xx_hal_rcc.c.obj
 .debug_aranges
                0x0000000000000348      0x3a8 CMakeFiles/CS301ProjectClock.elf.dir/Drivers/STM32F1xx_HAL_Driver/Src/stm32f1xx_hal_tim.c.obj
 .debug_aranges
                0x00000000000006f0      0x150 CMakeFiles/CS301ProjectClock.elf.dir/Drivers/STM32F1xx_HAL_Driver/Src/stm32f1xx_hal_tim_ex.c.obj
 .debug_aranges
                0x0000000000000840      0x1d0 CMakeFiles/CS301ProjectClock.elf.dir/Drivers/STM32F1xx_HAL_Driver/Src/stm32f1xx_hal_uart.c.obj
 .debug_aranges
                0x0000000000000a10       0x20 CMakeFiles/CS301ProjectClock.elf.dir/Src/gpio.c.obj
 .debug_aranges
                0x0000000000000a30      0x118 CMakeFiles/CS301ProjectClock.elf.dir/Src/lcd.c.obj
 .debug_aranges
                0x0000000000000b48       0x70 CMakeFiles/CS301ProjectClock.elf.dir/Src/main.c.obj
 .debug_aranges
                0x0000000000000bb8       0x20 CMakeFiles/CS301ProjectClock.elf.dir/Src/stm32f1xx_hal_msp.c.obj
 .debug_aranges
                0x0000000000000bd8       0x88 CMakeFiles/CS301ProjectClock.elf.dir/Src/stm32f1xx_it.c.obj
 .debug_aranges
                0x0000000000000c60       0xb0 CMakeFiles/CS301ProjectClock.elf.dir/Src/syscalls.c.obj
 .debug_aranges
                0x0000000000000d10       0x28 CMakeFiles/CS301ProjectClock.elf.dir/Src/system_stm32f1xx.c.obj
 .debug_aranges
                0x0000000000000d38       0x30 CMakeFiles/CS301ProjectClock.elf.dir/Src/tim.c.obj
 .debug_aranges
                0x0000000000000d68       0x30 CMakeFiles/CS301ProjectClock.elf.dir/Src/usart.c.obj
 .debug_aranges
                0x0000000000000d98       0x28 CMakeFiles/CS301ProjectClock.elf.dir/startup/startup_stm32f103xe.s.obj

.debug_ranges   0x0000000000000000      0xca8
 .debug_ranges  0x0000000000000000       0xd0 CMakeFiles/CS301ProjectClock.elf.dir/Drivers/STM32F1xx_HAL_Driver/Src/stm32f1xx_hal.c.obj
 .debug_ranges  0x00000000000000d0       0xf0 CMakeFiles/CS301ProjectClock.elf.dir/Drivers/STM32F1xx_HAL_Driver/Src/stm32f1xx_hal_cortex.c.obj
 .debug_ranges  0x00000000000001c0       0x70 CMakeFiles/CS301ProjectClock.elf.dir/Drivers/STM32F1xx_HAL_Driver/Src/stm32f1xx_hal_dma.c.obj
 .debug_ranges  0x0000000000000230       0x48 CMakeFiles/CS301ProjectClock.elf.dir/Drivers/STM32F1xx_HAL_Driver/Src/stm32f1xx_hal_gpio.c.obj
 .debug_ranges  0x0000000000000278       0x80 CMakeFiles/CS301ProjectClock.elf.dir/Drivers/STM32F1xx_HAL_Driver/Src/stm32f1xx_hal_rcc.c.obj
 .debug_ranges  0x00000000000002f8      0x398 CMakeFiles/CS301ProjectClock.elf.dir/Drivers/STM32F1xx_HAL_Driver/Src/stm32f1xx_hal_tim.c.obj
 .debug_ranges  0x0000000000000690      0x140 CMakeFiles/CS301ProjectClock.elf.dir/Drivers/STM32F1xx_HAL_Driver/Src/stm32f1xx_hal_tim_ex.c.obj
 .debug_ranges  0x00000000000007d0      0x1c0 CMakeFiles/CS301ProjectClock.elf.dir/Drivers/STM32F1xx_HAL_Driver/Src/stm32f1xx_hal_uart.c.obj
 .debug_ranges  0x0000000000000990       0x10 CMakeFiles/CS301ProjectClock.elf.dir/Src/gpio.c.obj
 .debug_ranges  0x00000000000009a0      0x108 CMakeFiles/CS301ProjectClock.elf.dir/Src/lcd.c.obj
 .debug_ranges  0x0000000000000aa8       0x60 CMakeFiles/CS301ProjectClock.elf.dir/Src/main.c.obj
 .debug_ranges  0x0000000000000b08       0x10 CMakeFiles/CS301ProjectClock.elf.dir/Src/stm32f1xx_hal_msp.c.obj
 .debug_ranges  0x0000000000000b18       0x78 CMakeFiles/CS301ProjectClock.elf.dir/Src/stm32f1xx_it.c.obj
 .debug_ranges  0x0000000000000b90       0xa0 CMakeFiles/CS301ProjectClock.elf.dir/Src/syscalls.c.obj
 .debug_ranges  0x0000000000000c30       0x18 CMakeFiles/CS301ProjectClock.elf.dir/Src/system_stm32f1xx.c.obj
 .debug_ranges  0x0000000000000c48       0x20 CMakeFiles/CS301ProjectClock.elf.dir/Src/tim.c.obj
 .debug_ranges  0x0000000000000c68       0x20 CMakeFiles/CS301ProjectClock.elf.dir/Src/usart.c.obj
 .debug_ranges  0x0000000000000c88       0x20 CMakeFiles/CS301ProjectClock.elf.dir/startup/startup_stm32f103xe.s.obj

.debug_line     0x0000000000000000     0xab44
 .debug_line    0x0000000000000000      0x54e CMakeFiles/CS301ProjectClock.elf.dir/Drivers/STM32F1xx_HAL_Driver/Src/stm32f1xx_hal.c.obj
 .debug_line    0x000000000000054e      0x734 CMakeFiles/CS301ProjectClock.elf.dir/Drivers/STM32F1xx_HAL_Driver/Src/stm32f1xx_hal_cortex.c.obj
 .debug_line    0x0000000000000c82      0xea4 CMakeFiles/CS301ProjectClock.elf.dir/Drivers/STM32F1xx_HAL_Driver/Src/stm32f1xx_hal_dma.c.obj
 .debug_line    0x0000000000001b26      0x62e CMakeFiles/CS301ProjectClock.elf.dir/Drivers/STM32F1xx_HAL_Driver/Src/stm32f1xx_hal_gpio.c.obj
 .debug_line    0x0000000000002154      0x9ba CMakeFiles/CS301ProjectClock.elf.dir/Drivers/STM32F1xx_HAL_Driver/Src/stm32f1xx_hal_rcc.c.obj
 .debug_line    0x0000000000002b0e     0x2581 CMakeFiles/CS301ProjectClock.elf.dir/Drivers/STM32F1xx_HAL_Driver/Src/stm32f1xx_hal_tim.c.obj
 .debug_line    0x000000000000508f      0xda4 CMakeFiles/CS301ProjectClock.elf.dir/Drivers/STM32F1xx_HAL_Driver/Src/stm32f1xx_hal_tim_ex.c.obj
 .debug_line    0x0000000000005e33     0x1376 CMakeFiles/CS301ProjectClock.elf.dir/Drivers/STM32F1xx_HAL_Driver/Src/stm32f1xx_hal_uart.c.obj
 .debug_line    0x00000000000071a9      0x2d0 CMakeFiles/CS301ProjectClock.elf.dir/Src/gpio.c.obj
 .debug_line    0x0000000000007479     0x19a7 CMakeFiles/CS301ProjectClock.elf.dir/Src/lcd.c.obj
 .debug_line    0x0000000000008e20      0x72b CMakeFiles/CS301ProjectClock.elf.dir/Src/main.c.obj
 .debug_line    0x000000000000954b      0x284 CMakeFiles/CS301ProjectClock.elf.dir/Src/stm32f1xx_hal_msp.c.obj
 .debug_line    0x00000000000097cf      0x402 CMakeFiles/CS301ProjectClock.elf.dir/Src/stm32f1xx_it.c.obj
 .debug_line    0x0000000000009bd1      0x4a5 CMakeFiles/CS301ProjectClock.elf.dir/Src/syscalls.c.obj
 .debug_line    0x000000000000a076      0x337 CMakeFiles/CS301ProjectClock.elf.dir/Src/system_stm32f1xx.c.obj
 .debug_line    0x000000000000a3ad      0x368 CMakeFiles/CS301ProjectClock.elf.dir/Src/tim.c.obj
 .debug_line    0x000000000000a715      0x385 CMakeFiles/CS301ProjectClock.elf.dir/Src/usart.c.obj
 .debug_line    0x000000000000aa9a       0xaa CMakeFiles/CS301ProjectClock.elf.dir/startup/startup_stm32f103xe.s.obj

.debug_str      0x0000000000000000     0x41c8
 .debug_str     0x0000000000000000      0x904 CMakeFiles/CS301ProjectClock.elf.dir/Drivers/STM32F1xx_HAL_Driver/Src/stm32f1xx_hal.c.obj
                                        0x96d (size before relaxing)
 .debug_str     0x0000000000000904      0x437 CMakeFiles/CS301ProjectClock.elf.dir/Drivers/STM32F1xx_HAL_Driver/Src/stm32f1xx_hal_cortex.c.obj
                                        0xad4 (size before relaxing)
 .debug_str     0x0000000000000d3b      0x41d CMakeFiles/CS301ProjectClock.elf.dir/Drivers/STM32F1xx_HAL_Driver/Src/stm32f1xx_hal_dma.c.obj
                                        0x732 (size before relaxing)
 .debug_str     0x0000000000001158      0x1f7 CMakeFiles/CS301ProjectClock.elf.dir/Drivers/STM32F1xx_HAL_Driver/Src/stm32f1xx_hal_gpio.c.obj
                                        0x541 (size before relaxing)
 .debug_str     0x000000000000134f      0x357 CMakeFiles/CS301ProjectClock.elf.dir/Drivers/STM32F1xx_HAL_Driver/Src/stm32f1xx_hal_rcc.c.obj
                                        0x6fc (size before relaxing)
 .debug_str     0x00000000000016a6      0xff2 CMakeFiles/CS301ProjectClock.elf.dir/Drivers/STM32F1xx_HAL_Driver/Src/stm32f1xx_hal_tim.c.obj
                                       0x151f (size before relaxing)
 .debug_str     0x0000000000002698      0x5a6 CMakeFiles/CS301ProjectClock.elf.dir/Drivers/STM32F1xx_HAL_Driver/Src/stm32f1xx_hal_tim_ex.c.obj
                                        0xd1f (size before relaxing)
 .debug_str     0x0000000000002c3e      0x70a CMakeFiles/CS301ProjectClock.elf.dir/Drivers/STM32F1xx_HAL_Driver/Src/stm32f1xx_hal_uart.c.obj
                                        0xc43 (size before relaxing)
 .debug_str     0x0000000000003348       0x58 CMakeFiles/CS301ProjectClock.elf.dir/Src/gpio.c.obj
                                        0x752 (size before relaxing)
 .debug_str     0x00000000000033a0      0x700 CMakeFiles/CS301ProjectClock.elf.dir/Src/lcd.c.obj
                                        0xaa6 (size before relaxing)
 .debug_str     0x0000000000003aa0      0x1c4 CMakeFiles/CS301ProjectClock.elf.dir/Src/main.c.obj
                                       0x101c (size before relaxing)
 .debug_str     0x0000000000003c64       0x48 CMakeFiles/CS301ProjectClock.elf.dir/Src/stm32f1xx_hal_msp.c.obj
                                        0x35b (size before relaxing)
 .debug_str     0x0000000000003cac      0x12e CMakeFiles/CS301ProjectClock.elf.dir/Src/stm32f1xx_it.c.obj
                                        0x944 (size before relaxing)
 .debug_str     0x0000000000003dda      0x267 CMakeFiles/CS301ProjectClock.elf.dir/Src/syscalls.c.obj
                                        0x8a7 (size before relaxing)
 .debug_str     0x0000000000004041       0x7a CMakeFiles/CS301ProjectClock.elf.dir/Src/system_stm32f1xx.c.obj
                                        0x3b0 (size before relaxing)
 .debug_str     0x00000000000040bb       0x56 CMakeFiles/CS301ProjectClock.elf.dir/Src/tim.c.obj
                                        0xb9b (size before relaxing)
 .debug_str     0x0000000000004111       0x5b CMakeFiles/CS301ProjectClock.elf.dir/Src/usart.c.obj
                                        0xb1c (size before relaxing)
 .debug_str     0x000000000000416c       0x5c CMakeFiles/CS301ProjectClock.elf.dir/startup/startup_stm32f103xe.s.obj
                                         0x9e (size before relaxing)

.comment        0x0000000000000000       0x79
 .comment       0x0000000000000000       0x79 CMakeFiles/CS301ProjectClock.elf.dir/Drivers/STM32F1xx_HAL_Driver/Src/stm32f1xx_hal.c.obj
                                         0x7a (size before relaxing)
 .comment       0x0000000000000079       0x7a CMakeFiles/CS301ProjectClock.elf.dir/Drivers/STM32F1xx_HAL_Driver/Src/stm32f1xx_hal_cortex.c.obj
 .comment       0x0000000000000079       0x7a CMakeFiles/CS301ProjectClock.elf.dir/Drivers/STM32F1xx_HAL_Driver/Src/stm32f1xx_hal_dma.c.obj
 .comment       0x0000000000000079       0x7a CMakeFiles/CS301ProjectClock.elf.dir/Drivers/STM32F1xx_HAL_Driver/Src/stm32f1xx_hal_gpio.c.obj
 .comment       0x0000000000000079       0x7a CMakeFiles/CS301ProjectClock.elf.dir/Drivers/STM32F1xx_HAL_Driver/Src/stm32f1xx_hal_rcc.c.obj
 .comment       0x0000000000000079       0x7a CMakeFiles/CS301ProjectClock.elf.dir/Drivers/STM32F1xx_HAL_Driver/Src/stm32f1xx_hal_tim.c.obj
 .comment       0x0000000000000079       0x7a CMakeFiles/CS301ProjectClock.elf.dir/Drivers/STM32F1xx_HAL_Driver/Src/stm32f1xx_hal_tim_ex.c.obj
 .comment       0x0000000000000079       0x7a CMakeFiles/CS301ProjectClock.elf.dir/Drivers/STM32F1xx_HAL_Driver/Src/stm32f1xx_hal_uart.c.obj
 .comment       0x0000000000000079       0x7a CMakeFiles/CS301ProjectClock.elf.dir/Src/gpio.c.obj
 .comment       0x0000000000000079       0x7a CMakeFiles/CS301ProjectClock.elf.dir/Src/lcd.c.obj
 .comment       0x0000000000000079       0x7a CMakeFiles/CS301ProjectClock.elf.dir/Src/main.c.obj
 .comment       0x0000000000000079       0x7a CMakeFiles/CS301ProjectClock.elf.dir/Src/stm32f1xx_hal_msp.c.obj
 .comment       0x0000000000000079       0x7a CMakeFiles/CS301ProjectClock.elf.dir/Src/stm32f1xx_it.c.obj
 .comment       0x0000000000000079       0x7a CMakeFiles/CS301ProjectClock.elf.dir/Src/syscalls.c.obj
 .comment       0x0000000000000079       0x7a CMakeFiles/CS301ProjectClock.elf.dir/Src/system_stm32f1xx.c.obj
 .comment       0x0000000000000079       0x7a CMakeFiles/CS301ProjectClock.elf.dir/Src/tim.c.obj
 .comment       0x0000000000000079       0x7a CMakeFiles/CS301ProjectClock.elf.dir/Src/usart.c.obj

.debug_frame    0x0000000000000000     0x3dec
 .debug_frame   0x0000000000000000      0x334 CMakeFiles/CS301ProjectClock.elf.dir/Drivers/STM32F1xx_HAL_Driver/Src/stm32f1xx_hal.c.obj
 .debug_frame   0x0000000000000334      0x428 CMakeFiles/CS301ProjectClock.elf.dir/Drivers/STM32F1xx_HAL_Driver/Src/stm32f1xx_hal_cortex.c.obj
 .debug_frame   0x000000000000075c      0x20c CMakeFiles/CS301ProjectClock.elf.dir/Drivers/STM32F1xx_HAL_Driver/Src/stm32f1xx_hal_dma.c.obj
 .debug_frame   0x0000000000000968      0x14c CMakeFiles/CS301ProjectClock.elf.dir/Drivers/STM32F1xx_HAL_Driver/Src/stm32f1xx_hal_gpio.c.obj
 .debug_frame   0x0000000000000ab4      0x21c CMakeFiles/CS301ProjectClock.elf.dir/Drivers/STM32F1xx_HAL_Driver/Src/stm32f1xx_hal_rcc.c.obj
 .debug_frame   0x0000000000000cd0     0x10f0 CMakeFiles/CS301ProjectClock.elf.dir/Drivers/STM32F1xx_HAL_Driver/Src/stm32f1xx_hal_tim.c.obj
 .debug_frame   0x0000000000001dc0      0x5c0 CMakeFiles/CS301ProjectClock.elf.dir/Drivers/STM32F1xx_HAL_Driver/Src/stm32f1xx_hal_tim_ex.c.obj
 .debug_frame   0x0000000000002380      0x834 CMakeFiles/CS301ProjectClock.elf.dir/Drivers/STM32F1xx_HAL_Driver/Src/stm32f1xx_hal_uart.c.obj
 .debug_frame   0x0000000000002bb4       0x34 CMakeFiles/CS301ProjectClock.elf.dir/Src/gpio.c.obj
 .debug_frame   0x0000000000002be8      0x4d4 CMakeFiles/CS301ProjectClock.elf.dir/Src/lcd.c.obj
 .debug_frame   0x00000000000030bc      0x198 CMakeFiles/CS301ProjectClock.elf.dir/Src/main.c.obj
 .debug_frame   0x0000000000003254       0x38 CMakeFiles/CS301ProjectClock.elf.dir/Src/stm32f1xx_hal_msp.c.obj
 .debug_frame   0x000000000000328c      0x198 CMakeFiles/CS301ProjectClock.elf.dir/Src/stm32f1xx_it.c.obj
 .debug_frame   0x0000000000003424      0x2d0 CMakeFiles/CS301ProjectClock.elf.dir/Src/syscalls.c.obj
 .debug_frame   0x00000000000036f4       0x58 CMakeFiles/CS301ProjectClock.elf.dir/Src/system_stm32f1xx.c.obj
 .debug_frame   0x000000000000374c       0x7c CMakeFiles/CS301ProjectClock.elf.dir/Src/tim.c.obj
 .debug_frame   0x00000000000037c8       0x74 CMakeFiles/CS301ProjectClock.elf.dir/Src/usart.c.obj
 .debug_frame   0x000000000000383c       0xac /usr/local/Cellar/arm-none-eabi-gcc/9-2019-q4-major/gcc/bin/../lib/gcc/arm-none-eabi/9.2.1/thumb/v7-m/nofp/libgcc.a(_arm_addsubdf3.o)
 .debug_frame   0x00000000000038e8       0x50 /usr/local/Cellar/arm-none-eabi-gcc/9-2019-q4-major/gcc/bin/../lib/gcc/arm-none-eabi/9.2.1/thumb/v7-m/nofp/libgcc.a(_arm_muldivdf3.o)
 .debug_frame   0x0000000000003938       0x24 /usr/local/Cellar/arm-none-eabi-gcc/9-2019-q4-major/gcc/bin/../lib/gcc/arm-none-eabi/9.2.1/thumb/v7-m/nofp/libgcc.a(_arm_fixdfsi.o)
 .debug_frame   0x000000000000395c       0x24 /usr/local/Cellar/arm-none-eabi-gcc/9-2019-q4-major/gcc/bin/../lib/gcc/arm-none-eabi/9.2.1/thumb/v7-m/nofp/libgcc.a(_arm_fixunsdfsi.o)
 .debug_frame   0x0000000000003980       0x20 /usr/local/Cellar/arm-none-eabi-gcc/9-2019-q4-major/gcc/bin/../lib/gcc/arm-none-eabi/9.2.1/../../../../arm-none-eabi/lib/thumb/v7-m/nofp/libg_nano.a(lib_a-errno.o)
 .debug_frame   0x00000000000039a0       0x2c /usr/local/Cellar/arm-none-eabi-gcc/9-2019-q4-major/gcc/bin/../lib/gcc/arm-none-eabi/9.2.1/../../../../arm-none-eabi/lib/thumb/v7-m/nofp/libg_nano.a(lib_a-init.o)
 .debug_frame   0x00000000000039cc       0x20 /usr/local/Cellar/arm-none-eabi-gcc/9-2019-q4-major/gcc/bin/../lib/gcc/arm-none-eabi/9.2.1/../../../../arm-none-eabi/lib/thumb/v7-m/nofp/libg_nano.a(lib_a-memset.o)
 .debug_frame   0x00000000000039ec       0x6c /usr/local/Cellar/arm-none-eabi-gcc/9-2019-q4-major/gcc/bin/../lib/gcc/arm-none-eabi/9.2.1/../../../../arm-none-eabi/lib/thumb/v7-m/nofp/libg_nano.a(lib_a-sprintf.o)
 .debug_frame   0x0000000000003a58       0x90 /usr/local/Cellar/arm-none-eabi-gcc/9-2019-q4-major/gcc/bin/../lib/gcc/arm-none-eabi/9.2.1/../../../../arm-none-eabi/lib/thumb/v7-m/nofp/libg_nano.a(lib_a-nano-svfprintf.o)
 .debug_frame   0x0000000000003ae8       0x60 /usr/local/Cellar/arm-none-eabi-gcc/9-2019-q4-major/gcc/bin/../lib/gcc/arm-none-eabi/9.2.1/../../../../arm-none-eabi/lib/thumb/v7-m/nofp/libg_nano.a(lib_a-nano-vfprintf_i.o)
 .debug_frame   0x0000000000003b48       0x28 /usr/local/Cellar/arm-none-eabi-gcc/9-2019-q4-major/gcc/bin/../lib/gcc/arm-none-eabi/9.2.1/../../../../arm-none-eabi/lib/thumb/v7-m/nofp/libg_nano.a(lib_a-memchr-stub.o)
 .debug_frame   0x0000000000003b70       0x28 /usr/local/Cellar/arm-none-eabi-gcc/9-2019-q4-major/gcc/bin/../lib/gcc/arm-none-eabi/9.2.1/../../../../arm-none-eabi/lib/thumb/v7-m/nofp/libg_nano.a(lib_a-memcpy-stub.o)
 .debug_frame   0x0000000000003b98       0x28 /usr/local/Cellar/arm-none-eabi-gcc/9-2019-q4-major/gcc/bin/../lib/gcc/arm-none-eabi/9.2.1/../../../../arm-none-eabi/lib/thumb/v7-m/nofp/libg_nano.a(lib_a-memmove.o)
 .debug_frame   0x0000000000003bc0       0x38 /usr/local/Cellar/arm-none-eabi-gcc/9-2019-q4-major/gcc/bin/../lib/gcc/arm-none-eabi/9.2.1/../../../../arm-none-eabi/lib/thumb/v7-m/nofp/libg_nano.a(lib_a-nano-freer.o)
 .debug_frame   0x0000000000003bf8       0x30 /usr/local/Cellar/arm-none-eabi-gcc/9-2019-q4-major/gcc/bin/../lib/gcc/arm-none-eabi/9.2.1/../../../../arm-none-eabi/lib/thumb/v7-m/nofp/libg_nano.a(lib_a-nano-mallocr.o)
 .debug_frame   0x0000000000003c28       0x3c /usr/local/Cellar/arm-none-eabi-gcc/9-2019-q4-major/gcc/bin/../lib/gcc/arm-none-eabi/9.2.1/../../../../arm-none-eabi/lib/thumb/v7-m/nofp/libg_nano.a(lib_a-nano-reallocr.o)
 .debug_frame   0x0000000000003c64       0x2c /usr/local/Cellar/arm-none-eabi-gcc/9-2019-q4-major/gcc/bin/../lib/gcc/arm-none-eabi/9.2.1/../../../../arm-none-eabi/lib/thumb/v7-m/nofp/libg_nano.a(lib_a-sbrkr.o)
 .debug_frame   0x0000000000003c90       0x30 /usr/local/Cellar/arm-none-eabi-gcc/9-2019-q4-major/gcc/bin/../lib/gcc/arm-none-eabi/9.2.1/../../../../arm-none-eabi/lib/thumb/v7-m/nofp/libg_nano.a(lib_a-mlock.o)
 .debug_frame   0x0000000000003cc0       0x20 /usr/local/Cellar/arm-none-eabi-gcc/9-2019-q4-major/gcc/bin/../lib/gcc/arm-none-eabi/9.2.1/../../../../arm-none-eabi/lib/thumb/v7-m/nofp/libg_nano.a(lib_a-nano-msizer.o)
 .debug_frame   0x0000000000003ce0       0x5c /usr/local/Cellar/arm-none-eabi-gcc/9-2019-q4-major/gcc/bin/../lib/gcc/arm-none-eabi/9.2.1/../../../../arm-none-eabi/lib/thumb/v7-m/nofp/libg_nano.a(lib_a-reent.o)
 .debug_frame   0x0000000000003d3c       0xb0 /usr/local/Cellar/arm-none-eabi-gcc/9-2019-q4-major/gcc/bin/../lib/gcc/arm-none-eabi/9.2.1/../../../../arm-none-eabi/lib/thumb/v7-m/nofp/libg_nano.a(lib_a-lock.o)
