Archive member included to satisfy reference by file (symbol)

c:/progra~2/gnutoo~1/82019-~1/bin/../lib/gcc/arm-none-eabi/8.3.1/thumb/v7-m/nofp\libgcc.a(_arm_addsubdf3.o)
                              CMakeFiles/CS301ProjectClock.elf.dir/Src/lcd.c.obj (__aeabi_i2d)
c:/progra~2/gnutoo~1/82019-~1/bin/../lib/gcc/arm-none-eabi/8.3.1/thumb/v7-m/nofp\libgcc.a(_arm_muldivdf3.o)
                              CMakeFiles/CS301ProjectClock.elf.dir/Src/lcd.c.obj (__aeabi_dmul)
c:/progra~2/gnutoo~1/82019-~1/bin/../lib/gcc/arm-none-eabi/8.3.1/thumb/v7-m/nofp\libgcc.a(_arm_fixunsdfsi.o)
                              CMakeFiles/CS301ProjectClock.elf.dir/Src/lcd.c.obj (__aeabi_d2uiz)
c:/progra~2/gnutoo~1/82019-~1/bin/../lib/gcc/arm-none-eabi/8.3.1/../../../../arm-none-eabi/lib/thumb/v7-m/nofp\libg_nano.a(lib_a-errno.o)
                              CMakeFiles/CS301ProjectClock.elf.dir/Src/syscalls.c.obj (__errno)
c:/progra~2/gnutoo~1/82019-~1/bin/../lib/gcc/arm-none-eabi/8.3.1/../../../../arm-none-eabi/lib/thumb/v7-m/nofp\libg_nano.a(lib_a-exit.o)
                              c:/progra~2/gnutoo~1/82019-~1/bin/../lib/gcc/arm-none-eabi/8.3.1/../../../../arm-none-eabi/lib/thumb/v7-m/nofp/crt0.o (exit)
c:/progra~2/gnutoo~1/82019-~1/bin/../lib/gcc/arm-none-eabi/8.3.1/../../../../arm-none-eabi/lib/thumb/v7-m/nofp\libg_nano.a(lib_a-impure.o)
                              c:/progra~2/gnutoo~1/82019-~1/bin/../lib/gcc/arm-none-eabi/8.3.1/../../../../arm-none-eabi/lib/thumb/v7-m/nofp\libg_nano.a(lib_a-exit.o) (_global_impure_ptr)
c:/progra~2/gnutoo~1/82019-~1/bin/../lib/gcc/arm-none-eabi/8.3.1/../../../../arm-none-eabi/lib/thumb/v7-m/nofp\libg_nano.a(lib_a-init.o)
                              c:/progra~2/gnutoo~1/82019-~1/bin/../lib/gcc/arm-none-eabi/8.3.1/../../../../arm-none-eabi/lib/thumb/v7-m/nofp/crt0.o (__libc_init_array)
c:/progra~2/gnutoo~1/82019-~1/bin/../lib/gcc/arm-none-eabi/8.3.1/../../../../arm-none-eabi/lib/thumb/v7-m/nofp\libg_nano.a(lib_a-memset.o)
                              c:/progra~2/gnutoo~1/82019-~1/bin/../lib/gcc/arm-none-eabi/8.3.1/../../../../arm-none-eabi/lib/thumb/v7-m/nofp/crt0.o (memset)
c:/progra~2/gnutoo~1/82019-~1/bin/../lib/gcc/arm-none-eabi/8.3.1/../../../../arm-none-eabi/lib/thumb/v7-m/nofp\libg_nano.a(lib_a-sprintf.o)
                              CMakeFiles/CS301ProjectClock.elf.dir/Src/main.c.obj (sprintf)
c:/progra~2/gnutoo~1/82019-~1/bin/../lib/gcc/arm-none-eabi/8.3.1/../../../../arm-none-eabi/lib/thumb/v7-m/nofp\libg_nano.a(lib_a-strlen.o)
                              CMakeFiles/CS301ProjectClock.elf.dir/Src/main.c.obj (strlen)
c:/progra~2/gnutoo~1/82019-~1/bin/../lib/gcc/arm-none-eabi/8.3.1/../../../../arm-none-eabi/lib/thumb/v7-m/nofp\libg_nano.a(lib_a-nano-svfprintf.o)
                              c:/progra~2/gnutoo~1/82019-~1/bin/../lib/gcc/arm-none-eabi/8.3.1/../../../../arm-none-eabi/lib/thumb/v7-m/nofp\libg_nano.a(lib_a-sprintf.o) (_svfprintf_r)
c:/progra~2/gnutoo~1/82019-~1/bin/../lib/gcc/arm-none-eabi/8.3.1/../../../../arm-none-eabi/lib/thumb/v7-m/nofp\libg_nano.a(lib_a-nano-vfprintf_i.o)
                              c:/progra~2/gnutoo~1/82019-~1/bin/../lib/gcc/arm-none-eabi/8.3.1/../../../../arm-none-eabi/lib/thumb/v7-m/nofp\libg_nano.a(lib_a-nano-svfprintf.o) (_printf_i)
c:/progra~2/gnutoo~1/82019-~1/bin/../lib/gcc/arm-none-eabi/8.3.1/../../../../arm-none-eabi/lib/thumb/v7-m/nofp\libg_nano.a(lib_a-memchr-stub.o)
                              c:/progra~2/gnutoo~1/82019-~1/bin/../lib/gcc/arm-none-eabi/8.3.1/../../../../arm-none-eabi/lib/thumb/v7-m/nofp\libg_nano.a(lib_a-nano-svfprintf.o) (memchr)
c:/progra~2/gnutoo~1/82019-~1/bin/../lib/gcc/arm-none-eabi/8.3.1/../../../../arm-none-eabi/lib/thumb/v7-m/nofp\libg_nano.a(lib_a-memcpy-stub.o)
                              c:/progra~2/gnutoo~1/82019-~1/bin/../lib/gcc/arm-none-eabi/8.3.1/../../../../arm-none-eabi/lib/thumb/v7-m/nofp\libg_nano.a(lib_a-nano-svfprintf.o) (memcpy)
c:/progra~2/gnutoo~1/82019-~1/bin/../lib/gcc/arm-none-eabi/8.3.1/../../../../arm-none-eabi/lib/thumb/v7-m/nofp\libg_nano.a(lib_a-memmove.o)
                              c:/progra~2/gnutoo~1/82019-~1/bin/../lib/gcc/arm-none-eabi/8.3.1/../../../../arm-none-eabi/lib/thumb/v7-m/nofp\libg_nano.a(lib_a-nano-svfprintf.o) (memmove)
c:/progra~2/gnutoo~1/82019-~1/bin/../lib/gcc/arm-none-eabi/8.3.1/../../../../arm-none-eabi/lib/thumb/v7-m/nofp\libg_nano.a(lib_a-nano-freer.o)
                              c:/progra~2/gnutoo~1/82019-~1/bin/../lib/gcc/arm-none-eabi/8.3.1/../../../../arm-none-eabi/lib/thumb/v7-m/nofp\libg_nano.a(lib_a-nano-svfprintf.o) (_free_r)
c:/progra~2/gnutoo~1/82019-~1/bin/../lib/gcc/arm-none-eabi/8.3.1/../../../../arm-none-eabi/lib/thumb/v7-m/nofp\libg_nano.a(lib_a-nano-mallocr.o)
                              c:/progra~2/gnutoo~1/82019-~1/bin/../lib/gcc/arm-none-eabi/8.3.1/../../../../arm-none-eabi/lib/thumb/v7-m/nofp\libg_nano.a(lib_a-nano-svfprintf.o) (_malloc_r)
[...]
Memory Configuration

Name             Origin             Length             Attributes
RAM              0x20000000         0x0000c000         xrw
FLASH            0x08000000         0x00040000         xr
*default*        0x00000000         0xffffffff

Linker script and memory map

LOAD c:/progra~2/gnutoo~1/82019-~1/bin/../lib/gcc/arm-none-eabi/8.3.1/thumb/v7-m/nofp/crti.o
LOAD c:/progra~2/gnutoo~1/82019-~1/bin/../lib/gcc/arm-none-eabi/8.3.1/thumb/v7-m/nofp/crtbegin.o
LOAD c:/progra~2/gnutoo~1/82019-~1/bin/../lib/gcc/arm-none-eabi/8.3.1/../../../../arm-none-eabi/lib/thumb/v7-m/nofp/crt0.o
LOAD CMakeFiles/CS301ProjectClock.elf.dir/Drivers/STM32F1xx_HAL_Driver/Src/stm32f1xx_hal.c.obj
LOAD CMakeFiles/CS301ProjectClock.elf.dir/Drivers/STM32F1xx_HAL_Driver/Src/stm32f1xx_hal_cortex.c.obj
LOAD CMakeFiles/CS301ProjectClock.elf.dir/Drivers/STM32F1xx_HAL_Driver/Src/stm32f1xx_hal_dma.c.obj
LOAD CMakeFiles/CS301ProjectClock.elf.dir/Drivers/STM32F1xx_HAL_Driver/Src/stm32f1xx_hal_exti.c.obj
LOAD CMakeFiles/CS301ProjectClock.elf.dir/Drivers/STM32F1xx_HAL_Driver/Src/stm32f1xx_hal_flash.c.obj
LOAD CMakeFiles/CS301ProjectClock.elf.dir/Drivers/STM32F1xx_HAL_Driver/Src/stm32f1xx_hal_flash_ex.c.obj
LOAD CMakeFiles/CS301ProjectClock.elf.dir/Drivers/STM32F1xx_HAL_Driver/Src/stm32f1xx_hal_gpio.c.obj
LOAD CMakeFiles/CS301ProjectClock.elf.dir/Drivers/STM32F1xx_HAL_Driver/Src/stm32f1xx_hal_gpio_ex.c.obj
LOAD CMakeFiles/CS301ProjectClock.elf.dir/Drivers/STM32F1xx_HAL_Driver/Src/stm32f1xx_hal_pwr.c.obj
LOAD CMakeFiles/CS301ProjectClock.elf.dir/Drivers/STM32F1xx_HAL_Driver/Src/stm32f1xx_hal_rcc.c.obj
LOAD CMakeFiles/CS301ProjectClock.elf.dir/Drivers/STM32F1xx_HAL_Driver/Src/stm32f1xx_hal_rcc_ex.c.obj
LOAD CMakeFiles/CS301ProjectClock.elf.dir/Drivers/STM32F1xx_HAL_Driver/Src/stm32f1xx_hal_tim.c.obj
LOAD CMakeFiles/CS301ProjectClock.elf.dir/Drivers/STM32F1xx_HAL_Driver/Src/stm32f1xx_hal_tim_ex.c.obj
LOAD CMakeFiles/CS301ProjectClock.elf.dir/Drivers/STM32F1xx_HAL_Driver/Src/stm32f1xx_hal_uart.c.obj
LOAD CMakeFiles/CS301ProjectClock.elf.dir/Src/gpio.c.obj
LOAD CMakeFiles/CS301ProjectClock.elf.dir/Src/lcd.c.obj
LOAD CMakeFiles/CS301ProjectClock.elf.dir/Src/main.c.obj
LOAD CMakeFiles/CS301ProjectClock.elf.dir/Src/stm32f1xx_hal_msp.c.obj
LOAD CMakeFiles/CS301ProjectClock.elf.dir/Src/stm32f1xx_it.c.obj
LOAD CMakeFiles/CS301ProjectClock.elf.dir/Src/sys.c.obj
LOAD CMakeFiles/CS301ProjectClock.elf.dir/Src/syscalls.c.obj
LOAD CMakeFiles/CS301ProjectClock.elf.dir/Src/system_stm32f1xx.c.obj
LOAD CMakeFiles/CS301ProjectClock.elf.dir/Src/usart.c.obj
LOAD CMakeFiles/CS301ProjectClock.elf.dir/startup/startup_stm32f103xe.s.obj
START GROUP
LOAD c:/progra~2/gnutoo~1/82019-~1/bin/../lib/gcc/arm-none-eabi/8.3.1/thumb/v7-m/nofp\libgcc.a
LOAD c:/progra~2/gnutoo~1/82019-~1/bin/../lib/gcc/arm-none-eabi/8.3.1/../../../../arm-none-eabi/lib/thumb/v7-m/nofp\libg_nano.a
LOAD c:/progra~2/gnutoo~1/82019-~1/bin/../lib/gcc/arm-none-eabi/8.3.1/../../../../arm-none-eabi/lib/thumb/v7-m/nofp\libc_nano.a
END GROUP
START GROUP
LOAD c:/progra~2/gnutoo~1/82019-~1/bin/../lib/gcc/arm-none-eabi/8.3.1/thumb/v7-m/nofp\libgcc.a
LOAD c:/progra~2/gnutoo~1/82019-~1/bin/../lib/gcc/arm-none-eabi/8.3.1/../../../../arm-none-eabi/lib/thumb/v7-m/nofp\libc_nano.a
LOAD c:/progra~2/gnutoo~1/82019-~1/bin/../lib/gcc/arm-none-eabi/8.3.1/../../../../arm-none-eabi/lib/thumb/v7-m/nofp\libnosys.a
END GROUP
START GROUP
LOAD c:/progra~2/gnutoo~1/82019-~1/bin/../lib/gcc/arm-none-eabi/8.3.1/thumb/v7-m/nofp\libgcc.a
LOAD c:/progra~2/gnutoo~1/82019-~1/bin/../lib/gcc/arm-none-eabi/8.3.1/../../../../arm-none-eabi/lib/thumb/v7-m/nofp\libc_nano.a
LOAD c:/progra~2/gnutoo~1/82019-~1/bin/../lib/gcc/arm-none-eabi/8.3.1/../../../../arm-none-eabi/lib/thumb/v7-m/nofp\libnosys.a
END GROUP
LOAD c:/progra~2/gnutoo~1/82019-~1/bin/../lib/gcc/arm-none-eabi/8.3.1/thumb/v7-m/nofp/crtend.o
LOAD c:/progra~2/gnutoo~1/82019-~1/bin/../lib/gcc/arm-none-eabi/8.3.1/thumb/v7-m/nofp/crtn.o
                0x2000c000                _estack = 0x2000c000
                0x00000200                _Min_Heap_Size = 0x200
                0x00000400                _Min_Stack_Size = 0x400

.isr_vector     0x08000000      0x1e4
                0x08000000                . = ALIGN (0x4)
 *(.isr_vector)
 .isr_vector    0x08000000      0x1e4 CMakeFiles/CS301ProjectClock.elf.dir/startup/startup_stm32f103xe.s.obj
                0x08000000                g_pfnVectors
                0x080001e4                . = ALIGN (0x4)

.text           0x080001e8     0x8d7c
                0x080001e8                . = ALIGN (0x4)
 *(.text)
 .text          0x080001e8       0x40 c:/progra~2/gnutoo~1/82019-~1/bin/../lib/gcc/arm-none-eabi/8.3.1/thumb/v7-m/nofp/crtbegin.o
 .text          0x08000228      0x378 c:/progra~2/gnutoo~1/82019-~1/bin/../lib/gcc/arm-none-eabi/8.3.1/thumb/v7-m/nofp\libgcc.a(_arm_addsubdf3.o)
                0x08000228                __aeabi_drsub
                0x08000230                __aeabi_dsub
                0x08000230                __subdf3
                0x08000234                __aeabi_dadd
                0x08000234                __adddf3
                0x080004ac                __floatunsidf
                0x080004ac                __aeabi_ui2d
                0x080004cc                __floatsidf
                0x080004cc                __aeabi_i2d
                0x080004f0                __aeabi_f2d
                0x080004f0                __extendsfdf2
                0x08000534                __floatundidf
                0x08000534                __aeabi_ul2d
                0x08000544                __floatdidf
                0x08000544                __aeabi_l2d
 .text          0x080005a0      0x424 c:/progra~2/gnutoo~1/82019-~1/bin/../lib/gcc/arm-none-eabi/8.3.1/thumb/v7-m/nofp\libgcc.a(_arm_muldivdf3.o)
                0x080005a0                __aeabi_dmul
                0x080005a0                __muldf3
                0x080007f4                __divdf3
                0x080007f4                __aeabi_ddiv
 .text          0x080009c4       0x40 c:/progra~2/gnutoo~1/82019-~1/bin/../lib/gcc/arm-none-eabi/8.3.1/thumb/v7-m/nofp\libgcc.a(_arm_fixunsdfsi.o)
                0x080009c4                __aeabi_d2uiz
                0x080009c4                __fixunsdfsi
 .text          0x08000a04       0x10 c:/progra~2/gnutoo~1/82019-~1/bin/../lib/gcc/arm-none-eabi/8.3.1/../../../../arm-none-eabi/lib/thumb/v7-m/nofp\libg_nano.a(lib_a-strlen.o)
                0x08000a04                strlen
 *(.text*)
 .text.HAL_Init
                0x08000a14       0x2c CMakeFiles/CS301ProjectClock.elf.dir/Drivers/STM32F1xx_HAL_Driver/Src/stm32f1xx_hal.c.obj
                0x08000a14                HAL_Init
 .text.HAL_InitTick
                0x08000a40       0x60 CMakeFiles/CS301ProjectClock.elf.dir/Drivers/STM32F1xx_HAL_Driver/Src/stm32f1xx_hal.c.obj
                0x08000a40                HAL_InitTick
 .text.HAL_IncTick
                0x08000aa0       0x24 CMakeFiles/CS301ProjectClock.elf.dir/Drivers/STM32F1xx_HAL_Driver/Src/stm32f1xx_hal.c.obj
                0x08000aa0                HAL_IncTick
 .text.HAL_GetTick
                0x08000ac4       0x14 CMakeFiles/CS301ProjectClock.elf.dir/Drivers/STM32F1xx_HAL_Driver/Src/stm32f1xx_hal.c.obj
                0x08000ac4                HAL_GetTick
 .text.HAL_Delay
                0x08000ad8       0x44 CMakeFiles/CS301ProjectClock.elf.dir/Drivers/STM32F1xx_HAL_Driver/Src/stm32f1xx_hal.c.obj
                0x08000ad8                HAL_Delay
 .text.__NVIC_SetPriorityGrouping
                0x08000b1c       0x48 CMakeFiles/CS301ProjectClock.elf.dir/Drivers/STM32F1xx_HAL_Driver/Src/stm32f1xx_hal_cortex.c.obj
 .text.__NVIC_GetPriorityGrouping
                0x08000b64       0x1c CMakeFiles/CS301ProjectClock.elf.dir/Drivers/STM32F1xx_HAL_Driver/Src/stm32f1xx_hal_cortex.c.obj
 .text.__NVIC_EnableIRQ
                0x08000b80       0x38 CMakeFiles/CS301ProjectClock.elf.dir/Drivers/STM32F1xx_HAL_Driver/Src/stm32f1xx_hal_cortex.c.obj
 .text.__NVIC_SetPriority
                0x08000bb8       0x54 CMakeFiles/CS301ProjectClock.elf.dir/Drivers/STM32F1xx_HAL_Driver/Src/stm32f1xx_hal_cortex.c.obj
 .text.NVIC_EncodePriority
                0x08000c0c       0x64 CMakeFiles/CS301ProjectClock.elf.dir/Drivers/STM32F1xx_HAL_Driver/Src/stm32f1xx_hal_cortex.c.obj
 .text.SysTick_Config
                0x08000c70       0x44 CMakeFiles/CS301ProjectClock.elf.dir/Drivers/STM32F1xx_HAL_Driver/Src/stm32f1xx_hal_cortex.c.obj
 .text.HAL_NVIC_SetPriorityGrouping
                0x08000cb4       0x16 CMakeFiles/CS301ProjectClock.elf.dir/Drivers/STM32F1xx_HAL_Driver/Src/stm32f1xx_hal_cortex.c.obj
                0x08000cb4                HAL_NVIC_SetPriorityGrouping
 .text.HAL_NVIC_SetPriority
                0x08000cca       0x38 CMakeFiles/CS301ProjectClock.elf.dir/Drivers/STM32F1xx_HAL_Driver/Src/stm32f1xx_hal_cortex.c.obj
                0x08000cca                HAL_NVIC_SetPriority
 .text.HAL_NVIC_EnableIRQ
                0x08000d02       0x1c CMakeFiles/CS301ProjectClock.elf.dir/Drivers/STM32F1xx_HAL_Driver/Src/stm32f1xx_hal_cortex.c.obj
                0x08000d02                HAL_NVIC_EnableIRQ
 .text.HAL_SYSTICK_Config
                0x08000d1e       0x18 CMakeFiles/CS301ProjectClock.elf.dir/Drivers/STM32F1xx_HAL_Driver/Src/stm32f1xx_hal_cortex.c.obj
                0x08000d1e                HAL_SYSTICK_Config
 *fill*         0x08000d36        0x2 
 .text.HAL_DMA_Abort_IT
                0x08000d38      0x210 CMakeFiles/CS301ProjectClock.elf.dir/Drivers/STM32F1xx_HAL_Driver/Src/stm32f1xx_hal_dma.c.obj
                0x08000d38                HAL_DMA_Abort_IT
 .text.HAL_GPIO_Init
                0x08000f48      0x2d4 CMakeFiles/CS301ProjectClock.elf.dir/Drivers/STM32F1xx_HAL_Driver/Src/stm32f1xx_hal_gpio.c.obj
                0x08000f48                HAL_GPIO_Init
 .text.HAL_GPIO_ReadPin
                0x0800121c       0x2e CMakeFiles/CS301ProjectClock.elf.dir/Drivers/STM32F1xx_HAL_Driver/Src/stm32f1xx_hal_gpio.c.obj
                0x0800121c                HAL_GPIO_ReadPin
 .text.HAL_GPIO_WritePin
                0x0800124a       0x30 CMakeFiles/CS301ProjectClock.elf.dir/Drivers/STM32F1xx_HAL_Driver/Src/stm32f1xx_hal_gpio.c.obj
                0x0800124a                HAL_GPIO_WritePin
 .text.HAL_GPIO_TogglePin
                0x0800127a       0x30 CMakeFiles/CS301ProjectClock.elf.dir/Drivers/STM32F1xx_HAL_Driver/Src/stm32f1xx_hal_gpio.c.obj
                0x0800127a                HAL_GPIO_TogglePin
 *fill*         0x080012aa        0x2 
 .text.HAL_GPIO_EXTI_IRQHandler
                0x080012ac       0x30 CMakeFiles/CS301ProjectClock.elf.dir/Drivers/STM32F1xx_HAL_Driver/Src/stm32f1xx_hal_gpio.c.obj
                0x080012ac                HAL_GPIO_EXTI_IRQHandler
 .text.HAL_RCC_OscConfig
                0x080012dc      0x500 CMakeFiles/CS301ProjectClock.elf.dir/Drivers/STM32F1xx_HAL_Driver/Src/stm32f1xx_hal_rcc.c.obj
                0x080012dc                HAL_RCC_OscConfig
 .text.HAL_RCC_ClockConfig
                0x080017dc      0x1d4 CMakeFiles/CS301ProjectClock.elf.dir/Drivers/STM32F1xx_HAL_Driver/Src/stm32f1xx_hal_rcc.c.obj
                0x080017dc                HAL_RCC_ClockConfig
 .text.HAL_RCC_GetSysClockFreq
                0x080019b0       0xc4 CMakeFiles/CS301ProjectClock.elf.dir/Drivers/STM32F1xx_HAL_Driver/Src/stm32f1xx_hal_rcc.c.obj
                0x080019b0                HAL_RCC_GetSysClockFreq
 .text.HAL_RCC_GetHCLKFreq
                0x08001a74       0x14 CMakeFiles/CS301ProjectClock.elf.dir/Drivers/STM32F1xx_HAL_Driver/Src/stm32f1xx_hal_rcc.c.obj
                0x08001a74                HAL_RCC_GetHCLKFreq
 .text.HAL_RCC_GetPCLK1Freq
                0x08001a88       0x28 CMakeFiles/CS301ProjectClock.elf.dir/Drivers/STM32F1xx_HAL_Driver/Src/stm32f1xx_hal_rcc.c.obj
                0x08001a88                HAL_RCC_GetPCLK1Freq
 .text.HAL_RCC_GetPCLK2Freq
                0x08001ab0       0x28 CMakeFiles/CS301ProjectClock.elf.dir/Drivers/STM32F1xx_HAL_Driver/Src/stm32f1xx_hal_rcc.c.obj
                0x08001ab0                HAL_RCC_GetPCLK2Freq
 .text.RCC_Delay
                0x08001ad8       0x3c CMakeFiles/CS301ProjectClock.elf.dir/Drivers/STM32F1xx_HAL_Driver/Src/stm32f1xx_hal_rcc.c.obj
 .text.HAL_UART_Init
                0x08001b14       0x9a CMakeFiles/CS301ProjectClock.elf.dir/Drivers/STM32F1xx_HAL_Driver/Src/stm32f1xx_hal_uart.c.obj
                0x08001b14                HAL_UART_Init
 .text.HAL_UART_Transmit
                0x08001bae      0x132 CMakeFiles/CS301ProjectClock.elf.dir/Drivers/STM32F1xx_HAL_Driver/Src/stm32f1xx_hal_uart.c.obj
                0x08001bae                HAL_UART_Transmit
 .text.HAL_UART_Receive_IT
                0x08001ce0       0xa8 CMakeFiles/CS301ProjectClock.elf.dir/Drivers/STM32F1xx_HAL_Driver/Src/stm32f1xx_hal_uart.c.obj
                0x08001ce0                HAL_UART_Receive_IT
 .text.HAL_UART_IRQHandler
                0x08001d88      0x1f8 CMakeFiles/CS301ProjectClock.elf.dir/Drivers/STM32F1xx_HAL_Driver/Src/stm32f1xx_hal_uart.c.obj
                0x08001d88                HAL_UART_IRQHandler
 .text.HAL_UART_TxCpltCallback
                0x08001f80       0x12 CMakeFiles/CS301ProjectClock.elf.dir/Drivers/STM32F1xx_HAL_Driver/Src/stm32f1xx_hal_uart.c.obj
                0x08001f80                HAL_UART_TxCpltCallback
 .text.HAL_UART_ErrorCallback
                0x08001f92       0x12 CMakeFiles/CS301ProjectClock.elf.dir/Drivers/STM32F1xx_HAL_Driver/Src/stm32f1xx_hal_uart.c.obj
                0x08001f92                HAL_UART_ErrorCallback
 .text.UART_WaitOnFlagUntilTimeout
                0x08001fa4       0x94 CMakeFiles/CS301ProjectClock.elf.dir/Drivers/STM32F1xx_HAL_Driver/Src/stm32f1xx_hal_uart.c.obj
 .text.UART_EndRxTransfer
                0x08002038       0x3a CMakeFiles/CS301ProjectClock.elf.dir/Drivers/STM32F1xx_HAL_Driver/Src/stm32f1xx_hal_uart.c.obj
 .text.UART_DMAAbortOnError
                0x08002072       0x28 CMakeFiles/CS301ProjectClock.elf.dir/Drivers/STM32F1xx_HAL_Driver/Src/stm32f1xx_hal_uart.c.obj
 .text.UART_Transmit_IT
                0x0800209a       0xaa CMakeFiles/CS301ProjectClock.elf.dir/Drivers/STM32F1xx_HAL_Driver/Src/stm32f1xx_hal_uart.c.obj
 .text.UART_EndTransmit_IT
                0x08002144       0x30 CMakeFiles/CS301ProjectClock.elf.dir/Drivers/STM32F1xx_HAL_Driver/Src/stm32f1xx_hal_uart.c.obj
 .text.UART_Receive_IT
                0x08002174      0x102 CMakeFiles/CS301ProjectClock.elf.dir/Drivers/STM32F1xx_HAL_Driver/Src/stm32f1xx_hal_uart.c.obj
 *fill*         0x08002276        0x2 
 .text.UART_SetConfig
                0x08002278      0x1b4 CMakeFiles/CS301ProjectClock.elf.dir/Drivers/STM32F1xx_HAL_Driver/Src/stm32f1xx_hal_uart.c.obj
 .text.MX_GPIO_Init
                0x0800242c      0x148 CMakeFiles/CS301ProjectClock.elf.dir/Src/gpio.c.obj
                0x0800242c                MX_GPIO_Init
 .text.LCD_WR_REG
                0x08002574       0x48 CMakeFiles/CS301ProjectClock.elf.dir/Src/lcd.c.obj
                0x08002574                LCD_WR_REG
 .text.LCD_WR_DATAX
                0x080025bc       0x48 CMakeFiles/CS301ProjectClock.elf.dir/Src/lcd.c.obj
                0x080025bc                LCD_WR_DATAX
 .text.LCD_RD_DATA
                0x08002604       0x88 CMakeFiles/CS301ProjectClock.elf.dir/Src/lcd.c.obj
                0x08002604                LCD_RD_DATA
 .text.LCD_WriteReg
                0x0800268c       0x54 CMakeFiles/CS301ProjectClock.elf.dir/Src/lcd.c.obj
                0x0800268c                LCD_WriteReg
 .text.LCD_ReadReg
                0x080026e0       0x20 CMakeFiles/CS301ProjectClock.elf.dir/Src/lcd.c.obj
                0x080026e0                LCD_ReadReg
 .text.LCD_WriteRAM_Prepare
                0x08002700       0x18 CMakeFiles/CS301ProjectClock.elf.dir/Src/lcd.c.obj
                0x08002700                LCD_WriteRAM_Prepare
 .text.LCD_SetCursor
                0x08002718      0x598 CMakeFiles/CS301ProjectClock.elf.dir/Src/lcd.c.obj
                0x08002718                LCD_SetCursor
 .text.LCD_Scan_Dir
                0x08002cb0      0x624 CMakeFiles/CS301ProjectClock.elf.dir/Src/lcd.c.obj
                0x08002cb0                LCD_Scan_Dir
 .text.LCD_DrawPoint
                0x080032d4       0x60 CMakeFiles/CS301ProjectClock.elf.dir/Src/lcd.c.obj
                0x080032d4                LCD_DrawPoint
 .text.LCD_Fast_DrawPoint
                0x08003334      0x52c CMakeFiles/CS301ProjectClock.elf.dir/Src/lcd.c.obj
                0x08003334                LCD_Fast_DrawPoint
 .text.LCD_SSD_BackLightSet
                0x08003860      0x148 CMakeFiles/CS301ProjectClock.elf.dir/Src/lcd.c.obj
                0x08003860                LCD_SSD_BackLightSet
 .text.LCD_Display_Dir
                0x080039a8      0x218 CMakeFiles/CS301ProjectClock.elf.dir/Src/lcd.c.obj
                0x080039a8                LCD_Display_Dir
 .text.LCD_Init
                0x08003bc0     0x3e5c CMakeFiles/CS301ProjectClock.elf.dir/Src/lcd.c.obj
                0x08003bc0                LCD_Init
 .text.LCD_Clear
                0x08007a1c       0xc4 CMakeFiles/CS301ProjectClock.elf.dir/Src/lcd.c.obj
                0x08007a1c                LCD_Clear
 .text.LCD_Fill
                0x08007ae0      0x118 CMakeFiles/CS301ProjectClock.elf.dir/Src/lcd.c.obj
                0x08007ae0                LCD_Fill
 .text.LCD_DrawLine
                0x08007bf8      0x106 CMakeFiles/CS301ProjectClock.elf.dir/Src/lcd.c.obj
                0x08007bf8                LCD_DrawLine
 .text.LCD_DrawRectangle
                0x08007cfe       0x56 CMakeFiles/CS301ProjectClock.elf.dir/Src/lcd.c.obj
                0x08007cfe                LCD_DrawRectangle
 .text.LCD_ShowChar
                0x08007d54      0x15c CMakeFiles/CS301ProjectClock.elf.dir/Src/lcd.c.obj
                0x08007d54                LCD_ShowChar
 .text.LCD_ShowString
                0x08007eb0       0x9c CMakeFiles/CS301ProjectClock.elf.dir/Src/lcd.c.obj
                0x08007eb0                LCD_ShowString
 .text.main     0x08007f4c       0xa8 CMakeFiles/CS301ProjectClock.elf.dir/Src/main.c.obj
                0x08007f4c                main
 .text.SystemClock_Config
                0x08007ff4       0x8a CMakeFiles/CS301ProjectClock.elf.dir/Src/main.c.obj
                0x08007ff4                SystemClock_Config
 *fill*         0x0800807e        0x2 
 .text.send_message_invoke
                0x08008080       0x28 CMakeFiles/CS301ProjectClock.elf.dir/Src/main.c.obj
                0x08008080                send_message_invoke
 .text.update_screen
                0x080080a8      0x188 CMakeFiles/CS301ProjectClock.elf.dir/Src/main.c.obj
                0x080080a8                update_screen
 .text.HAL_UART_RxCpltCallback
                0x08008230       0x74 CMakeFiles/CS301ProjectClock.elf.dir/Src/main.c.obj
                0x08008230                HAL_UART_RxCpltCallback
 .text.HAL_GPIO_EXTI_Callback
                0x080082a4       0xe8 CMakeFiles/CS301ProjectClock.elf.dir/Src/main.c.obj
                0x080082a4                HAL_GPIO_EXTI_Callback
 .text.Error_Handler
                0x0800838c        0xc CMakeFiles/CS301ProjectClock.elf.dir/Src/main.c.obj
                0x0800838c                Error_Handler
 .text.HAL_MspInit
                0x08008398       0x64 CMakeFiles/CS301ProjectClock.elf.dir/Src/stm32f1xx_hal_msp.c.obj
                0x08008398                HAL_MspInit
 .text.NMI_Handler
                0x080083fc        0xc CMakeFiles/CS301ProjectClock.elf.dir/Src/stm32f1xx_it.c.obj
                0x080083fc                NMI_Handler
 .text.HardFault_Handler
                0x08008408        0x6 CMakeFiles/CS301ProjectClock.elf.dir/Src/stm32f1xx_it.c.obj
                0x08008408                HardFault_Handler
 .text.MemManage_Handler
                0x0800840e        0x6 CMakeFiles/CS301ProjectClock.elf.dir/Src/stm32f1xx_it.c.obj
                0x0800840e                MemManage_Handler
 .text.BusFault_Handler
                0x08008414        0x6 CMakeFiles/CS301ProjectClock.elf.dir/Src/stm32f1xx_it.c.obj
                0x08008414                BusFault_Handler
 .text.UsageFault_Handler
                0x0800841a        0x6 CMakeFiles/CS301ProjectClock.elf.dir/Src/stm32f1xx_it.c.obj
                0x0800841a                UsageFault_Handler
 .text.SVC_Handler
                0x08008420        0xc CMakeFiles/CS301ProjectClock.elf.dir/Src/stm32f1xx_it.c.obj
                0x08008420                SVC_Handler
 .text.DebugMon_Handler
                0x0800842c        0xc CMakeFiles/CS301ProjectClock.elf.dir/Src/stm32f1xx_it.c.obj
                0x0800842c                DebugMon_Handler
 .text.PendSV_Handler
                0x08008438        0xc CMakeFiles/CS301ProjectClock.elf.dir/Src/stm32f1xx_it.c.obj
                0x08008438                PendSV_Handler
 .text.SysTick_Handler
                0x08008444        0xc CMakeFiles/CS301ProjectClock.elf.dir/Src/stm32f1xx_it.c.obj
                0x08008444                SysTick_Handler
 .text.EXTI0_IRQHandler
                0x08008450        0xe CMakeFiles/CS301ProjectClock.elf.dir/Src/stm32f1xx_it.c.obj
                0x08008450                EXTI0_IRQHandler
 .text.EXTI9_5_IRQHandler
                0x0800845e        0xe CMakeFiles/CS301ProjectClock.elf.dir/Src/stm32f1xx_it.c.obj
                0x0800845e                EXTI9_5_IRQHandler
 .text.USART1_IRQHandler
                0x0800846c       0x14 CMakeFiles/CS301ProjectClock.elf.dir/Src/stm32f1xx_it.c.obj
                0x0800846c                USART1_IRQHandler
 .text.EXTI15_10_IRQHandler
                0x08008480       0x10 CMakeFiles/CS301ProjectClock.elf.dir/Src/stm32f1xx_it.c.obj
                0x08008480                EXTI15_10_IRQHandler
 .text._sbrk    0x08008490       0x58 CMakeFiles/CS301ProjectClock.elf.dir/Src/syscalls.c.obj
                0x08008490                _sbrk
 .text.SystemInit
                0x080084e8       0x68 CMakeFiles/CS301ProjectClock.elf.dir/Src/system_stm32f1xx.c.obj
                0x080084e8                SystemInit
 .text.MX_USART1_UART_Init
                0x08008550       0x54 CMakeFiles/CS301ProjectClock.elf.dir/Src/usart.c.obj
                0x08008550                MX_USART1_UART_Init
 .text.HAL_UART_MspInit
                0x080085a4       0xa8 CMakeFiles/CS301ProjectClock.elf.dir/Src/usart.c.obj
                0x080085a4                HAL_UART_MspInit
 .text.Reset_Handler
                0x0800864c       0x48 CMakeFiles/CS301ProjectClock.elf.dir/startup/startup_stm32f103xe.s.obj
                0x0800864c                Reset_Handler
 .text.Default_Handler
                0x08008694        0x2 CMakeFiles/CS301ProjectClock.elf.dir/startup/startup_stm32f103xe.s.obj
                0x08008694                RTC_Alarm_IRQHandler
                0x08008694                EXTI2_IRQHandler
                0x08008694                TIM8_TRG_COM_IRQHandler
                0x08008694                TIM8_CC_IRQHandler
                0x08008694                TIM1_CC_IRQHandler
                0x08008694                TIM6_IRQHandler
                0x08008694                PVD_IRQHandler
                0x08008694                SDIO_IRQHandler
                0x08008694                EXTI3_IRQHandler
                0x08008694                I2C2_EV_IRQHandler
                0x08008694                ADC1_2_IRQHandler
                0x08008694                SPI1_IRQHandler
                0x08008694                TAMPER_IRQHandler
                0x08008694                TIM8_UP_IRQHandler
                0x08008694                DMA2_Channel2_IRQHandler
                0x08008694                DMA1_Channel4_IRQHandler
                0x08008694                USART3_IRQHandler
                0x08008694                RTC_IRQHandler
                0x08008694                DMA1_Channel7_IRQHandler
                0x08008694                CAN1_RX1_IRQHandler
                0x08008694                UART5_IRQHandler
                0x08008694                ADC3_IRQHandler
                0x08008694                TIM4_IRQHandler
                0x08008694                DMA2_Channel1_IRQHandler
                0x08008694                I2C1_EV_IRQHandler
                0x08008694                DMA1_Channel6_IRQHandler
                0x08008694                UART4_IRQHandler
                0x08008694                TIM3_IRQHandler
                0x08008694                RCC_IRQHandler
                0x08008694                TIM1_TRG_COM_IRQHandler
                0x08008694                DMA1_Channel1_IRQHandler
                0x08008694                Default_Handler
                0x08008694                TIM7_IRQHandler
                0x08008694                TIM5_IRQHandler
                0x08008694                SPI2_IRQHandler
                0x08008694                DMA1_Channel5_IRQHandler
                0x08008694                EXTI4_IRQHandler
                0x08008694                USB_LP_CAN1_RX0_IRQHandler
                0x08008694                USB_HP_CAN1_TX_IRQHandler
                0x08008694                DMA1_Channel3_IRQHandler
                0x08008694                FSMC_IRQHandler
                0x08008694                TIM1_UP_IRQHandler
                0x08008694                WWDG_IRQHandler
                0x08008694                TIM2_IRQHandler
                0x08008694                TIM1_BRK_IRQHandler
                0x08008694                EXTI1_IRQHandler
                0x08008694                DMA2_Channel4_5_IRQHandler
                0x08008694                USART2_IRQHandler
                0x08008694                I2C2_ER_IRQHandler
                0x08008694                DMA1_Channel2_IRQHandler
                0x08008694                TIM8_BRK_IRQHandler
                0x08008694                CAN1_SCE_IRQHandler
                0x08008694                FLASH_IRQHandler
                0x08008694                SPI3_IRQHandler
                0x08008694                I2C1_ER_IRQHandler
                0x08008694                USBWakeUp_IRQHandler
                0x08008694                DMA2_Channel3_IRQHandler
 *fill*         0x08008696        0x2 
 .text.__errno  0x08008698        0xc c:/progra~2/gnutoo~1/82019-~1/bin/../lib/gcc/arm-none-eabi/8.3.1/../../../../arm-none-eabi/lib/thumb/v7-m/nofp\libg_nano.a(lib_a-errno.o)
                0x08008698                __errno
 .text.__libc_init_array
                0x080086a4       0x48 c:/progra~2/gnutoo~1/82019-~1/bin/../lib/gcc/arm-none-eabi/8.3.1/../../../../arm-none-eabi/lib/thumb/v7-m/nofp\libg_nano.a(lib_a-init.o)
                0x080086a4                __libc_init_array
 .text.memset   0x080086ec       0x10 c:/progra~2/gnutoo~1/82019-~1/bin/../lib/gcc/arm-none-eabi/8.3.1/../../../../arm-none-eabi/lib/thumb/v7-m/nofp\libg_nano.a(lib_a-memset.o)
                0x080086ec                memset
 .text.sprintf  0x080086fc       0x40 c:/progra~2/gnutoo~1/82019-~1/bin/../lib/gcc/arm-none-eabi/8.3.1/../../../../arm-none-eabi/lib/thumb/v7-m/nofp\libg_nano.a(lib_a-sprintf.o)
                0x080086fc                siprintf
                0x080086fc                sprintf
 .text.__ssputs_r
                0x0800873c       0xb6 c:/progra~2/gnutoo~1/82019-~1/bin/../lib/gcc/arm-none-eabi/8.3.1/../../../../arm-none-eabi/lib/thumb/v7-m/nofp\libg_nano.a(lib_a-nano-svfprintf.o)
                0x0800873c                __ssputs_r
 *fill*         0x080087f2        0x2 
 .text._svfprintf_r
                0x080087f4      0x1f0 c:/progra~2/gnutoo~1/82019-~1/bin/../lib/gcc/arm-none-eabi/8.3.1/../../../../arm-none-eabi/lib/thumb/v7-m/nofp\libg_nano.a(lib_a-nano-svfprintf.o)
                0x080087f4                _svfiprintf_r
                0x080087f4                _svfprintf_r
 .text._printf_common
                0x080089e4       0xec c:/progra~2/gnutoo~1/82019-~1/bin/../lib/gcc/arm-none-eabi/8.3.1/../../../../arm-none-eabi/lib/thumb/v7-m/nofp\libg_nano.a(lib_a-nano-vfprintf_i.o)
                0x080089e4                _printf_common
 .text._printf_i
                0x08008ad0      0x22c c:/progra~2/gnutoo~1/82019-~1/bin/../lib/gcc/arm-none-eabi/8.3.1/../../../../arm-none-eabi/lib/thumb/v7-m/nofp\libg_nano.a(lib_a-nano-vfprintf_i.o)
                0x08008ad0                _printf_i
 .text.memchr   0x08008cfc       0x1c c:/progra~2/gnutoo~1/82019-~1/bin/../lib/gcc/arm-none-eabi/8.3.1/../../../../arm-none-eabi/lib/thumb/v7-m/nofp\libg_nano.a(lib_a-memchr-stub.o)
                0x08008cfc                memchr
 .text.memcpy   0x08008d18       0x1c c:/progra~2/gnutoo~1/82019-~1/bin/../lib/gcc/arm-none-eabi/8.3.1/../../../../arm-none-eabi/lib/thumb/v7-m/nofp\libg_nano.a(lib_a-memcpy-stub.o)
                0x08008d18                memcpy
 .text.memmove  0x08008d34       0x34 c:/progra~2/gnutoo~1/82019-~1/bin/../lib/gcc/arm-none-eabi/8.3.1/../../../../arm-none-eabi/lib/thumb/v7-m/nofp\libg_nano.a(lib_a-memmove.o)
                0x08008d34                memmove
 .text._free_r  0x08008d68       0x98 c:/progra~2/gnutoo~1/82019-~1/bin/../lib/gcc/arm-none-eabi/8.3.1/../../../../arm-none-eabi/lib/thumb/v7-m/nofp\libg_nano.a(lib_a-nano-freer.o)
                0x08008d68                _free_r
 .text._malloc_r
                0x08008e00       0xb4 c:/progra~2/gnutoo~1/82019-~1/bin/../lib/gcc/arm-none-eabi/8.3.1/../../../../arm-none-eabi/lib/thumb/v7-m/nofp\libg_nano.a(lib_a-nano-mallocr.o)
                0x08008e00                _malloc_r
 .text._realloc_r
                0x08008eb4       0x4c c:/progra~2/gnutoo~1/82019-~1/bin/../lib/gcc/arm-none-eabi/8.3.1/../../../../arm-none-eabi/lib/thumb/v7-m/nofp\libg_nano.a(lib_a-nano-reallocr.o)
                0x08008eb4                _realloc_r
 .text._sbrk_r  0x08008f00       0x20 c:/progra~2/gnutoo~1/82019-~1/bin/../lib/gcc/arm-none-eabi/8.3.1/../../../../arm-none-eabi/lib/thumb/v7-m/nofp\libg_nano.a(lib_a-sbrkr.o)
                0x08008f00                _sbrk_r
 .text.__malloc_lock
                0x08008f20        0xc c:/progra~2/gnutoo~1/82019-~1/bin/../lib/gcc/arm-none-eabi/8.3.1/../../../../arm-none-eabi/lib/thumb/v7-m/nofp\libg_nano.a(lib_a-mlock.o)
                0x08008f20                __malloc_lock
 .text.__malloc_unlock
                0x08008f2c        0xc c:/progra~2/gnutoo~1/82019-~1/bin/../lib/gcc/arm-none-eabi/8.3.1/../../../../arm-none-eabi/lib/thumb/v7-m/nofp\libg_nano.a(lib_a-mlock.o)
                0x08008f2c                __malloc_unlock
 .text._malloc_usable_size_r
                0x08008f38       0x10 c:/progra~2/gnutoo~1/82019-~1/bin/../lib/gcc/arm-none-eabi/8.3.1/../../../../arm-none-eabi/lib/thumb/v7-m/nofp\libg_nano.a(lib_a-nano-msizer.o)
                0x08008f38                _malloc_usable_size_r
 .text.__retarget_lock_acquire_recursive
                0x08008f48        0x2 c:/progra~2/gnutoo~1/82019-~1/bin/../lib/gcc/arm-none-eabi/8.3.1/../../../../arm-none-eabi/lib/thumb/v7-m/nofp\libg_nano.a(lib_a-lock.o)
                0x08008f48                __retarget_lock_acquire_recursive
 .text.__retarget_lock_release_recursive
                0x08008f4a        0x2 c:/progra~2/gnutoo~1/82019-~1/bin/../lib/gcc/arm-none-eabi/8.3.1/../../../../arm-none-eabi/lib/thumb/v7-m/nofp\libg_nano.a(lib_a-lock.o)
                0x08008f4a                __retarget_lock_release_recursive
 *(.glue_7)
 .glue_7        0x08008f4c        0x0 linker stubs
 *(.glue_7t)
 .glue_7t       0x08008f4c        0x0 linker stubs
 *(.eh_frame)
 .eh_frame      0x08008f4c        0x0 c:/progra~2/gnutoo~1/82019-~1/bin/../lib/gcc/arm-none-eabi/8.3.1/thumb/v7-m/nofp/crtbegin.o
 *(.init)
 .init          0x08008f4c        0x4 c:/progra~2/gnutoo~1/82019-~1/bin/../lib/gcc/arm-none-eabi/8.3.1/thumb/v7-m/nofp/crti.o
                0x08008f4c                _init
 .init          0x08008f50        0x8 c:/progra~2/gnutoo~1/82019-~1/bin/../lib/gcc/arm-none-eabi/8.3.1/thumb/v7-m/nofp/crtn.o
 *(.fini)
 .fini          0x08008f58        0x4 c:/progra~2/gnutoo~1/82019-~1/bin/../lib/gcc/arm-none-eabi/8.3.1/thumb/v7-m/nofp/crti.o
                0x08008f58                _fini
 .fini          0x08008f5c        0x8 c:/progra~2/gnutoo~1/82019-~1/bin/../lib/gcc/arm-none-eabi/8.3.1/thumb/v7-m/nofp/crtn.o
                0x08008f64                . = ALIGN (0x4)
                0x08008f64                _etext = .

.vfp11_veneer   0x08008f64        0x0
 .vfp11_veneer  0x08008f64        0x0 linker stubs

.v4_bx          0x08008f64        0x0
 .v4_bx         0x08008f64        0x0 linker stubs

.iplt           0x08008f64        0x0
 .iplt          0x08008f64        0x0 c:/progra~2/gnutoo~1/82019-~1/bin/../lib/gcc/arm-none-eabi/8.3.1/thumb/v7-m/nofp/crtbegin.o

.rodata         0x08008f64     0x1874
                0x08008f64                . = ALIGN (0x4)
 *(.rodata)
 .rodata        0x08008f64       0x12 CMakeFiles/CS301ProjectClock.elf.dir/Drivers/STM32F1xx_HAL_Driver/Src/stm32f1xx_hal_rcc.c.obj
 *fill*         0x08008f76        0x2 
 .rodata        0x08008f78       0x51 CMakeFiles/CS301ProjectClock.elf.dir/Src/main.c.obj
 *(.rodata*)
 *fill*         0x08008fc9        0x3 
 .rodata.asc2_1206
                0x08008fcc      0x474 CMakeFiles/CS301ProjectClock.elf.dir/Src/lcd.c.obj
                0x08008fcc                asc2_1206
 .rodata.asc2_1608
                0x08009440      0x5f0 CMakeFiles/CS301ProjectClock.elf.dir/Src/lcd.c.obj
                0x08009440                asc2_1608
 .rodata.asc2_2412
                0x08009a30      0xd5c CMakeFiles/CS301ProjectClock.elf.dir/Src/lcd.c.obj
                0x08009a30                asc2_2412
 .rodata.AHBPrescTable
                0x0800a78c       0x10 CMakeFiles/CS301ProjectClock.elf.dir/Src/system_stm32f1xx.c.obj
                0x0800a78c                AHBPrescTable
 .rodata.APBPrescTable
                0x0800a79c        0x8 CMakeFiles/CS301ProjectClock.elf.dir/Src/system_stm32f1xx.c.obj
                0x0800a79c                APBPrescTable
 .rodata._svfprintf_r.str1.1
                0x0800a7a4       0x11 c:/progra~2/gnutoo~1/82019-~1/bin/../lib/gcc/arm-none-eabi/8.3.1/../../../../arm-none-eabi/lib/thumb/v7-m/nofp\libg_nano.a(lib_a-nano-svfprintf.o)
 .rodata._printf_i.str1.1
                0x0800a7b5       0x22 c:/progra~2/gnutoo~1/82019-~1/bin/../lib/gcc/arm-none-eabi/8.3.1/../../../../arm-none-eabi/lib/thumb/v7-m/nofp\libg_nano.a(lib_a-nano-vfprintf_i.o)
                0x0800a7d8                . = ALIGN (0x4)
 *fill*         0x0800a7d7        0x1 

.rel.dyn        0x0800a7d8        0x0
 .rel.iplt      0x0800a7d8        0x0 c:/progra~2/gnutoo~1/82019-~1/bin/../lib/gcc/arm-none-eabi/8.3.1/thumb/v7-m/nofp/crtbegin.o

.ARM.extab
 *(.ARM.extab* .gnu.linkonce.armextab.*)

.ARM            0x0800a7d8        0x0
                0x0800a7d8                __exidx_start = .
 *(.ARM.exidx*)
                0x0800a7d8                __exidx_end = .

.preinit_array  0x0800a7d8        0x0
                0x0800a7d8                PROVIDE (__preinit_array_start = .)
 *(.preinit_array*)
                0x0800a7d8                PROVIDE (__preinit_array_end = .)

.init_array     0x0800a7d8        0x4
                0x0800a7d8                PROVIDE (__init_array_start = .)
 *(SORT_BY_NAME(.init_array.*))
 *(.init_array*)
 .init_array    0x0800a7d8        0x4 c:/progra~2/gnutoo~1/82019-~1/bin/../lib/gcc/arm-none-eabi/8.3.1/thumb/v7-m/nofp/crtbegin.o
                0x0800a7dc                PROVIDE (__init_array_end = .)

.fini_array     0x0800a7dc        0x4
                [!provide]                PROVIDE (__fini_array_start = .)
 *(SORT_BY_NAME(.fini_array.*))
 *(.fini_array*)
 .fini_array    0x0800a7dc        0x4 c:/progra~2/gnutoo~1/82019-~1/bin/../lib/gcc/arm-none-eabi/8.3.1/thumb/v7-m/nofp/crtbegin.o
                [!provide]                PROVIDE (__fini_array_end = .)
                0x0800a7e0                _sidata = LOADADDR (.data)

.data           0x20000000       0x74 load address 0x0800a7e0
                0x20000000                . = ALIGN (0x4)
                0x20000000                _sdata = .
 *(.data)
 *(.data*)
 .data.uwTickPrio
                0x20000000        0x4 CMakeFiles/CS301ProjectClock.elf.dir/Drivers/STM32F1xx_HAL_Driver/Src/stm32f1xx_hal.c.obj
                0x20000000                uwTickPrio
 .data.uwTickFreq
                0x20000004        0x1 CMakeFiles/CS301ProjectClock.elf.dir/Drivers/STM32F1xx_HAL_Driver/Src/stm32f1xx_hal.c.obj
                0x20000004                uwTickFreq
 *fill*         0x20000005        0x1 
 .data.BACK_COLOR
                0x20000006        0x2 CMakeFiles/CS301ProjectClock.elf.dir/Src/lcd.c.obj
                0x20000006                BACK_COLOR
 .data.currentBackground
                0x20000008        0x1 CMakeFiles/CS301ProjectClock.elf.dir/Src/main.c.obj
                0x20000008                currentBackground
 *fill*         0x20000009        0x3 
 .data.SystemCoreClock
                0x2000000c        0x4 CMakeFiles/CS301ProjectClock.elf.dir/Src/system_stm32f1xx.c.obj
                0x2000000c                SystemCoreClock
 .data._impure_ptr
                0x20000010        0x4 c:/progra~2/gnutoo~1/82019-~1/bin/../lib/gcc/arm-none-eabi/8.3.1/../../../../arm-none-eabi/lib/thumb/v7-m/nofp\libg_nano.a(lib_a-impure.o)
                0x20000010                _impure_ptr
 .data.impure_data
                0x20000014       0x60 c:/progra~2/gnutoo~1/82019-~1/bin/../lib/gcc/arm-none-eabi/8.3.1/../../../../arm-none-eabi/lib/thumb/v7-m/nofp\libg_nano.a(lib_a-impure.o)
                0x20000074                . = ALIGN (0x4)
                0x20000074                _edata = .

.igot.plt       0x20000074        0x0 load address 0x0800a854
 .igot.plt      0x20000074        0x0 c:/progra~2/gnutoo~1/82019-~1/bin/../lib/gcc/arm-none-eabi/8.3.1/thumb/v7-m/nofp/crtbegin.o
                0x20000074                . = ALIGN (0x4)

.bss            0x20000074      0x55c load address 0x0800a854
                0x20000074                _sbss = .
                0x20000074                __bss_start__ = _sbss
 *(.bss)
 .bss           0x20000074       0x1c c:/progra~2/gnutoo~1/82019-~1/bin/../lib/gcc/arm-none-eabi/8.3.1/thumb/v7-m/nofp/crtbegin.o
 *(.bss*)
 .bss.uwTick    0x20000090        0x4 CMakeFiles/CS301ProjectClock.elf.dir/Drivers/STM32F1xx_HAL_Driver/Src/stm32f1xx_hal.c.obj
                0x20000090                uwTick
 .bss.POINT_COLOR
                0x20000094        0x2 CMakeFiles/CS301ProjectClock.elf.dir/Src/lcd.c.obj
                0x20000094                POINT_COLOR
 *fill*         0x20000096        0x2 
 .bss.lcddev    0x20000098        0xe CMakeFiles/CS301ProjectClock.elf.dir/Src/lcd.c.obj
                0x20000098                lcddev
 *fill*         0x200000a6        0x2 
 .bss.rxBuffer  0x200000a8       0x64 CMakeFiles/CS301ProjectClock.elf.dir/Src/main.c.obj
                0x200000a8                rxBuffer
 .bss.msg       0x2000010c       0x64 CMakeFiles/CS301ProjectClock.elf.dir/Src/main.c.obj
                0x2000010c                msg
 .bss.uLength.7495
                0x20000170        0x1 CMakeFiles/CS301ProjectClock.elf.dir/Src/main.c.obj
 *fill*         0x20000171        0x3 
 .bss.uRx_Data.7494
                0x20000174      0x400 CMakeFiles/CS301ProjectClock.elf.dir/Src/main.c.obj
 .bss.heap_end.6069
                0x20000574        0x4 CMakeFiles/CS301ProjectClock.elf.dir/Src/syscalls.c.obj
 .bss.huart1    0x20000578       0x40 CMakeFiles/CS301ProjectClock.elf.dir/Src/usart.c.obj
                0x20000578                huart1
 .bss.__malloc_free_list
                0x200005b8        0x4 c:/progra~2/gnutoo~1/82019-~1/bin/../lib/gcc/arm-none-eabi/8.3.1/../../../../arm-none-eabi/lib/thumb/v7-m/nofp\libg_nano.a(lib_a-nano-mallocr.o)
                0x200005b8                __malloc_free_list
 .bss.__malloc_sbrk_start
                0x200005bc        0x4 c:/progra~2/gnutoo~1/82019-~1/bin/../lib/gcc/arm-none-eabi/8.3.1/../../../../arm-none-eabi/lib/thumb/v7-m/nofp\libg_nano.a(lib_a-nano-mallocr.o)
                0x200005bc                __malloc_sbrk_start
 *(COMMON)
 COMMON         0x200005c0        0x4 c:/progra~2/gnutoo~1/82019-~1/bin/../lib/gcc/arm-none-eabi/8.3.1/../../../../arm-none-eabi/lib/thumb/v7-m/nofp\libg_nano.a(lib_a-reent.o)
                0x200005c0                errno
 COMMON         0x200005c4        0x9 c:/progra~2/gnutoo~1/82019-~1/bin/../lib/gcc/arm-none-eabi/8.3.1/../../../../arm-none-eabi/lib/thumb/v7-m/nofp\libg_nano.a(lib_a-lock.o)
                0x200005c4                __lock___atexit_recursive_mutex
                0x200005c5                __lock___arc4random_mutex
                0x200005c6                __lock___env_recursive_mutex
                0x200005c7                __lock___sinit_recursive_mutex
                0x200005c8                __lock___malloc_recursive_mutex
                0x200005c9                __lock___at_quick_exit_mutex
                0x200005ca                __lock___dd_hash_mutex
                0x200005cb                __lock___tz_mutex
                0x200005cc                __lock___sfp_recursive_mutex
                0x200005d0                . = ALIGN (0x4)
 *fill*         0x200005cd        0x3 
                0x200005d0                _ebss = .
                0x200005d0                __bss_end__ = _ebss

._user_heap_stack
                0x200005d0      0x600 load address 0x0800a854
                0x200005d0                . = ALIGN (0x8)
                0x200005d0                PROVIDE (end = .)
                [!provide]                PROVIDE (_end = .)
                0x200007d0                . = (. + _Min_Heap_Size)
 *fill*         0x200005d0      0x200 
                0x20000bd0                . = (. + _Min_Stack_Size)
 *fill*         0x200007d0      0x400 
                0x20000bd0                . = ALIGN (0x8)

/DISCARD/
 libc.a(*)
 libm.a(*)
 libgcc.a(*)

.ARM.attributes
                0x00000000       0x29
 *(.ARM.attributes)
 .ARM.attributes
                0x00000000       0x1d c:/progra~2/gnutoo~1/82019-~1/bin/../lib/gcc/arm-none-eabi/8.3.1/thumb/v7-m/nofp/crti.o
 .ARM.attributes
                0x0000001d       0x2d c:/progra~2/gnutoo~1/82019-~1/bin/../lib/gcc/arm-none-eabi/8.3.1/thumb/v7-m/nofp/crtbegin.o
 .ARM.attributes
                0x0000004a       0x2d CMakeFiles/CS301ProjectClock.elf.dir/Drivers/STM32F1xx_HAL_Driver/Src/stm32f1xx_hal.c.obj
 .ARM.attributes
                0x00000077       0x2d CMakeFiles/CS301ProjectClock.elf.dir/Drivers/STM32F1xx_HAL_Driver/Src/stm32f1xx_hal_cortex.c.obj
 .ARM.attributes
                0x000000a4       0x2d CMakeFiles/CS301ProjectClock.elf.dir/Drivers/STM32F1xx_HAL_Driver/Src/stm32f1xx_hal_dma.c.obj
 .ARM.attributes
                0x000000d1       0x2d CMakeFiles/CS301ProjectClock.elf.dir/Drivers/STM32F1xx_HAL_Driver/Src/stm32f1xx_hal_gpio.c.obj
 .ARM.attributes
                0x000000fe       0x2d CMakeFiles/CS301ProjectClock.elf.dir/Drivers/STM32F1xx_HAL_Driver/Src/stm32f1xx_hal_rcc.c.obj
 .ARM.attributes
                0x0000012b       0x2d CMakeFiles/CS301ProjectClock.elf.dir/Drivers/STM32F1xx_HAL_Driver/Src/stm32f1xx_hal_uart.c.obj
 .ARM.attributes
                0x00000158       0x2d CMakeFiles/CS301ProjectClock.elf.dir/Src/gpio.c.obj
 .ARM.attributes
                0x00000185       0x2d CMakeFiles/CS301ProjectClock.elf.dir/Src/lcd.c.obj
 .ARM.attributes
                0x000001b2       0x2d CMakeFiles/CS301ProjectClock.elf.dir/Src/main.c.obj
 .ARM.attributes
                0x000001df       0x2d CMakeFiles/CS301ProjectClock.elf.dir/Src/stm32f1xx_hal_msp.c.obj
 .ARM.attributes
                0x0000020c       0x2d CMakeFiles/CS301ProjectClock.elf.dir/Src/stm32f1xx_it.c.obj
 .ARM.attributes
                0x00000239       0x2d CMakeFiles/CS301ProjectClock.elf.dir/Src/syscalls.c.obj
 .ARM.attributes
                0x00000266       0x2d CMakeFiles/CS301ProjectClock.elf.dir/Src/system_stm32f1xx.c.obj
 .ARM.attributes
                0x00000293       0x2d CMakeFiles/CS301ProjectClock.elf.dir/Src/usart.c.obj
 .ARM.attributes
                0x000002c0       0x21 CMakeFiles/CS301ProjectClock.elf.dir/startup/startup_stm32f103xe.s.obj
 .ARM.attributes
                0x000002e1       0x1d c:/progra~2/gnutoo~1/82019-~1/bin/../lib/gcc/arm-none-eabi/8.3.1/thumb/v7-m/nofp\libgcc.a(_arm_addsubdf3.o)
 .ARM.attributes
                0x000002fe       0x1d c:/progra~2/gnutoo~1/82019-~1/bin/../lib/gcc/arm-none-eabi/8.3.1/thumb/v7-m/nofp\libgcc.a(_arm_muldivdf3.o)
 .ARM.attributes
                0x0000031b       0x1d c:/progra~2/gnutoo~1/82019-~1/bin/../lib/gcc/arm-none-eabi/8.3.1/thumb/v7-m/nofp\libgcc.a(_arm_fixunsdfsi.o)
 .ARM.attributes
                0x00000338       0x2d c:/progra~2/gnutoo~1/82019-~1/bin/../lib/gcc/arm-none-eabi/8.3.1/../../../../arm-none-eabi/lib/thumb/v7-m/nofp\libg_nano.a(lib_a-errno.o)
 .ARM.attributes
                0x00000365       0x2d c:/progra~2/gnutoo~1/82019-~1/bin/../lib/gcc/arm-none-eabi/8.3.1/../../../../arm-none-eabi/lib/thumb/v7-m/nofp\libg_nano.a(lib_a-impure.o)
 .ARM.attributes
                0x00000392       0x2d c:/progra~2/gnutoo~1/82019-~1/bin/../lib/gcc/arm-none-eabi/8.3.1/../../../../arm-none-eabi/lib/thumb/v7-m/nofp\libg_nano.a(lib_a-init.o)
 .ARM.attributes
                0x000003bf       0x2d c:/progra~2/gnutoo~1/82019-~1/bin/../lib/gcc/arm-none-eabi/8.3.1/../../../../arm-none-eabi/lib/thumb/v7-m/nofp\libg_nano.a(lib_a-memset.o)
 .ARM.attributes
                0x000003ec       0x2d c:/progra~2/gnutoo~1/82019-~1/bin/../lib/gcc/arm-none-eabi/8.3.1/../../../../arm-none-eabi/lib/thumb/v7-m/nofp\libg_nano.a(lib_a-sprintf.o)
 .ARM.attributes
                0x00000419       0x17 c:/progra~2/gnutoo~1/82019-~1/bin/../lib/gcc/arm-none-eabi/8.3.1/../../../../arm-none-eabi/lib/thumb/v7-m/nofp\libg_nano.a(lib_a-strlen.o)
 .ARM.attributes
                0x00000430       0x2d c:/progra~2/gnutoo~1/82019-~1/bin/../lib/gcc/arm-none-eabi/8.3.1/../../../../arm-none-eabi/lib/thumb/v7-m/nofp\libg_nano.a(lib_a-nano-svfprintf.o)
 .ARM.attributes
                0x0000045d       0x2d c:/progra~2/gnutoo~1/82019-~1/bin/../lib/gcc/arm-none-eabi/8.3.1/../../../../arm-none-eabi/lib/thumb/v7-m/nofp\libg_nano.a(lib_a-nano-vfprintf_i.o)
 .ARM.attributes
                0x0000048a       0x2d c:/progra~2/gnutoo~1/82019-~1/bin/../lib/gcc/arm-none-eabi/8.3.1/../../../../arm-none-eabi/lib/thumb/v7-m/nofp\libg_nano.a(lib_a-memchr-stub.o)
 .ARM.attributes
                0x000004b7       0x2d c:/progra~2/gnutoo~1/82019-~1/bin/../lib/gcc/arm-none-eabi/8.3.1/../../../../arm-none-eabi/lib/thumb/v7-m/nofp\libg_nano.a(lib_a-memcpy-stub.o)
 .ARM.attributes
                0x000004e4       0x2d c:/progra~2/gnutoo~1/82019-~1/bin/../lib/gcc/arm-none-eabi/8.3.1/../../../../arm-none-eabi/lib/thumb/v7-m/nofp\libg_nano.a(lib_a-memmove.o)
 .ARM.attributes
                0x00000511       0x2d c:/progra~2/gnutoo~1/82019-~1/bin/../lib/gcc/arm-none-eabi/8.3.1/../../../../arm-none-eabi/lib/thumb/v7-m/nofp\libg_nano.a(lib_a-nano-freer.o)
 .ARM.attributes
                0x0000053e       0x2d c:/progra~2/gnutoo~1/82019-~1/bin/../lib/gcc/arm-none-eabi/8.3.1/../../../../arm-none-eabi/lib/thumb/v7-m/nofp\libg_nano.a(lib_a-nano-mallocr.o)
 .ARM.attributes
                0x0000056b       0x2d c:/progra~2/gnutoo~1/82019-~1/bin/../lib/gcc/arm-none-eabi/8.3.1/../../../../arm-none-eabi/lib/thumb/v7-m/nofp\libg_nano.a(lib_a-nano-reallocr.o)
 .ARM.attributes
                0x00000598       0x2d c:/progra~2/gnutoo~1/82019-~1/bin/../lib/gcc/arm-none-eabi/8.3.1/../../../../arm-none-eabi/lib/thumb/v7-m/nofp\libg_nano.a(lib_a-sbrkr.o)
 .ARM.attributes
                0x000005c5       0x2d c:/progra~2/gnutoo~1/82019-~1/bin/../lib/gcc/arm-none-eabi/8.3.1/../../../../arm-none-eabi/lib/thumb/v7-m/nofp\libg_nano.a(lib_a-mlock.o)
 .ARM.attributes
                0x000005f2       0x2d c:/progra~2/gnutoo~1/82019-~1/bin/../lib/gcc/arm-none-eabi/8.3.1/../../../../arm-none-eabi/lib/thumb/v7-m/nofp\libg_nano.a(lib_a-nano-msizer.o)
 .ARM.attributes
                0x0000061f       0x2d c:/progra~2/gnutoo~1/82019-~1/bin/../lib/gcc/arm-none-eabi/8.3.1/../../../../arm-none-eabi/lib/thumb/v7-m/nofp\libg_nano.a(lib_a-reent.o)
 .ARM.attributes
                0x0000064c       0x2d c:/progra~2/gnutoo~1/82019-~1/bin/../lib/gcc/arm-none-eabi/8.3.1/../../../../arm-none-eabi/lib/thumb/v7-m/nofp\libg_nano.a(lib_a-lock.o)
 .ARM.attributes
                0x00000679       0x1d c:/progra~2/gnutoo~1/82019-~1/bin/../lib/gcc/arm-none-eabi/8.3.1/thumb/v7-m/nofp/crtn.o
OUTPUT(CS301ProjectClock.elf elf32-littlearm)

.debug_info     0x00000000     0x9540
 .debug_info    0x00000000      0x7ad CMakeFiles/CS301ProjectClock.elf.dir/Drivers/STM32F1xx_HAL_Driver/Src/stm32f1xx_hal.c.obj
 .debug_info    0x000007ad      0xc2b CMakeFiles/CS301ProjectClock.elf.dir/Drivers/STM32F1xx_HAL_Driver/Src/stm32f1xx_hal_cortex.c.obj
 .debug_info    0x000013d8      0x807 CMakeFiles/CS301ProjectClock.elf.dir/Drivers/STM32F1xx_HAL_Driver/Src/stm32f1xx_hal_dma.c.obj
 .debug_info    0x00001bdf      0x6da CMakeFiles/CS301ProjectClock.elf.dir/Drivers/STM32F1xx_HAL_Driver/Src/stm32f1xx_hal_gpio.c.obj
 .debug_info    0x000022b9      0x877 CMakeFiles/CS301ProjectClock.elf.dir/Drivers/STM32F1xx_HAL_Driver/Src/stm32f1xx_hal_rcc.c.obj
 .debug_info    0x00002b30     0x12db CMakeFiles/CS301ProjectClock.elf.dir/Drivers/STM32F1xx_HAL_Driver/Src/stm32f1xx_hal_uart.c.obj
 .debug_info    0x00003e0b      0x525 CMakeFiles/CS301ProjectClock.elf.dir/Src/gpio.c.obj
 .debug_info    0x00004330     0x17b4 CMakeFiles/CS301ProjectClock.elf.dir/Src/lcd.c.obj
 .debug_info    0x00005ae4     0x127c CMakeFiles/CS301ProjectClock.elf.dir/Src/main.c.obj
 .debug_info    0x00006d60      0x2e5 CMakeFiles/CS301ProjectClock.elf.dir/Src/stm32f1xx_hal_msp.c.obj
 .debug_info    0x00007045      0x6c1 CMakeFiles/CS301ProjectClock.elf.dir/Src/stm32f1xx_it.c.obj
 .debug_info    0x00007706     0x100f CMakeFiles/CS301ProjectClock.elf.dir/Src/syscalls.c.obj
 .debug_info    0x00008715      0x462 CMakeFiles/CS301ProjectClock.elf.dir/Src/system_stm32f1xx.c.obj
 .debug_info    0x00008b77      0x9c9 CMakeFiles/CS301ProjectClock.elf.dir/Src/usart.c.obj

.debug_abbrev   0x00000000     0x1d50
 .debug_abbrev  0x00000000      0x1fd CMakeFiles/CS301ProjectClock.elf.dir/Drivers/STM32F1xx_HAL_Driver/Src/stm32f1xx_hal.c.obj
 .debug_abbrev  0x000001fd      0x310 CMakeFiles/CS301ProjectClock.elf.dir/Drivers/STM32F1xx_HAL_Driver/Src/stm32f1xx_hal_cortex.c.obj
 .debug_abbrev  0x0000050d      0x225 CMakeFiles/CS301ProjectClock.elf.dir/Drivers/STM32F1xx_HAL_Driver/Src/stm32f1xx_hal_dma.c.obj
 .debug_abbrev  0x00000732      0x1e5 CMakeFiles/CS301ProjectClock.elf.dir/Drivers/STM32F1xx_HAL_Driver/Src/stm32f1xx_hal_gpio.c.obj
 .debug_abbrev  0x00000917      0x270 CMakeFiles/CS301ProjectClock.elf.dir/Drivers/STM32F1xx_HAL_Driver/Src/stm32f1xx_hal_rcc.c.obj
 .debug_abbrev  0x00000b87      0x26d CMakeFiles/CS301ProjectClock.elf.dir/Drivers/STM32F1xx_HAL_Driver/Src/stm32f1xx_hal_uart.c.obj
 .debug_abbrev  0x00000df4      0x154 CMakeFiles/CS301ProjectClock.elf.dir/Src/gpio.c.obj
 .debug_abbrev  0x00000f48      0x352 CMakeFiles/CS301ProjectClock.elf.dir/Src/lcd.c.obj
 .debug_abbrev  0x0000129a      0x287 CMakeFiles/CS301ProjectClock.elf.dir/Src/main.c.obj
 .debug_abbrev  0x00001521      0x11a CMakeFiles/CS301ProjectClock.elf.dir/Src/stm32f1xx_hal_msp.c.obj
 .debug_abbrev  0x0000163b      0x160 CMakeFiles/CS301ProjectClock.elf.dir/Src/stm32f1xx_it.c.obj
 .debug_abbrev  0x0000179b      0x2a9 CMakeFiles/CS301ProjectClock.elf.dir/Src/syscalls.c.obj
 .debug_abbrev  0x00001a44      0x14b CMakeFiles/CS301ProjectClock.elf.dir/Src/system_stm32f1xx.c.obj
 .debug_abbrev  0x00001b8f      0x1c1 CMakeFiles/CS301ProjectClock.elf.dir/Src/usart.c.obj

.debug_aranges  0x00000000      0x848
 .debug_aranges
                0x00000000       0xe0 CMakeFiles/CS301ProjectClock.elf.dir/Drivers/STM32F1xx_HAL_Driver/Src/stm32f1xx_hal.c.obj
 .debug_aranges
                0x000000e0      0x100 CMakeFiles/CS301ProjectClock.elf.dir/Drivers/STM32F1xx_HAL_Driver/Src/stm32f1xx_hal_cortex.c.obj
 .debug_aranges
                0x000001e0       0x80 CMakeFiles/CS301ProjectClock.elf.dir/Drivers/STM32F1xx_HAL_Driver/Src/stm32f1xx_hal_dma.c.obj
 .debug_aranges
                0x00000260       0x58 CMakeFiles/CS301ProjectClock.elf.dir/Drivers/STM32F1xx_HAL_Driver/Src/stm32f1xx_hal_gpio.c.obj
 .debug_aranges
                0x000002b8       0x90 CMakeFiles/CS301ProjectClock.elf.dir/Drivers/STM32F1xx_HAL_Driver/Src/stm32f1xx_hal_rcc.c.obj
 .debug_aranges
                0x00000348      0x1d0 CMakeFiles/CS301ProjectClock.elf.dir/Drivers/STM32F1xx_HAL_Driver/Src/stm32f1xx_hal_uart.c.obj
 .debug_aranges
                0x00000518       0x20 CMakeFiles/CS301ProjectClock.elf.dir/Src/gpio.c.obj
 .debug_aranges
                0x00000538      0x118 CMakeFiles/CS301ProjectClock.elf.dir/Src/lcd.c.obj
 .debug_aranges
                0x00000650       0x50 CMakeFiles/CS301ProjectClock.elf.dir/Src/main.c.obj
 .debug_aranges
                0x000006a0       0x20 CMakeFiles/CS301ProjectClock.elf.dir/Src/stm32f1xx_hal_msp.c.obj
 .debug_aranges
                0x000006c0       0x80 CMakeFiles/CS301ProjectClock.elf.dir/Src/stm32f1xx_it.c.obj
 .debug_aranges
                0x00000740       0xb0 CMakeFiles/CS301ProjectClock.elf.dir/Src/syscalls.c.obj
 .debug_aranges
                0x000007f0       0x28 CMakeFiles/CS301ProjectClock.elf.dir/Src/system_stm32f1xx.c.obj
 .debug_aranges
                0x00000818       0x30 CMakeFiles/CS301ProjectClock.elf.dir/Src/usart.c.obj

.debug_ranges   0x00000000      0x768
 .debug_ranges  0x00000000       0xd0 CMakeFiles/CS301ProjectClock.elf.dir/Drivers/STM32F1xx_HAL_Driver/Src/stm32f1xx_hal.c.obj
 .debug_ranges  0x000000d0       0xf0 CMakeFiles/CS301ProjectClock.elf.dir/Drivers/STM32F1xx_HAL_Driver/Src/stm32f1xx_hal_cortex.c.obj
 .debug_ranges  0x000001c0       0x70 CMakeFiles/CS301ProjectClock.elf.dir/Drivers/STM32F1xx_HAL_Driver/Src/stm32f1xx_hal_dma.c.obj
 .debug_ranges  0x00000230       0x48 CMakeFiles/CS301ProjectClock.elf.dir/Drivers/STM32F1xx_HAL_Driver/Src/stm32f1xx_hal_gpio.c.obj
 .debug_ranges  0x00000278       0x80 CMakeFiles/CS301ProjectClock.elf.dir/Drivers/STM32F1xx_HAL_Driver/Src/stm32f1xx_hal_rcc.c.obj
 .debug_ranges  0x000002f8      0x1c0 CMakeFiles/CS301ProjectClock.elf.dir/Drivers/STM32F1xx_HAL_Driver/Src/stm32f1xx_hal_uart.c.obj
 .debug_ranges  0x000004b8       0x10 CMakeFiles/CS301ProjectClock.elf.dir/Src/gpio.c.obj
 .debug_ranges  0x000004c8      0x108 CMakeFiles/CS301ProjectClock.elf.dir/Src/lcd.c.obj
 .debug_ranges  0x000005d0       0x40 CMakeFiles/CS301ProjectClock.elf.dir/Src/main.c.obj
 .debug_ranges  0x00000610       0x10 CMakeFiles/CS301ProjectClock.elf.dir/Src/stm32f1xx_hal_msp.c.obj
 .debug_ranges  0x00000620       0x70 CMakeFiles/CS301ProjectClock.elf.dir/Src/stm32f1xx_it.c.obj
 .debug_ranges  0x00000690       0xa0 CMakeFiles/CS301ProjectClock.elf.dir/Src/syscalls.c.obj
 .debug_ranges  0x00000730       0x18 CMakeFiles/CS301ProjectClock.elf.dir/Src/system_stm32f1xx.c.obj
 .debug_ranges  0x00000748       0x20 CMakeFiles/CS301ProjectClock.elf.dir/Src/usart.c.obj

.debug_line     0x00000000     0x70ee
 .debug_line    0x00000000      0x53a CMakeFiles/CS301ProjectClock.elf.dir/Drivers/STM32F1xx_HAL_Driver/Src/stm32f1xx_hal.c.obj
 .debug_line    0x0000053a      0x714 CMakeFiles/CS301ProjectClock.elf.dir/Drivers/STM32F1xx_HAL_Driver/Src/stm32f1xx_hal_cortex.c.obj
 .debug_line    0x00000c4e      0xe90 CMakeFiles/CS301ProjectClock.elf.dir/Drivers/STM32F1xx_HAL_Driver/Src/stm32f1xx_hal_dma.c.obj
 .debug_line    0x00001ade      0x63b CMakeFiles/CS301ProjectClock.elf.dir/Drivers/STM32F1xx_HAL_Driver/Src/stm32f1xx_hal_gpio.c.obj
 .debug_line    0x00002119      0x9a6 CMakeFiles/CS301ProjectClock.elf.dir/Drivers/STM32F1xx_HAL_Driver/Src/stm32f1xx_hal_rcc.c.obj
 .debug_line    0x00002abf     0x1362 CMakeFiles/CS301ProjectClock.elf.dir/Drivers/STM32F1xx_HAL_Driver/Src/stm32f1xx_hal_uart.c.obj
 .debug_line    0x00003e21      0x2bc CMakeFiles/CS301ProjectClock.elf.dir/Src/gpio.c.obj
 .debug_line    0x000040dd     0x195e CMakeFiles/CS301ProjectClock.elf.dir/Src/lcd.c.obj
 .debug_line    0x00005a3b      0x5b5 CMakeFiles/CS301ProjectClock.elf.dir/Src/main.c.obj
 .debug_line    0x00005ff0      0x270 CMakeFiles/CS301ProjectClock.elf.dir/Src/stm32f1xx_hal_msp.c.obj
 .debug_line    0x00006260      0x3bf CMakeFiles/CS301ProjectClock.elf.dir/Src/stm32f1xx_it.c.obj
 .debug_line    0x0000661f      0x43c CMakeFiles/CS301ProjectClock.elf.dir/Src/syscalls.c.obj
 .debug_line    0x00006a5b      0x323 CMakeFiles/CS301ProjectClock.elf.dir/Src/system_stm32f1xx.c.obj
 .debug_line    0x00006d7e      0x370 CMakeFiles/CS301ProjectClock.elf.dir/Src/usart.c.obj

.debug_str      0x00000000     0x2a56
 .debug_str     0x00000000      0x8fb CMakeFiles/CS301ProjectClock.elf.dir/Drivers/STM32F1xx_HAL_Driver/Src/stm32f1xx_hal.c.obj
                                0x964 (size before relaxing)
 .debug_str     0x000008fb      0x436 CMakeFiles/CS301ProjectClock.elf.dir/Drivers/STM32F1xx_HAL_Driver/Src/stm32f1xx_hal_cortex.c.obj
                                0xacb (size before relaxing)
 .debug_str     0x00000d31      0x41c CMakeFiles/CS301ProjectClock.elf.dir/Drivers/STM32F1xx_HAL_Driver/Src/stm32f1xx_hal_dma.c.obj
                                0x729 (size before relaxing)
 .debug_str     0x0000114d      0x1f6 CMakeFiles/CS301ProjectClock.elf.dir/Drivers/STM32F1xx_HAL_Driver/Src/stm32f1xx_hal_gpio.c.obj
                                0x538 (size before relaxing)
 .debug_str     0x00001343      0x356 CMakeFiles/CS301ProjectClock.elf.dir/Drivers/STM32F1xx_HAL_Driver/Src/stm32f1xx_hal_rcc.c.obj
                                0x6f3 (size before relaxing)
 .debug_str     0x00001699      0x715 CMakeFiles/CS301ProjectClock.elf.dir/Drivers/STM32F1xx_HAL_Driver/Src/stm32f1xx_hal_uart.c.obj
                                0xc3a (size before relaxing)
 .debug_str     0x00001dae       0x57 CMakeFiles/CS301ProjectClock.elf.dir/Src/gpio.c.obj
                                0x749 (size before relaxing)
 .debug_str     0x00001e05      0x6ff CMakeFiles/CS301ProjectClock.elf.dir/Src/lcd.c.obj
                                0xa9d (size before relaxing)
 .debug_str     0x00002504       0xb5 CMakeFiles/CS301ProjectClock.elf.dir/Src/main.c.obj
                                0xcf6 (size before relaxing)
 .debug_str     0x000025b9       0x47 CMakeFiles/CS301ProjectClock.elf.dir/Src/stm32f1xx_hal_msp.c.obj
                                0x352 (size before relaxing)
 .debug_str     0x00002600      0x11d CMakeFiles/CS301ProjectClock.elf.dir/Src/stm32f1xx_it.c.obj
                                0x74a (size before relaxing)
 .debug_str     0x0000271d      0x266 CMakeFiles/CS301ProjectClock.elf.dir/Src/syscalls.c.obj
                                0x89e (size before relaxing)
 .debug_str     0x00002983       0x79 CMakeFiles/CS301ProjectClock.elf.dir/Src/system_stm32f1xx.c.obj
                                0x3a7 (size before relaxing)
 .debug_str     0x000029fc       0x5a CMakeFiles/CS301ProjectClock.elf.dir/Src/usart.c.obj
                                0xb13 (size before relaxing)

.comment        0x00000000       0x76
 .comment       0x00000000       0x76 CMakeFiles/CS301ProjectClock.elf.dir/Drivers/STM32F1xx_HAL_Driver/Src/stm32f1xx_hal.c.obj
                                 0x77 (size before relaxing)
 .comment       0x00000076       0x77 CMakeFiles/CS301ProjectClock.elf.dir/Drivers/STM32F1xx_HAL_Driver/Src/stm32f1xx_hal_cortex.c.obj
 .comment       0x00000076       0x77 CMakeFiles/CS301ProjectClock.elf.dir/Drivers/STM32F1xx_HAL_Driver/Src/stm32f1xx_hal_dma.c.obj
 .comment       0x00000076       0x77 CMakeFiles/CS301ProjectClock.elf.dir/Drivers/STM32F1xx_HAL_Driver/Src/stm32f1xx_hal_gpio.c.obj
 .comment       0x00000076       0x77 CMakeFiles/CS301ProjectClock.elf.dir/Drivers/STM32F1xx_HAL_Driver/Src/stm32f1xx_hal_rcc.c.obj
 .comment       0x00000076       0x77 CMakeFiles/CS301ProjectClock.elf.dir/Drivers/STM32F1xx_HAL_Driver/Src/stm32f1xx_hal_uart.c.obj
 .comment       0x00000076       0x77 CMakeFiles/CS301ProjectClock.elf.dir/Src/gpio.c.obj
 .comment       0x00000076       0x77 CMakeFiles/CS301ProjectClock.elf.dir/Src/lcd.c.obj
 .comment       0x00000076       0x77 CMakeFiles/CS301ProjectClock.elf.dir/Src/main.c.obj
 .comment       0x00000076       0x77 CMakeFiles/CS301ProjectClock.elf.dir/Src/stm32f1xx_hal_msp.c.obj
 .comment       0x00000076       0x77 CMakeFiles/CS301ProjectClock.elf.dir/Src/stm32f1xx_it.c.obj
 .comment       0x00000076       0x77 CMakeFiles/CS301ProjectClock.elf.dir/Src/syscalls.c.obj
 .comment       0x00000076       0x77 CMakeFiles/CS301ProjectClock.elf.dir/Src/system_stm32f1xx.c.obj
 .comment       0x00000076       0x77 CMakeFiles/CS301ProjectClock.elf.dir/Src/usart.c.obj

.debug_frame    0x00000000     0x25e4
 .debug_frame   0x00000000      0x334 CMakeFiles/CS301ProjectClock.elf.dir/Drivers/STM32F1xx_HAL_Driver/Src/stm32f1xx_hal.c.obj
 .debug_frame   0x00000334      0x428 CMakeFiles/CS301ProjectClock.elf.dir/Drivers/STM32F1xx_HAL_Driver/Src/stm32f1xx_hal_cortex.c.obj
 .debug_frame   0x0000075c      0x20c CMakeFiles/CS301ProjectClock.elf.dir/Drivers/STM32F1xx_HAL_Driver/Src/stm32f1xx_hal_dma.c.obj
 .debug_frame   0x00000968      0x14c CMakeFiles/CS301ProjectClock.elf.dir/Drivers/STM32F1xx_HAL_Driver/Src/stm32f1xx_hal_gpio.c.obj
 .debug_frame   0x00000ab4      0x21c CMakeFiles/CS301ProjectClock.elf.dir/Drivers/STM32F1xx_HAL_Driver/Src/stm32f1xx_hal_rcc.c.obj
 .debug_frame   0x00000cd0      0x834 CMakeFiles/CS301ProjectClock.elf.dir/Drivers/STM32F1xx_HAL_Driver/Src/stm32f1xx_hal_uart.c.obj
 .debug_frame   0x00001504       0x34 CMakeFiles/CS301ProjectClock.elf.dir/Src/gpio.c.obj
 .debug_frame   0x00001538      0x4d4 CMakeFiles/CS301ProjectClock.elf.dir/Src/lcd.c.obj
 .debug_frame   0x00001a0c       0xfc CMakeFiles/CS301ProjectClock.elf.dir/Src/main.c.obj
 .debug_frame   0x00001b08       0x38 CMakeFiles/CS301ProjectClock.elf.dir/Src/stm32f1xx_hal_msp.c.obj
 .debug_frame   0x00001b40      0x17c CMakeFiles/CS301ProjectClock.elf.dir/Src/stm32f1xx_it.c.obj
 .debug_frame   0x00001cbc      0x2d0 CMakeFiles/CS301ProjectClock.elf.dir/Src/syscalls.c.obj
 .debug_frame   0x00001f8c       0x58 CMakeFiles/CS301ProjectClock.elf.dir/Src/system_stm32f1xx.c.obj
 .debug_frame   0x00001fe4       0x74 CMakeFiles/CS301ProjectClock.elf.dir/Src/usart.c.obj
 .debug_frame   0x00002058       0xac c:/progra~2/gnutoo~1/82019-~1/bin/../lib/gcc/arm-none-eabi/8.3.1/thumb/v7-m/nofp\libgcc.a(_arm_addsubdf3.o)
 .debug_frame   0x00002104       0x50 c:/progra~2/gnutoo~1/82019-~1/bin/../lib/gcc/arm-none-eabi/8.3.1/thumb/v7-m/nofp\libgcc.a(_arm_muldivdf3.o)
 .debug_frame   0x00002154       0x24 c:/progra~2/gnutoo~1/82019-~1/bin/../lib/gcc/arm-none-eabi/8.3.1/thumb/v7-m/nofp\libgcc.a(_arm_fixunsdfsi.o)
 .debug_frame   0x00002178       0x20 c:/progra~2/gnutoo~1/82019-~1/bin/../lib/gcc/arm-none-eabi/8.3.1/../../../../arm-none-eabi/lib/thumb/v7-m/nofp\libg_nano.a(lib_a-errno.o)
 .debug_frame   0x00002198       0x2c c:/progra~2/gnutoo~1/82019-~1/bin/../lib/gcc/arm-none-eabi/8.3.1/../../../../arm-none-eabi/lib/thumb/v7-m/nofp\libg_nano.a(lib_a-init.o)
 .debug_frame   0x000021c4       0x20 c:/progra~2/gnutoo~1/82019-~1/bin/../lib/gcc/arm-none-eabi/8.3.1/../../../../arm-none-eabi/lib/thumb/v7-m/nofp\libg_nano.a(lib_a-memset.o)
 .debug_frame   0x000021e4       0x6c c:/progra~2/gnutoo~1/82019-~1/bin/../lib/gcc/arm-none-eabi/8.3.1/../../../../arm-none-eabi/lib/thumb/v7-m/nofp\libg_nano.a(lib_a-sprintf.o)
 .debug_frame   0x00002250       0x90 c:/progra~2/gnutoo~1/82019-~1/bin/../lib/gcc/arm-none-eabi/8.3.1/../../../../arm-none-eabi/lib/thumb/v7-m/nofp\libg_nano.a(lib_a-nano-svfprintf.o)
 .debug_frame   0x000022e0       0x60 c:/progra~2/gnutoo~1/82019-~1/bin/../lib/gcc/arm-none-eabi/8.3.1/../../../../arm-none-eabi/lib/thumb/v7-m/nofp\libg_nano.a(lib_a-nano-vfprintf_i.o)
 .debug_frame   0x00002340       0x28 c:/progra~2/gnutoo~1/82019-~1/bin/../lib/gcc/arm-none-eabi/8.3.1/../../../../arm-none-eabi/lib/thumb/v7-m/nofp\libg_nano.a(lib_a-memchr-stub.o)
 .debug_frame   0x00002368       0x28 c:/progra~2/gnutoo~1/82019-~1/bin/../lib/gcc/arm-none-eabi/8.3.1/../../../../arm-none-eabi/lib/thumb/v7-m/nofp\libg_nano.a(lib_a-memcpy-stub.o)
 .debug_frame   0x00002390       0x28 c:/progra~2/gnutoo~1/82019-~1/bin/../lib/gcc/arm-none-eabi/8.3.1/../../../../arm-none-eabi/lib/thumb/v7-m/nofp\libg_nano.a(lib_a-memmove.o)
 .debug_frame   0x000023b8       0x38 c:/progra~2/gnutoo~1/82019-~1/bin/../lib/gcc/arm-none-eabi/8.3.1/../../../../arm-none-eabi/lib/thumb/v7-m/nofp\libg_nano.a(lib_a-nano-freer.o)
 .debug_frame   0x000023f0       0x30 c:/progra~2/gnutoo~1/82019-~1/bin/../lib/gcc/arm-none-eabi/8.3.1/../../../../arm-none-eabi/lib/thumb/v7-m/nofp\libg_nano.a(lib_a-nano-mallocr.o)
 .debug_frame   0x00002420       0x3c c:/progra~2/gnutoo~1/82019-~1/bin/../lib/gcc/arm-none-eabi/8.3.1/../../../../arm-none-eabi/lib/thumb/v7-m/nofp\libg_nano.a(lib_a-nano-reallocr.o)
 .debug_frame   0x0000245c       0x2c c:/progra~2/gnutoo~1/82019-~1/bin/../lib/gcc/arm-none-eabi/8.3.1/../../../../arm-none-eabi/lib/thumb/v7-m/nofp\libg_nano.a(lib_a-sbrkr.o)
 .debug_frame   0x00002488       0x30 c:/progra~2/gnutoo~1/82019-~1/bin/../lib/gcc/arm-none-eabi/8.3.1/../../../../arm-none-eabi/lib/thumb/v7-m/nofp\libg_nano.a(lib_a-mlock.o)
 .debug_frame   0x000024b8       0x20 c:/progra~2/gnutoo~1/82019-~1/bin/../lib/gcc/arm-none-eabi/8.3.1/../../../../arm-none-eabi/lib/thumb/v7-m/nofp\libg_nano.a(lib_a-nano-msizer.o)
 .debug_frame   0x000024d8       0x5c c:/progra~2/gnutoo~1/82019-~1/bin/../lib/gcc/arm-none-eabi/8.3.1/../../../../arm-none-eabi/lib/thumb/v7-m/nofp\libg_nano.a(lib_a-reent.o)
 .debug_frame   0x00002534       0xb0 c:/progra~2/gnutoo~1/82019-~1/bin/../lib/gcc/arm-none-eabi/8.3.1/../../../../arm-none-eabi/lib/thumb/v7-m/nofp\libg_nano.a(lib_a-lock.o)
