Archive member included to satisfy reference by file (symbol)

/usr/local/Cellar/arm-none-eabi-gcc/9-2019-q4-major/gcc/bin/../lib/gcc/arm-none-eabi/9.2.1/thumb/v7-m/nofp/libgcc.a(_arm_muldf3.o)
                              CMakeFiles/CS301ProjectClock.elf.dir/Src/lcd.c.obj (__aeabi_dmul)
/usr/local/Cellar/arm-none-eabi-gcc/9-2019-q4-major/gcc/bin/../lib/gcc/arm-none-eabi/9.2.1/thumb/v7-m/nofp/libgcc.a(_arm_addsubdf3.o)
                              CMakeFiles/CS301ProjectClock.elf.dir/Src/main.c.obj (__aeabi_dadd)
/usr/local/Cellar/arm-none-eabi-gcc/9-2019-q4-major/gcc/bin/../lib/gcc/arm-none-eabi/9.2.1/thumb/v7-m/nofp/libgcc.a(_arm_muldivdf3.o)
                              CMakeFiles/CS301ProjectClock.elf.dir/Src/main.c.obj (__aeabi_ddiv)
/usr/local/Cellar/arm-none-eabi-gcc/9-2019-q4-major/gcc/bin/../lib/gcc/arm-none-eabi/9.2.1/thumb/v7-m/nofp/libgcc.a(_arm_fixdfsi.o)
                              CMakeFiles/CS301ProjectClock.elf.dir/Src/main.c.obj (__aeabi_d2iz)
/usr/local/Cellar/arm-none-eabi-gcc/9-2019-q4-major/gcc/bin/../lib/gcc/arm-none-eabi/9.2.1/thumb/v7-m/nofp/libgcc.a(_arm_fixunsdfsi.o)
                              CMakeFiles/CS301ProjectClock.elf.dir/Src/lcd.c.obj (__aeabi_d2uiz)
/usr/local/Cellar/arm-none-eabi-gcc/9-2019-q4-major/gcc/bin/../lib/gcc/arm-none-eabi/9.2.1/../../../../arm-none-eabi/lib/thumb/v7-m/nofp/libg_nano.a(lib_a-errno.o)
                              CMakeFiles/CS301ProjectClock.elf.dir/Src/syscalls.c.obj (__errno)
/usr/local/Cellar/arm-none-eabi-gcc/9-2019-q4-major/gcc/bin/../lib/gcc/arm-none-eabi/9.2.1/../../../../arm-none-eabi/lib/thumb/v7-m/nofp/libg_nano.a(lib_a-exit.o)
                              /usr/local/Cellar/arm-none-eabi-gcc/9-2019-q4-major/gcc/bin/../lib/gcc/arm-none-eabi/9.2.1/../../../../arm-none-eabi/lib/thumb/v7-m/nofp/crt0.o (exit)
/usr/local/Cellar/arm-none-eabi-gcc/9-2019-q4-major/gcc/bin/../lib/gcc/arm-none-eabi/9.2.1/../../../../arm-none-eabi/lib/thumb/v7-m/nofp/libg_nano.a(lib_a-impure.o)
                              /usr/local/Cellar/arm-none-eabi-gcc/9-2019-q4-major/gcc/bin/../lib/gcc/arm-none-eabi/9.2.1/../../../../arm-none-eabi/lib/thumb/v7-m/nofp/libg_nano.a(lib_a-exit.o) (_global_impure_ptr)
/usr/local/Cellar/arm-none-eabi-gcc/9-2019-q4-major/gcc/bin/../lib/gcc/arm-none-eabi/9.2.1/../../../../arm-none-eabi/lib/thumb/v7-m/nofp/libg_nano.a(lib_a-init.o)
                              /usr/local/Cellar/arm-none-eabi-gcc/9-2019-q4-major/gcc/bin/../lib/gcc/arm-none-eabi/9.2.1/../../../../arm-none-eabi/lib/thumb/v7-m/nofp/crt0.o (__libc_init_array)
/usr/local/Cellar/arm-none-eabi-gcc/9-2019-q4-major/gcc/bin/../lib/gcc/arm-none-eabi/9.2.1/../../../../arm-none-eabi/lib/thumb/v7-m/nofp/libg_nano.a(lib_a-memset.o)
                              /usr/local/Cellar/arm-none-eabi-gcc/9-2019-q4-major/gcc/bin/../lib/gcc/arm-none-eabi/9.2.1/../../../../arm-none-eabi/lib/thumb/v7-m/nofp/crt0.o (memset)
/usr/local/Cellar/arm-none-eabi-gcc/9-2019-q4-major/gcc/bin/../lib/gcc/arm-none-eabi/9.2.1/../../../../arm-none-eabi/lib/thumb/v7-m/nofp/libg_nano.a(lib_a-sprintf.o)
                              CMakeFiles/CS301ProjectClock.elf.dir/Src/main.c.obj (sprintf)
/usr/local/Cellar/arm-none-eabi-gcc/9-2019-q4-major/gcc/bin/../lib/gcc/arm-none-eabi/9.2.1/../../../../arm-none-eabi/lib/thumb/v7-m/nofp/libg_nano.a(lib_a-strlen.o)
                              CMakeFiles/CS301ProjectClock.elf.dir/Src/main.c.obj (strlen)
/usr/local/Cellar/arm-none-eabi-gcc/9-2019-q4-major/gcc/bin/../lib/gcc/arm-none-eabi/9.2.1/../../../../arm-none-eabi/lib/thumb/v7-m/nofp/libg_nano.a(lib_a-nano-svfprintf.o)
                              /usr/local/Cellar/arm-none-eabi-gcc/9-2019-q4-major/gcc/bin/../lib/gcc/arm-none-eabi/9.2.1/../../../../arm-none-eabi/lib/thumb/v7-m/nofp/libg_nano.a(lib_a-sprintf.o) (_svfprintf_r)
/usr/local/Cellar/arm-none-eabi-gcc/9-2019-q4-major/gcc/bin/../lib/gcc/arm-none-eabi/9.2.1/../../../../arm-none-eabi/lib/thumb/v7-m/nofp/libg_nano.a(lib_a-nano-vfprintf_i.o)
                              /usr/local/Cellar/arm-none-eabi-gcc/9-2019-q4-major/gcc/bin/../lib/gcc/arm-none-eabi/9.2.1/../../../../arm-none-eabi/lib/thumb/v7-m/nofp/libg_nano.a(lib_a-nano-svfprintf.o) (_printf_i)
/usr/local/Cellar/arm-none-eabi-gcc/9-2019-q4-major/gcc/bin/../lib/gcc/arm-none-eabi/9.2.1/../../../../arm-none-eabi/lib/thumb/v7-m/nofp/libg_nano.a(lib_a-memchr-stub.o)
                              /usr/local/Cellar/arm-none-eabi-gcc/9-2019-q4-major/gcc/bin/../lib/gcc/arm-none-eabi/9.2.1/../../../../arm-none-eabi/lib/thumb/v7-m/nofp/libg_nano.a(lib_a-nano-svfprintf.o) (memchr)
/usr/local/Cellar/arm-none-eabi-gcc/9-2019-q4-major/gcc/bin/../lib/gcc/arm-none-eabi/9.2.1/../../../../arm-none-eabi/lib/thumb/v7-m/nofp/libg_nano.a(lib_a-memcpy-stub.o)
                              /usr/local/Cellar/arm-none-eabi-gcc/9-2019-q4-major/gcc/bin/../lib/gcc/arm-none-eabi/9.2.1/../../../../arm-none-eabi/lib/thumb/v7-m/nofp/libg_nano.a(lib_a-nano-svfprintf.o) (memcpy)
[...]
Memory Configuration

Name             Origin             Length             Attributes
RAM              0x0000000020000000 0x000000000000c000 xrw
FLASH            0x0000000008000000 0x0000000000040000 xr
*default*        0x0000000000000000 0xffffffffffffffff

Linker script and memory map

LOAD /usr/local/Cellar/arm-none-eabi-gcc/9-2019-q4-major/gcc/bin/../lib/gcc/arm-none-eabi/9.2.1/thumb/v7-m/nofp/crti.o
LOAD /usr/local/Cellar/arm-none-eabi-gcc/9-2019-q4-major/gcc/bin/../lib/gcc/arm-none-eabi/9.2.1/thumb/v7-m/nofp/crtbegin.o
LOAD /usr/local/Cellar/arm-none-eabi-gcc/9-2019-q4-major/gcc/bin/../lib/gcc/arm-none-eabi/9.2.1/../../../../arm-none-eabi/lib/thumb/v7-m/nofp/crt0.o
LOAD CMakeFiles/CS301ProjectClock.elf.dir/Drivers/STM32F1xx_HAL_Driver/Src/stm32f1xx_hal.c.obj
LOAD CMakeFiles/CS301ProjectClock.elf.dir/Drivers/STM32F1xx_HAL_Driver/Src/stm32f1xx_hal_cortex.c.obj
LOAD CMakeFiles/CS301ProjectClock.elf.dir/Drivers/STM32F1xx_HAL_Driver/Src/stm32f1xx_hal_dma.c.obj
LOAD CMakeFiles/CS301ProjectClock.elf.dir/Drivers/STM32F1xx_HAL_Driver/Src/stm32f1xx_hal_exti.c.obj
LOAD CMakeFiles/CS301ProjectClock.elf.dir/Drivers/STM32F1xx_HAL_Driver/Src/stm32f1xx_hal_flash.c.obj
LOAD CMakeFiles/CS301ProjectClock.elf.dir/Drivers/STM32F1xx_HAL_Driver/Src/stm32f1xx_hal_flash_ex.c.obj
LOAD CMakeFiles/CS301ProjectClock.elf.dir/Drivers/STM32F1xx_HAL_Driver/Src/stm32f1xx_hal_gpio.c.obj
LOAD CMakeFiles/CS301ProjectClock.elf.dir/Drivers/STM32F1xx_HAL_Driver/Src/stm32f1xx_hal_gpio_ex.c.obj
LOAD CMakeFiles/CS301ProjectClock.elf.dir/Drivers/STM32F1xx_HAL_Driver/Src/stm32f1xx_hal_pwr.c.obj
LOAD CMakeFiles/CS301ProjectClock.elf.dir/Drivers/STM32F1xx_HAL_Driver/Src/stm32f1xx_hal_rcc.c.obj
LOAD CMakeFiles/CS301ProjectClock.elf.dir/Drivers/STM32F1xx_HAL_Driver/Src/stm32f1xx_hal_rcc_ex.c.obj
LOAD CMakeFiles/CS301ProjectClock.elf.dir/Drivers/STM32F1xx_HAL_Driver/Src/stm32f1xx_hal_tim.c.obj
LOAD CMakeFiles/CS301ProjectClock.elf.dir/Drivers/STM32F1xx_HAL_Driver/Src/stm32f1xx_hal_tim_ex.c.obj
LOAD CMakeFiles/CS301ProjectClock.elf.dir/Drivers/STM32F1xx_HAL_Driver/Src/stm32f1xx_hal_uart.c.obj
LOAD CMakeFiles/CS301ProjectClock.elf.dir/Src/gpio.c.obj
LOAD CMakeFiles/CS301ProjectClock.elf.dir/Src/lcd.c.obj
LOAD CMakeFiles/CS301ProjectClock.elf.dir/Src/main.c.obj
LOAD CMakeFiles/CS301ProjectClock.elf.dir/Src/stm32f1xx_hal_msp.c.obj
LOAD CMakeFiles/CS301ProjectClock.elf.dir/Src/stm32f1xx_it.c.obj
LOAD CMakeFiles/CS301ProjectClock.elf.dir/Src/sys.c.obj
LOAD CMakeFiles/CS301ProjectClock.elf.dir/Src/syscalls.c.obj
LOAD CMakeFiles/CS301ProjectClock.elf.dir/Src/system_stm32f1xx.c.obj
LOAD CMakeFiles/CS301ProjectClock.elf.dir/Src/tim.c.obj
LOAD CMakeFiles/CS301ProjectClock.elf.dir/Src/usart.c.obj
LOAD CMakeFiles/CS301ProjectClock.elf.dir/startup/startup_stm32f103xe.s.obj
START GROUP
LOAD /usr/local/Cellar/arm-none-eabi-gcc/9-2019-q4-major/gcc/bin/../lib/gcc/arm-none-eabi/9.2.1/thumb/v7-m/nofp/libgcc.a
LOAD /usr/local/Cellar/arm-none-eabi-gcc/9-2019-q4-major/gcc/bin/../lib/gcc/arm-none-eabi/9.2.1/../../../../arm-none-eabi/lib/thumb/v7-m/nofp/libg_nano.a
LOAD /usr/local/Cellar/arm-none-eabi-gcc/9-2019-q4-major/gcc/bin/../lib/gcc/arm-none-eabi/9.2.1/../../../../arm-none-eabi/lib/thumb/v7-m/nofp/libc_nano.a
END GROUP
START GROUP
LOAD /usr/local/Cellar/arm-none-eabi-gcc/9-2019-q4-major/gcc/bin/../lib/gcc/arm-none-eabi/9.2.1/thumb/v7-m/nofp/libgcc.a
LOAD /usr/local/Cellar/arm-none-eabi-gcc/9-2019-q4-major/gcc/bin/../lib/gcc/arm-none-eabi/9.2.1/../../../../arm-none-eabi/lib/thumb/v7-m/nofp/libc_nano.a
LOAD /usr/local/Cellar/arm-none-eabi-gcc/9-2019-q4-major/gcc/bin/../lib/gcc/arm-none-eabi/9.2.1/../../../../arm-none-eabi/lib/thumb/v7-m/nofp/libnosys.a
END GROUP
START GROUP
LOAD /usr/local/Cellar/arm-none-eabi-gcc/9-2019-q4-major/gcc/bin/../lib/gcc/arm-none-eabi/9.2.1/thumb/v7-m/nofp/libgcc.a
LOAD /usr/local/Cellar/arm-none-eabi-gcc/9-2019-q4-major/gcc/bin/../lib/gcc/arm-none-eabi/9.2.1/../../../../arm-none-eabi/lib/thumb/v7-m/nofp/libc_nano.a
LOAD /usr/local/Cellar/arm-none-eabi-gcc/9-2019-q4-major/gcc/bin/../lib/gcc/arm-none-eabi/9.2.1/../../../../arm-none-eabi/lib/thumb/v7-m/nofp/libnosys.a
END GROUP
LOAD /usr/local/Cellar/arm-none-eabi-gcc/9-2019-q4-major/gcc/bin/../lib/gcc/arm-none-eabi/9.2.1/thumb/v7-m/nofp/crtend.o
LOAD /usr/local/Cellar/arm-none-eabi-gcc/9-2019-q4-major/gcc/bin/../lib/gcc/arm-none-eabi/9.2.1/thumb/v7-m/nofp/crtn.o
                0x000000002000c000                _estack = 0x2000c000
                0x0000000000000200                _Min_Heap_Size = 0x200
                0x0000000000000400                _Min_Stack_Size = 0x400

.isr_vector     0x0000000008000000      0x1e4
                0x0000000008000000                . = ALIGN (0x4)
 *(.isr_vector)
 .isr_vector    0x0000000008000000      0x1e4 CMakeFiles/CS301ProjectClock.elf.dir/startup/startup_stm32f103xe.s.obj
                0x0000000008000000                g_pfnVectors
                0x00000000080001e4                . = ALIGN (0x4)

.text           0x00000000080001e8     0xaf1c
                0x00000000080001e8                . = ALIGN (0x4)
 *(.text)
 .text          0x00000000080001e8       0x40 /usr/local/Cellar/arm-none-eabi-gcc/9-2019-q4-major/gcc/bin/../lib/gcc/arm-none-eabi/9.2.1/thumb/v7-m/nofp/crtbegin.o
 .text          0x0000000008000228      0x378 /usr/local/Cellar/arm-none-eabi-gcc/9-2019-q4-major/gcc/bin/../lib/gcc/arm-none-eabi/9.2.1/thumb/v7-m/nofp/libgcc.a(_arm_addsubdf3.o)
                0x0000000008000228                __aeabi_drsub
                0x0000000008000230                __subdf3
                0x0000000008000230                __aeabi_dsub
                0x0000000008000234                __aeabi_dadd
                0x0000000008000234                __adddf3
                0x00000000080004ac                __aeabi_ui2d
                0x00000000080004ac                __floatunsidf
                0x00000000080004cc                __floatsidf
                0x00000000080004cc                __aeabi_i2d
                0x00000000080004f0                __extendsfdf2
                0x00000000080004f0                __aeabi_f2d
                0x0000000008000534                __aeabi_ul2d
                0x0000000008000534                __floatundidf
                0x0000000008000544                __aeabi_l2d
                0x0000000008000544                __floatdidf
 .text          0x00000000080005a0      0x424 /usr/local/Cellar/arm-none-eabi-gcc/9-2019-q4-major/gcc/bin/../lib/gcc/arm-none-eabi/9.2.1/thumb/v7-m/nofp/libgcc.a(_arm_muldivdf3.o)
                0x00000000080005a0                __aeabi_dmul
                0x00000000080005a0                __muldf3
                0x00000000080007f4                __aeabi_ddiv
                0x00000000080007f4                __divdf3
 .text          0x00000000080009c4       0x50 /usr/local/Cellar/arm-none-eabi-gcc/9-2019-q4-major/gcc/bin/../lib/gcc/arm-none-eabi/9.2.1/thumb/v7-m/nofp/libgcc.a(_arm_fixdfsi.o)
                0x00000000080009c4                __fixdfsi
                0x00000000080009c4                __aeabi_d2iz
 .text          0x0000000008000a14       0x40 /usr/local/Cellar/arm-none-eabi-gcc/9-2019-q4-major/gcc/bin/../lib/gcc/arm-none-eabi/9.2.1/thumb/v7-m/nofp/libgcc.a(_arm_fixunsdfsi.o)
                0x0000000008000a14                __fixunsdfsi
                0x0000000008000a14                __aeabi_d2uiz
 .text          0x0000000008000a54       0x10 /usr/local/Cellar/arm-none-eabi-gcc/9-2019-q4-major/gcc/bin/../lib/gcc/arm-none-eabi/9.2.1/../../../../arm-none-eabi/lib/thumb/v7-m/nofp/libg_nano.a(lib_a-strlen.o)
                0x0000000008000a54                strlen
 .text          0x0000000008000a64      0x110 /usr/local/Cellar/arm-none-eabi-gcc/9-2019-q4-major/gcc/bin/../lib/gcc/arm-none-eabi/9.2.1/thumb/v7-m/nofp/libgcc.a(_arm_cmpdf2.o)
                0x0000000008000a64                __gedf2
                0x0000000008000a64                __gtdf2
                0x0000000008000a6c                __ledf2
                0x0000000008000a6c                __ltdf2
                0x0000000008000a74                __cmpdf2
                0x0000000008000a74                __eqdf2
                0x0000000008000a74                __nedf2
                0x0000000008000af0                __aeabi_cdrcmple
                0x0000000008000b00                __aeabi_cdcmple
                0x0000000008000b00                __aeabi_cdcmpeq
                0x0000000008000b10                __aeabi_dcmpeq
                0x0000000008000b24                __aeabi_dcmplt
                0x0000000008000b38                __aeabi_dcmple
                0x0000000008000b4c                __aeabi_dcmpge
                0x0000000008000b60                __aeabi_dcmpgt
 *(.text*)
 .text.HAL_Init
                0x0000000008000b74       0x2c CMakeFiles/CS301ProjectClock.elf.dir/Drivers/STM32F1xx_HAL_Driver/Src/stm32f1xx_hal.c.obj
                0x0000000008000b74                HAL_Init
 .text.HAL_InitTick
                0x0000000008000ba0       0x60 CMakeFiles/CS301ProjectClock.elf.dir/Drivers/STM32F1xx_HAL_Driver/Src/stm32f1xx_hal.c.obj
                0x0000000008000ba0                HAL_InitTick
 .text.HAL_IncTick
                0x0000000008000c00       0x24 CMakeFiles/CS301ProjectClock.elf.dir/Drivers/STM32F1xx_HAL_Driver/Src/stm32f1xx_hal.c.obj
                0x0000000008000c00                HAL_IncTick
 .text.HAL_GetTick
                0x0000000008000c24       0x14 CMakeFiles/CS301ProjectClock.elf.dir/Drivers/STM32F1xx_HAL_Driver/Src/stm32f1xx_hal.c.obj
                0x0000000008000c24                HAL_GetTick
 .text.HAL_Delay
                0x0000000008000c38       0x48 CMakeFiles/CS301ProjectClock.elf.dir/Drivers/STM32F1xx_HAL_Driver/Src/stm32f1xx_hal.c.obj
                0x0000000008000c38                HAL_Delay
 .text.__NVIC_SetPriorityGrouping
                0x0000000008000c80       0x48 CMakeFiles/CS301ProjectClock.elf.dir/Drivers/STM32F1xx_HAL_Driver/Src/stm32f1xx_hal_cortex.c.obj
 .text.__NVIC_GetPriorityGrouping
                0x0000000008000cc8       0x1c CMakeFiles/CS301ProjectClock.elf.dir/Drivers/STM32F1xx_HAL_Driver/Src/stm32f1xx_hal_cortex.c.obj
 .text.__NVIC_EnableIRQ
                0x0000000008000ce4       0x38 CMakeFiles/CS301ProjectClock.elf.dir/Drivers/STM32F1xx_HAL_Driver/Src/stm32f1xx_hal_cortex.c.obj
 .text.__NVIC_SetPriority
                0x0000000008000d1c       0x54 CMakeFiles/CS301ProjectClock.elf.dir/Drivers/STM32F1xx_HAL_Driver/Src/stm32f1xx_hal_cortex.c.obj
 .text.NVIC_EncodePriority
                0x0000000008000d70       0x64 CMakeFiles/CS301ProjectClock.elf.dir/Drivers/STM32F1xx_HAL_Driver/Src/stm32f1xx_hal_cortex.c.obj
 .text.SysTick_Config
                0x0000000008000dd4       0x44 CMakeFiles/CS301ProjectClock.elf.dir/Drivers/STM32F1xx_HAL_Driver/Src/stm32f1xx_hal_cortex.c.obj
 .text.HAL_NVIC_SetPriorityGrouping
                0x0000000008000e18       0x16 CMakeFiles/CS301ProjectClock.elf.dir/Drivers/STM32F1xx_HAL_Driver/Src/stm32f1xx_hal_cortex.c.obj
                0x0000000008000e18                HAL_NVIC_SetPriorityGrouping
 .text.HAL_NVIC_SetPriority
                0x0000000008000e2e       0x38 CMakeFiles/CS301ProjectClock.elf.dir/Drivers/STM32F1xx_HAL_Driver/Src/stm32f1xx_hal_cortex.c.obj
                0x0000000008000e2e                HAL_NVIC_SetPriority
 .text.HAL_NVIC_EnableIRQ
                0x0000000008000e66       0x1c CMakeFiles/CS301ProjectClock.elf.dir/Drivers/STM32F1xx_HAL_Driver/Src/stm32f1xx_hal_cortex.c.obj
                0x0000000008000e66                HAL_NVIC_EnableIRQ
 .text.HAL_SYSTICK_Config
                0x0000000008000e82       0x18 CMakeFiles/CS301ProjectClock.elf.dir/Drivers/STM32F1xx_HAL_Driver/Src/stm32f1xx_hal_cortex.c.obj
                0x0000000008000e82                HAL_SYSTICK_Config
 *fill*         0x0000000008000e9a        0x2 
 .text.HAL_DMA_Abort_IT
                0x0000000008000e9c      0x210 CMakeFiles/CS301ProjectClock.elf.dir/Drivers/STM32F1xx_HAL_Driver/Src/stm32f1xx_hal_dma.c.obj
                0x0000000008000e9c                HAL_DMA_Abort_IT
 .text.HAL_GPIO_Init
                0x00000000080010ac      0x328 CMakeFiles/CS301ProjectClock.elf.dir/Drivers/STM32F1xx_HAL_Driver/Src/stm32f1xx_hal_gpio.c.obj
                0x00000000080010ac                HAL_GPIO_Init
 .text.HAL_GPIO_ReadPin
                0x00000000080013d4       0x2e CMakeFiles/CS301ProjectClock.elf.dir/Drivers/STM32F1xx_HAL_Driver/Src/stm32f1xx_hal_gpio.c.obj
                0x00000000080013d4                HAL_GPIO_ReadPin
 .text.HAL_GPIO_WritePin
                0x0000000008001402       0x30 CMakeFiles/CS301ProjectClock.elf.dir/Drivers/STM32F1xx_HAL_Driver/Src/stm32f1xx_hal_gpio.c.obj
                0x0000000008001402                HAL_GPIO_WritePin
 .text.HAL_GPIO_TogglePin
                0x0000000008001432       0x30 CMakeFiles/CS301ProjectClock.elf.dir/Drivers/STM32F1xx_HAL_Driver/Src/stm32f1xx_hal_gpio.c.obj
                0x0000000008001432                HAL_GPIO_TogglePin
 *fill*         0x0000000008001462        0x2 
 .text.HAL_GPIO_EXTI_IRQHandler
                0x0000000008001464       0x30 CMakeFiles/CS301ProjectClock.elf.dir/Drivers/STM32F1xx_HAL_Driver/Src/stm32f1xx_hal_gpio.c.obj
                0x0000000008001464                HAL_GPIO_EXTI_IRQHandler
 .text.HAL_RCC_OscConfig
                0x0000000008001494      0x500 CMakeFiles/CS301ProjectClock.elf.dir/Drivers/STM32F1xx_HAL_Driver/Src/stm32f1xx_hal_rcc.c.obj
                0x0000000008001494                HAL_RCC_OscConfig
 .text.HAL_RCC_ClockConfig
                0x0000000008001994      0x1d4 CMakeFiles/CS301ProjectClock.elf.dir/Drivers/STM32F1xx_HAL_Driver/Src/stm32f1xx_hal_rcc.c.obj
                0x0000000008001994                HAL_RCC_ClockConfig
 .text.HAL_RCC_GetSysClockFreq
                0x0000000008001b68       0xc0 CMakeFiles/CS301ProjectClock.elf.dir/Drivers/STM32F1xx_HAL_Driver/Src/stm32f1xx_hal_rcc.c.obj
                0x0000000008001b68                HAL_RCC_GetSysClockFreq
 .text.HAL_RCC_GetHCLKFreq
                0x0000000008001c28       0x14 CMakeFiles/CS301ProjectClock.elf.dir/Drivers/STM32F1xx_HAL_Driver/Src/stm32f1xx_hal_rcc.c.obj
                0x0000000008001c28                HAL_RCC_GetHCLKFreq
 .text.HAL_RCC_GetPCLK1Freq
                0x0000000008001c3c       0x28 CMakeFiles/CS301ProjectClock.elf.dir/Drivers/STM32F1xx_HAL_Driver/Src/stm32f1xx_hal_rcc.c.obj
                0x0000000008001c3c                HAL_RCC_GetPCLK1Freq
 .text.HAL_RCC_GetPCLK2Freq
                0x0000000008001c64       0x28 CMakeFiles/CS301ProjectClock.elf.dir/Drivers/STM32F1xx_HAL_Driver/Src/stm32f1xx_hal_rcc.c.obj
                0x0000000008001c64                HAL_RCC_GetPCLK2Freq
 .text.RCC_Delay
                0x0000000008001c8c       0x3c CMakeFiles/CS301ProjectClock.elf.dir/Drivers/STM32F1xx_HAL_Driver/Src/stm32f1xx_hal_rcc.c.obj
 .text.HAL_TIM_Base_Init
                0x0000000008001cc8       0x56 CMakeFiles/CS301ProjectClock.elf.dir/Drivers/STM32F1xx_HAL_Driver/Src/stm32f1xx_hal_tim.c.obj
                0x0000000008001cc8                HAL_TIM_Base_Init
 .text.HAL_TIM_Base_Start_IT
                0x0000000008001d1e       0x46 CMakeFiles/CS301ProjectClock.elf.dir/Drivers/STM32F1xx_HAL_Driver/Src/stm32f1xx_hal_tim.c.obj
                0x0000000008001d1e                HAL_TIM_Base_Start_IT
 .text.HAL_TIM_IRQHandler
                0x0000000008001d64      0x210 CMakeFiles/CS301ProjectClock.elf.dir/Drivers/STM32F1xx_HAL_Driver/Src/stm32f1xx_hal_tim.c.obj
                0x0000000008001d64                HAL_TIM_IRQHandler
 .text.HAL_TIM_ConfigClockSource
                0x0000000008001f74      0x188 CMakeFiles/CS301ProjectClock.elf.dir/Drivers/STM32F1xx_HAL_Driver/Src/stm32f1xx_hal_tim.c.obj
                0x0000000008001f74                HAL_TIM_ConfigClockSource
 .text.HAL_TIM_OC_DelayElapsedCallback
                0x00000000080020fc       0x12 CMakeFiles/CS301ProjectClock.elf.dir/Drivers/STM32F1xx_HAL_Driver/Src/stm32f1xx_hal_tim.c.obj
                0x00000000080020fc                HAL_TIM_OC_DelayElapsedCallback
 .text.HAL_TIM_IC_CaptureCallback
                0x000000000800210e       0x12 CMakeFiles/CS301ProjectClock.elf.dir/Drivers/STM32F1xx_HAL_Driver/Src/stm32f1xx_hal_tim.c.obj
                0x000000000800210e                HAL_TIM_IC_CaptureCallback
 .text.HAL_TIM_PWM_PulseFinishedCallback
                0x0000000008002120       0x12 CMakeFiles/CS301ProjectClock.elf.dir/Drivers/STM32F1xx_HAL_Driver/Src/stm32f1xx_hal_tim.c.obj
                0x0000000008002120                HAL_TIM_PWM_PulseFinishedCallback
 .text.HAL_TIM_TriggerCallback
                0x0000000008002132       0x12 CMakeFiles/CS301ProjectClock.elf.dir/Drivers/STM32F1xx_HAL_Driver/Src/stm32f1xx_hal_tim.c.obj
                0x0000000008002132                HAL_TIM_TriggerCallback
 .text.TIM_Base_SetConfig
                0x0000000008002144       0xf4 CMakeFiles/CS301ProjectClock.elf.dir/Drivers/STM32F1xx_HAL_Driver/Src/stm32f1xx_hal_tim.c.obj
                0x0000000008002144                TIM_Base_SetConfig
 .text.TIM_TI1_ConfigInputStage
                0x0000000008002238       0x5c CMakeFiles/CS301ProjectClock.elf.dir/Drivers/STM32F1xx_HAL_Driver/Src/stm32f1xx_hal_tim.c.obj
 .text.TIM_TI2_ConfigInputStage
                0x0000000008002294       0x5e CMakeFiles/CS301ProjectClock.elf.dir/Drivers/STM32F1xx_HAL_Driver/Src/stm32f1xx_hal_tim.c.obj
 .text.TIM_ITRx_SetConfig
                0x00000000080022f2       0x34 CMakeFiles/CS301ProjectClock.elf.dir/Drivers/STM32F1xx_HAL_Driver/Src/stm32f1xx_hal_tim.c.obj
 .text.TIM_ETR_SetConfig
                0x0000000008002326       0x3e CMakeFiles/CS301ProjectClock.elf.dir/Drivers/STM32F1xx_HAL_Driver/Src/stm32f1xx_hal_tim.c.obj
                0x0000000008002326                TIM_ETR_SetConfig
 .text.HAL_TIMEx_MasterConfigSynchronization
                0x0000000008002364       0x88 CMakeFiles/CS301ProjectClock.elf.dir/Drivers/STM32F1xx_HAL_Driver/Src/stm32f1xx_hal_tim_ex.c.obj
                0x0000000008002364                HAL_TIMEx_MasterConfigSynchronization
 .text.HAL_TIMEx_CommutCallback
                0x00000000080023ec       0x12 CMakeFiles/CS301ProjectClock.elf.dir/Drivers/STM32F1xx_HAL_Driver/Src/stm32f1xx_hal_tim_ex.c.obj
                0x00000000080023ec                HAL_TIMEx_CommutCallback
 .text.HAL_TIMEx_BreakCallback
                0x00000000080023fe       0x12 CMakeFiles/CS301ProjectClock.elf.dir/Drivers/STM32F1xx_HAL_Driver/Src/stm32f1xx_hal_tim_ex.c.obj
                0x00000000080023fe                HAL_TIMEx_BreakCallback
 .text.HAL_UART_Init
                0x0000000008002410       0x9a CMakeFiles/CS301ProjectClock.elf.dir/Drivers/STM32F1xx_HAL_Driver/Src/stm32f1xx_hal_uart.c.obj
                0x0000000008002410                HAL_UART_Init
 .text.HAL_UART_Transmit
                0x00000000080024aa      0x132 CMakeFiles/CS301ProjectClock.elf.dir/Drivers/STM32F1xx_HAL_Driver/Src/stm32f1xx_hal_uart.c.obj
                0x00000000080024aa                HAL_UART_Transmit
 .text.HAL_UART_Receive_IT
                0x00000000080025dc       0xa8 CMakeFiles/CS301ProjectClock.elf.dir/Drivers/STM32F1xx_HAL_Driver/Src/stm32f1xx_hal_uart.c.obj
                0x00000000080025dc                HAL_UART_Receive_IT
 .text.HAL_UART_IRQHandler
                0x0000000008002684      0x1f4 CMakeFiles/CS301ProjectClock.elf.dir/Drivers/STM32F1xx_HAL_Driver/Src/stm32f1xx_hal_uart.c.obj
                0x0000000008002684                HAL_UART_IRQHandler
 .text.HAL_UART_TxCpltCallback
                0x0000000008002878       0x12 CMakeFiles/CS301ProjectClock.elf.dir/Drivers/STM32F1xx_HAL_Driver/Src/stm32f1xx_hal_uart.c.obj
                0x0000000008002878                HAL_UART_TxCpltCallback
 .text.HAL_UART_ErrorCallback
                0x000000000800288a       0x12 CMakeFiles/CS301ProjectClock.elf.dir/Drivers/STM32F1xx_HAL_Driver/Src/stm32f1xx_hal_uart.c.obj
                0x000000000800288a                HAL_UART_ErrorCallback
 .text.UART_WaitOnFlagUntilTimeout
                0x000000000800289c       0x94 CMakeFiles/CS301ProjectClock.elf.dir/Drivers/STM32F1xx_HAL_Driver/Src/stm32f1xx_hal_uart.c.obj
 .text.UART_EndRxTransfer
                0x0000000008002930       0x3a CMakeFiles/CS301ProjectClock.elf.dir/Drivers/STM32F1xx_HAL_Driver/Src/stm32f1xx_hal_uart.c.obj
 .text.UART_DMAAbortOnError
                0x000000000800296a       0x28 CMakeFiles/CS301ProjectClock.elf.dir/Drivers/STM32F1xx_HAL_Driver/Src/stm32f1xx_hal_uart.c.obj
 .text.UART_Transmit_IT
                0x0000000008002992       0xaa CMakeFiles/CS301ProjectClock.elf.dir/Drivers/STM32F1xx_HAL_Driver/Src/stm32f1xx_hal_uart.c.obj
 .text.UART_EndTransmit_IT
                0x0000000008002a3c       0x30 CMakeFiles/CS301ProjectClock.elf.dir/Drivers/STM32F1xx_HAL_Driver/Src/stm32f1xx_hal_uart.c.obj
 .text.UART_Receive_IT
                0x0000000008002a6c      0x102 CMakeFiles/CS301ProjectClock.elf.dir/Drivers/STM32F1xx_HAL_Driver/Src/stm32f1xx_hal_uart.c.obj
 *fill*         0x0000000008002b6e        0x2 
 .text.UART_SetConfig
                0x0000000008002b70      0x1b4 CMakeFiles/CS301ProjectClock.elf.dir/Drivers/STM32F1xx_HAL_Driver/Src/stm32f1xx_hal_uart.c.obj
 .text.MX_GPIO_Init
                0x0000000008002d24      0x148 CMakeFiles/CS301ProjectClock.elf.dir/Src/gpio.c.obj
                0x0000000008002d24                MX_GPIO_Init
 .text.LCD_WR_REG
                0x0000000008002e6c       0x48 CMakeFiles/CS301ProjectClock.elf.dir/Src/lcd.c.obj
                0x0000000008002e6c                LCD_WR_REG
 .text.LCD_WR_DATAX
                0x0000000008002eb4       0x48 CMakeFiles/CS301ProjectClock.elf.dir/Src/lcd.c.obj
                0x0000000008002eb4                LCD_WR_DATAX
 .text.LCD_RD_DATA
                0x0000000008002efc       0x88 CMakeFiles/CS301ProjectClock.elf.dir/Src/lcd.c.obj
                0x0000000008002efc                LCD_RD_DATA
 .text.LCD_WriteReg
                0x0000000008002f84       0x54 CMakeFiles/CS301ProjectClock.elf.dir/Src/lcd.c.obj
                0x0000000008002f84                LCD_WriteReg
 .text.LCD_ReadReg
                0x0000000008002fd8       0x20 CMakeFiles/CS301ProjectClock.elf.dir/Src/lcd.c.obj
                0x0000000008002fd8                LCD_ReadReg
 .text.LCD_WriteRAM_Prepare
                0x0000000008002ff8       0x18 CMakeFiles/CS301ProjectClock.elf.dir/Src/lcd.c.obj
                0x0000000008002ff8                LCD_WriteRAM_Prepare
 .text.LCD_SetCursor
                0x0000000008003010      0x598 CMakeFiles/CS301ProjectClock.elf.dir/Src/lcd.c.obj
                0x0000000008003010                LCD_SetCursor
 .text.LCD_Scan_Dir
                0x00000000080035a8      0x624 CMakeFiles/CS301ProjectClock.elf.dir/Src/lcd.c.obj
                0x00000000080035a8                LCD_Scan_Dir
 .text.LCD_DrawPoint
                0x0000000008003bcc       0x60 CMakeFiles/CS301ProjectClock.elf.dir/Src/lcd.c.obj
                0x0000000008003bcc                LCD_DrawPoint
 .text.LCD_Fast_DrawPoint
                0x0000000008003c2c      0x52c CMakeFiles/CS301ProjectClock.elf.dir/Src/lcd.c.obj
                0x0000000008003c2c                LCD_Fast_DrawPoint
 .text.LCD_SSD_BackLightSet
                0x0000000008004158      0x148 CMakeFiles/CS301ProjectClock.elf.dir/Src/lcd.c.obj
                0x0000000008004158                LCD_SSD_BackLightSet
 .text.LCD_Display_Dir
                0x00000000080042a0      0x218 CMakeFiles/CS301ProjectClock.elf.dir/Src/lcd.c.obj
                0x00000000080042a0                LCD_Display_Dir
 .text.LCD_Init
                0x00000000080044b8     0x3e5c CMakeFiles/CS301ProjectClock.elf.dir/Src/lcd.c.obj
                0x00000000080044b8                LCD_Init
 .text.LCD_Clear
                0x0000000008008314       0xc4 CMakeFiles/CS301ProjectClock.elf.dir/Src/lcd.c.obj
                0x0000000008008314                LCD_Clear
 .text.LCD_Fill
                0x00000000080083d8      0x11c CMakeFiles/CS301ProjectClock.elf.dir/Src/lcd.c.obj
                0x00000000080083d8                LCD_Fill
 .text.LCD_DrawLine
                0x00000000080084f4      0x108 CMakeFiles/CS301ProjectClock.elf.dir/Src/lcd.c.obj
                0x00000000080084f4                LCD_DrawLine
 .text.LCD_DrawRectangle
                0x00000000080085fc       0x56 CMakeFiles/CS301ProjectClock.elf.dir/Src/lcd.c.obj
                0x00000000080085fc                LCD_DrawRectangle
 .text.LCD_Draw_Circle
                0x0000000008008652      0x13a CMakeFiles/CS301ProjectClock.elf.dir/Src/lcd.c.obj
                0x0000000008008652                LCD_Draw_Circle
 .text.LCD_ShowChar
                0x000000000800878c      0x15c CMakeFiles/CS301ProjectClock.elf.dir/Src/lcd.c.obj
                0x000000000800878c                LCD_ShowChar
 .text.LCD_ShowString
                0x00000000080088e8       0x9a CMakeFiles/CS301ProjectClock.elf.dir/Src/lcd.c.obj
                0x00000000080088e8                LCD_ShowString
 *fill*         0x0000000008008982        0x2 
 .text.main     0x0000000008008984       0x58 CMakeFiles/CS301ProjectClock.elf.dir/Src/main.c.obj
                0x0000000008008984                main
 .text.SystemClock_Config
                0x00000000080089dc       0x8a CMakeFiles/CS301ProjectClock.elf.dir/Src/main.c.obj
                0x00000000080089dc                SystemClock_Config
 *fill*         0x0000000008008a66        0x2 
 .text.show_analogue
                0x0000000008008a68      0x264 CMakeFiles/CS301ProjectClock.elf.dir/Src/main.c.obj
                0x0000000008008a68                show_analogue
 .text.send_message_invoke
                0x0000000008008ccc       0x28 CMakeFiles/CS301ProjectClock.elf.dir/Src/main.c.obj
                0x0000000008008ccc                send_message_invoke
 .text.update_screen
                0x0000000008008cf4      0x1a8 CMakeFiles/CS301ProjectClock.elf.dir/Src/main.c.obj
                0x0000000008008cf4                update_screen
 .text.HAL_UART_RxCpltCallback
                0x0000000008008e9c       0x74 CMakeFiles/CS301ProjectClock.elf.dir/Src/main.c.obj
                0x0000000008008e9c                HAL_UART_RxCpltCallback
 .text.HAL_GPIO_EXTI_Callback
                0x0000000008008f10       0xf0 CMakeFiles/CS301ProjectClock.elf.dir/Src/main.c.obj
                0x0000000008008f10                HAL_GPIO_EXTI_Callback
 .text.HAL_TIM_PeriodElapsedCallback
                0x0000000008009000       0x58 CMakeFiles/CS301ProjectClock.elf.dir/Src/main.c.obj
                0x0000000008009000                HAL_TIM_PeriodElapsedCallback
 .text.Error_Handler
                0x0000000008009058        0xc CMakeFiles/CS301ProjectClock.elf.dir/Src/main.c.obj
                0x0000000008009058                Error_Handler
 .text.HAL_MspInit
                0x0000000008009064       0x64 CMakeFiles/CS301ProjectClock.elf.dir/Src/stm32f1xx_hal_msp.c.obj
                0x0000000008009064                HAL_MspInit
 .text.NMI_Handler
                0x00000000080090c8        0xc CMakeFiles/CS301ProjectClock.elf.dir/Src/stm32f1xx_it.c.obj
                0x00000000080090c8                NMI_Handler
 .text.HardFault_Handler
                0x00000000080090d4        0x6 CMakeFiles/CS301ProjectClock.elf.dir/Src/stm32f1xx_it.c.obj
                0x00000000080090d4                HardFault_Handler
 .text.MemManage_Handler
                0x00000000080090da        0x6 CMakeFiles/CS301ProjectClock.elf.dir/Src/stm32f1xx_it.c.obj
                0x00000000080090da                MemManage_Handler
 .text.BusFault_Handler
                0x00000000080090e0        0x6 CMakeFiles/CS301ProjectClock.elf.dir/Src/stm32f1xx_it.c.obj
                0x00000000080090e0                BusFault_Handler
 .text.UsageFault_Handler
                0x00000000080090e6        0x6 CMakeFiles/CS301ProjectClock.elf.dir/Src/stm32f1xx_it.c.obj
                0x00000000080090e6                UsageFault_Handler
 .text.SVC_Handler
                0x00000000080090ec        0xc CMakeFiles/CS301ProjectClock.elf.dir/Src/stm32f1xx_it.c.obj
                0x00000000080090ec                SVC_Handler
 .text.DebugMon_Handler
                0x00000000080090f8        0xc CMakeFiles/CS301ProjectClock.elf.dir/Src/stm32f1xx_it.c.obj
                0x00000000080090f8                DebugMon_Handler
 .text.PendSV_Handler
                0x0000000008009104        0xc CMakeFiles/CS301ProjectClock.elf.dir/Src/stm32f1xx_it.c.obj
                0x0000000008009104                PendSV_Handler
 .text.SysTick_Handler
                0x0000000008009110        0xc CMakeFiles/CS301ProjectClock.elf.dir/Src/stm32f1xx_it.c.obj
                0x0000000008009110                SysTick_Handler
 .text.EXTI0_IRQHandler
                0x000000000800911c        0xe CMakeFiles/CS301ProjectClock.elf.dir/Src/stm32f1xx_it.c.obj
                0x000000000800911c                EXTI0_IRQHandler
 .text.EXTI9_5_IRQHandler
                0x000000000800912a        0xe CMakeFiles/CS301ProjectClock.elf.dir/Src/stm32f1xx_it.c.obj
                0x000000000800912a                EXTI9_5_IRQHandler
 .text.TIM3_IRQHandler
                0x0000000008009138       0x14 CMakeFiles/CS301ProjectClock.elf.dir/Src/stm32f1xx_it.c.obj
                0x0000000008009138                TIM3_IRQHandler
 .text.USART1_IRQHandler
                0x000000000800914c       0x14 CMakeFiles/CS301ProjectClock.elf.dir/Src/stm32f1xx_it.c.obj
                0x000000000800914c                USART1_IRQHandler
 .text.EXTI15_10_IRQHandler
                0x0000000008009160       0x10 CMakeFiles/CS301ProjectClock.elf.dir/Src/stm32f1xx_it.c.obj
                0x0000000008009160                EXTI15_10_IRQHandler
 .text._sbrk    0x0000000008009170       0x58 CMakeFiles/CS301ProjectClock.elf.dir/Src/syscalls.c.obj
                0x0000000008009170                _sbrk
 .text.SystemInit
                0x00000000080091c8       0x68 CMakeFiles/CS301ProjectClock.elf.dir/Src/system_stm32f1xx.c.obj
                0x00000000080091c8                SystemInit
 .text.MX_TIM3_Init
                0x0000000008009230       0x9c CMakeFiles/CS301ProjectClock.elf.dir/Src/tim.c.obj
                0x0000000008009230                MX_TIM3_Init
 .text.HAL_TIM_Base_MspInit
                0x00000000080092cc       0x4c CMakeFiles/CS301ProjectClock.elf.dir/Src/tim.c.obj
                0x00000000080092cc                HAL_TIM_Base_MspInit
 .text.MX_USART1_UART_Init
                0x0000000008009318       0x54 CMakeFiles/CS301ProjectClock.elf.dir/Src/usart.c.obj
                0x0000000008009318                MX_USART1_UART_Init
 .text.HAL_UART_MspInit
                0x000000000800936c       0xa8 CMakeFiles/CS301ProjectClock.elf.dir/Src/usart.c.obj
                0x000000000800936c                HAL_UART_MspInit
 .text.Reset_Handler
                0x0000000008009414       0x48 CMakeFiles/CS301ProjectClock.elf.dir/startup/startup_stm32f103xe.s.obj
                0x0000000008009414                Reset_Handler
 .text.Default_Handler
                0x000000000800945c        0x2 CMakeFiles/CS301ProjectClock.elf.dir/startup/startup_stm32f103xe.s.obj
                0x000000000800945c                DMA2_Channel3_IRQHandler
                0x000000000800945c                EXTI2_IRQHandler
                0x000000000800945c                TIM8_TRG_COM_IRQHandler
                0x000000000800945c                TIM8_CC_IRQHandler
                0x000000000800945c                TIM1_CC_IRQHandler
                0x000000000800945c                TIM6_IRQHandler
                0x000000000800945c                PVD_IRQHandler
                0x000000000800945c                SDIO_IRQHandler
                0x000000000800945c                EXTI3_IRQHandler
                0x000000000800945c                I2C2_EV_IRQHandler
                0x000000000800945c                ADC1_2_IRQHandler
                0x000000000800945c                SPI1_IRQHandler
                0x000000000800945c                TAMPER_IRQHandler
                0x000000000800945c                TIM8_UP_IRQHandler
                0x000000000800945c                DMA2_Channel2_IRQHandler
                0x000000000800945c                DMA1_Channel4_IRQHandler
                0x000000000800945c                USART3_IRQHandler
                0x000000000800945c                RTC_IRQHandler
                0x000000000800945c                DMA1_Channel7_IRQHandler
                0x000000000800945c                CAN1_RX1_IRQHandler
                0x000000000800945c                UART5_IRQHandler
                0x000000000800945c                ADC3_IRQHandler
                0x000000000800945c                TIM4_IRQHandler
                0x000000000800945c                DMA2_Channel1_IRQHandler
                0x000000000800945c                I2C1_EV_IRQHandler
                0x000000000800945c                DMA1_Channel6_IRQHandler
                0x000000000800945c                UART4_IRQHandler
                0x000000000800945c                RCC_IRQHandler
                0x000000000800945c                TIM1_TRG_COM_IRQHandler
                0x000000000800945c                DMA1_Channel1_IRQHandler
                0x000000000800945c                Default_Handler
                0x000000000800945c                TIM7_IRQHandler
                0x000000000800945c                TIM5_IRQHandler
                0x000000000800945c                SPI2_IRQHandler
                0x000000000800945c                DMA1_Channel5_IRQHandler
                0x000000000800945c                EXTI4_IRQHandler
                0x000000000800945c                USB_LP_CAN1_RX0_IRQHandler
                0x000000000800945c                USB_HP_CAN1_TX_IRQHandler
                0x000000000800945c                DMA1_Channel3_IRQHandler
                0x000000000800945c                FSMC_IRQHandler
                0x000000000800945c                TIM1_UP_IRQHandler
                0x000000000800945c                WWDG_IRQHandler
                0x000000000800945c                TIM2_IRQHandler
                0x000000000800945c                TIM1_BRK_IRQHandler
                0x000000000800945c                EXTI1_IRQHandler
                0x000000000800945c                DMA2_Channel4_5_IRQHandler
                0x000000000800945c                USART2_IRQHandler
                0x000000000800945c                I2C2_ER_IRQHandler
                0x000000000800945c                DMA1_Channel2_IRQHandler
                0x000000000800945c                TIM8_BRK_IRQHandler
                0x000000000800945c                CAN1_SCE_IRQHandler
                0x000000000800945c                FLASH_IRQHandler
                0x000000000800945c                SPI3_IRQHandler
                0x000000000800945c                I2C1_ER_IRQHandler
                0x000000000800945c                USBWakeUp_IRQHandler
                0x000000000800945c                RTC_Alarm_IRQHandler
 *fill*         0x000000000800945e        0x2 
 .text.__errno  0x0000000008009460        0xc /usr/local/Cellar/arm-none-eabi-gcc/9-2019-q4-major/gcc/bin/../lib/gcc/arm-none-eabi/9.2.1/../../../../arm-none-eabi/lib/thumb/v7-m/nofp/libg_nano.a(lib_a-errno.o)
                0x0000000008009460                __errno
 .text.__libc_init_array
                0x000000000800946c       0x48 /usr/local/Cellar/arm-none-eabi-gcc/9-2019-q4-major/gcc/bin/../lib/gcc/arm-none-eabi/9.2.1/../../../../arm-none-eabi/lib/thumb/v7-m/nofp/libg_nano.a(lib_a-init.o)
                0x000000000800946c                __libc_init_array
 .text.memset   0x00000000080094b4       0x10 /usr/local/Cellar/arm-none-eabi-gcc/9-2019-q4-major/gcc/bin/../lib/gcc/arm-none-eabi/9.2.1/../../../../arm-none-eabi/lib/thumb/v7-m/nofp/libg_nano.a(lib_a-memset.o)
                0x00000000080094b4                memset
 .text.sprintf  0x00000000080094c4       0x40 /usr/local/Cellar/arm-none-eabi-gcc/9-2019-q4-major/gcc/bin/../lib/gcc/arm-none-eabi/9.2.1/../../../../arm-none-eabi/lib/thumb/v7-m/nofp/libg_nano.a(lib_a-sprintf.o)
                0x00000000080094c4                sprintf
                0x00000000080094c4                siprintf
 .text.__ssputs_r
                0x0000000008009504       0xb6 /usr/local/Cellar/arm-none-eabi-gcc/9-2019-q4-major/gcc/bin/../lib/gcc/arm-none-eabi/9.2.1/../../../../arm-none-eabi/lib/thumb/v7-m/nofp/libg_nano.a(lib_a-nano-svfprintf.o)
                0x0000000008009504                __ssputs_r
 *fill*         0x00000000080095ba        0x2 
 .text._svfprintf_r
                0x00000000080095bc      0x200 /usr/local/Cellar/arm-none-eabi-gcc/9-2019-q4-major/gcc/bin/../lib/gcc/arm-none-eabi/9.2.1/../../../../arm-none-eabi/lib/thumb/v7-m/nofp/libg_nano.a(lib_a-nano-svfprintf.o)
                0x00000000080095bc                _svfprintf_r
                0x00000000080095bc                _svfiprintf_r
 .text._printf_common
                0x00000000080097bc       0xde /usr/local/Cellar/arm-none-eabi-gcc/9-2019-q4-major/gcc/bin/../lib/gcc/arm-none-eabi/9.2.1/../../../../arm-none-eabi/lib/thumb/v7-m/nofp/libg_nano.a(lib_a-nano-vfprintf_i.o)
                0x00000000080097bc                _printf_common
 *fill*         0x000000000800989a        0x2 
 .text._printf_i
                0x000000000800989c      0x24c /usr/local/Cellar/arm-none-eabi-gcc/9-2019-q4-major/gcc/bin/../lib/gcc/arm-none-eabi/9.2.1/../../../../arm-none-eabi/lib/thumb/v7-m/nofp/libg_nano.a(lib_a-nano-vfprintf_i.o)
                0x000000000800989c                _printf_i
 .text.memchr   0x0000000008009ae8       0x1c /usr/local/Cellar/arm-none-eabi-gcc/9-2019-q4-major/gcc/bin/../lib/gcc/arm-none-eabi/9.2.1/../../../../arm-none-eabi/lib/thumb/v7-m/nofp/libg_nano.a(lib_a-memchr-stub.o)
                0x0000000008009ae8                memchr
 .text.memcpy   0x0000000008009b04       0x1c /usr/local/Cellar/arm-none-eabi-gcc/9-2019-q4-major/gcc/bin/../lib/gcc/arm-none-eabi/9.2.1/../../../../arm-none-eabi/lib/thumb/v7-m/nofp/libg_nano.a(lib_a-memcpy-stub.o)
                0x0000000008009b04                memcpy
 .text.memmove  0x0000000008009b20       0x34 /usr/local/Cellar/arm-none-eabi-gcc/9-2019-q4-major/gcc/bin/../lib/gcc/arm-none-eabi/9.2.1/../../../../arm-none-eabi/lib/thumb/v7-m/nofp/libg_nano.a(lib_a-memmove.o)
                0x0000000008009b20                memmove
 .text._free_r  0x0000000008009b54       0x98 /usr/local/Cellar/arm-none-eabi-gcc/9-2019-q4-major/gcc/bin/../lib/gcc/arm-none-eabi/9.2.1/../../../../arm-none-eabi/lib/thumb/v7-m/nofp/libg_nano.a(lib_a-nano-freer.o)
                0x0000000008009b54                _free_r
 .text._malloc_r
                0x0000000008009bec       0xb4 /usr/local/Cellar/arm-none-eabi-gcc/9-2019-q4-major/gcc/bin/../lib/gcc/arm-none-eabi/9.2.1/../../../../arm-none-eabi/lib/thumb/v7-m/nofp/libg_nano.a(lib_a-nano-mallocr.o)
                0x0000000008009bec                _malloc_r
 .text._realloc_r
                0x0000000008009ca0       0x4c /usr/local/Cellar/arm-none-eabi-gcc/9-2019-q4-major/gcc/bin/../lib/gcc/arm-none-eabi/9.2.1/../../../../arm-none-eabi/lib/thumb/v7-m/nofp/libg_nano.a(lib_a-nano-reallocr.o)
                0x0000000008009ca0                _realloc_r
 .text._sbrk_r  0x0000000008009cec       0x20 /usr/local/Cellar/arm-none-eabi-gcc/9-2019-q4-major/gcc/bin/../lib/gcc/arm-none-eabi/9.2.1/../../../../arm-none-eabi/lib/thumb/v7-m/nofp/libg_nano.a(lib_a-sbrkr.o)
                0x0000000008009cec                _sbrk_r
 .text.__malloc_lock
                0x0000000008009d0c        0xc /usr/local/Cellar/arm-none-eabi-gcc/9-2019-q4-major/gcc/bin/../lib/gcc/arm-none-eabi/9.2.1/../../../../arm-none-eabi/lib/thumb/v7-m/nofp/libg_nano.a(lib_a-mlock.o)
                0x0000000008009d0c                __malloc_lock
 .text.__malloc_unlock
                0x0000000008009d18        0xc /usr/local/Cellar/arm-none-eabi-gcc/9-2019-q4-major/gcc/bin/../lib/gcc/arm-none-eabi/9.2.1/../../../../arm-none-eabi/lib/thumb/v7-m/nofp/libg_nano.a(lib_a-mlock.o)
                0x0000000008009d18                __malloc_unlock
 .text._malloc_usable_size_r
                0x0000000008009d24       0x10 /usr/local/Cellar/arm-none-eabi-gcc/9-2019-q4-major/gcc/bin/../lib/gcc/arm-none-eabi/9.2.1/../../../../arm-none-eabi/lib/thumb/v7-m/nofp/libg_nano.a(lib_a-nano-msizer.o)
                0x0000000008009d24                _malloc_usable_size_r
 .text.__retarget_lock_acquire_recursive
                0x0000000008009d34        0x2 /usr/local/Cellar/arm-none-eabi-gcc/9-2019-q4-major/gcc/bin/../lib/gcc/arm-none-eabi/9.2.1/../../../../arm-none-eabi/lib/thumb/v7-m/nofp/libg_nano.a(lib_a-lock.o)
                0x0000000008009d34                __retarget_lock_acquire_recursive
 .text.__retarget_lock_release_recursive
                0x0000000008009d36        0x2 /usr/local/Cellar/arm-none-eabi-gcc/9-2019-q4-major/gcc/bin/../lib/gcc/arm-none-eabi/9.2.1/../../../../arm-none-eabi/lib/thumb/v7-m/nofp/libg_nano.a(lib_a-lock.o)
                0x0000000008009d36                __retarget_lock_release_recursive
 .text.cos      0x0000000008009d38       0xac /usr/local/Cellar/arm-none-eabi-gcc/9-2019-q4-major/gcc/bin/../lib/gcc/arm-none-eabi/9.2.1/../../../../arm-none-eabi/lib/thumb/v7-m/nofp/libm.a(lib_a-s_cos.o)
                0x0000000008009d38                cos
 .text.sin      0x0000000008009de4       0xac /usr/local/Cellar/arm-none-eabi-gcc/9-2019-q4-major/gcc/bin/../lib/gcc/arm-none-eabi/9.2.1/../../../../arm-none-eabi/lib/thumb/v7-m/nofp/libm.a(lib_a-s_sin.o)
                0x0000000008009de4                sin
 .text.__ieee754_rem_pio2
                0x0000000008009e90      0x444 /usr/local/Cellar/arm-none-eabi-gcc/9-2019-q4-major/gcc/bin/../lib/gcc/arm-none-eabi/9.2.1/../../../../arm-none-eabi/lib/thumb/v7-m/nofp/libm.a(lib_a-e_rem_pio2.o)
                0x0000000008009e90                __ieee754_rem_pio2
 *fill*         0x000000000800a2d4        0x4 
 .text.__kernel_cos
                0x000000000800a2d8      0x250 /usr/local/Cellar/arm-none-eabi-gcc/9-2019-q4-major/gcc/bin/../lib/gcc/arm-none-eabi/9.2.1/../../../../arm-none-eabi/lib/thumb/v7-m/nofp/libm.a(lib_a-k_cos.o)
                0x000000000800a2d8                __kernel_cos
 .text.__kernel_rem_pio2
                0x000000000800a528      0x848 /usr/local/Cellar/arm-none-eabi-gcc/9-2019-q4-major/gcc/bin/../lib/gcc/arm-none-eabi/9.2.1/../../../../arm-none-eabi/lib/thumb/v7-m/nofp/libm.a(lib_a-k_rem_pio2.o)
                0x000000000800a528                __kernel_rem_pio2
 .text.__kernel_sin
                0x000000000800ad70      0x184 /usr/local/Cellar/arm-none-eabi-gcc/9-2019-q4-major/gcc/bin/../lib/gcc/arm-none-eabi/9.2.1/../../../../arm-none-eabi/lib/thumb/v7-m/nofp/libm.a(lib_a-k_sin.o)
                0x000000000800ad70                __kernel_sin
 .text.fabs     0x000000000800aef4        0x8 /usr/local/Cellar/arm-none-eabi-gcc/9-2019-q4-major/gcc/bin/../lib/gcc/arm-none-eabi/9.2.1/../../../../arm-none-eabi/lib/thumb/v7-m/nofp/libm.a(lib_a-s_fabs.o)
                0x000000000800aef4                fabs
 *fill*         0x000000000800aefc        0x4 
 .text.floor    0x000000000800af00       0xf8 /usr/local/Cellar/arm-none-eabi-gcc/9-2019-q4-major/gcc/bin/../lib/gcc/arm-none-eabi/9.2.1/../../../../arm-none-eabi/lib/thumb/v7-m/nofp/libm.a(lib_a-s_floor.o)
                0x000000000800af00                floor
 .text.scalbn   0x000000000800aff8       0xf4 /usr/local/Cellar/arm-none-eabi-gcc/9-2019-q4-major/gcc/bin/../lib/gcc/arm-none-eabi/9.2.1/../../../../arm-none-eabi/lib/thumb/v7-m/nofp/libm.a(lib_a-s_scalbn.o)
                0x000000000800aff8                scalbn
 *(.glue_7)
 .glue_7        0x000000000800b0ec        0x0 linker stubs
 *(.glue_7t)
 .glue_7t       0x000000000800b0ec        0x0 linker stubs
 *(.eh_frame)
 .eh_frame      0x000000000800b0ec        0x0 /usr/local/Cellar/arm-none-eabi-gcc/9-2019-q4-major/gcc/bin/../lib/gcc/arm-none-eabi/9.2.1/thumb/v7-m/nofp/crtbegin.o
 *(.init)
 .init          0x000000000800b0ec        0x4 /usr/local/Cellar/arm-none-eabi-gcc/9-2019-q4-major/gcc/bin/../lib/gcc/arm-none-eabi/9.2.1/thumb/v7-m/nofp/crti.o
                0x000000000800b0ec                _init
 .init          0x000000000800b0f0        0x8 /usr/local/Cellar/arm-none-eabi-gcc/9-2019-q4-major/gcc/bin/../lib/gcc/arm-none-eabi/9.2.1/thumb/v7-m/nofp/crtn.o
 *(.fini)
 .fini          0x000000000800b0f8        0x4 /usr/local/Cellar/arm-none-eabi-gcc/9-2019-q4-major/gcc/bin/../lib/gcc/arm-none-eabi/9.2.1/thumb/v7-m/nofp/crti.o
                0x000000000800b0f8                _fini
 .fini          0x000000000800b0fc        0x8 /usr/local/Cellar/arm-none-eabi-gcc/9-2019-q4-major/gcc/bin/../lib/gcc/arm-none-eabi/9.2.1/thumb/v7-m/nofp/crtn.o
                0x000000000800b104                . = ALIGN (0x4)
                0x000000000800b104                _etext = .

.vfp11_veneer   0x000000000800b104        0x0
 .vfp11_veneer  0x000000000800b104        0x0 linker stubs

.v4_bx          0x000000000800b104        0x0
 .v4_bx         0x000000000800b104        0x0 linker stubs

.iplt           0x000000000800b104        0x0
 .iplt          0x000000000800b104        0x0 /usr/local/Cellar/arm-none-eabi-gcc/9-2019-q4-major/gcc/bin/../lib/gcc/arm-none-eabi/9.2.1/thumb/v7-m/nofp/crtbegin.o

.rodata         0x000000000800b108     0x1a28
                0x000000000800b108                . = ALIGN (0x4)
 *(.rodata)
 .rodata        0x000000000800b108       0x10 CMakeFiles/CS301ProjectClock.elf.dir/Drivers/STM32F1xx_HAL_Driver/Src/stm32f1xx_hal_rcc.c.obj
 .rodata        0x000000000800b118       0x33 CMakeFiles/CS301ProjectClock.elf.dir/Src/main.c.obj
 *(.rodata*)
 *fill*         0x000000000800b14b        0x1 
 .rodata.asc2_1206
                0x000000000800b14c      0x474 CMakeFiles/CS301ProjectClock.elf.dir/Src/lcd.c.obj
                0x000000000800b14c                asc2_1206
 .rodata.asc2_1608
                0x000000000800b5c0      0x5f0 CMakeFiles/CS301ProjectClock.elf.dir/Src/lcd.c.obj
                0x000000000800b5c0                asc2_1608
 .rodata.asc2_2412
                0x000000000800bbb0      0xd5c CMakeFiles/CS301ProjectClock.elf.dir/Src/lcd.c.obj
                0x000000000800bbb0                asc2_2412
 .rodata.AHBPrescTable
                0x000000000800c90c       0x10 CMakeFiles/CS301ProjectClock.elf.dir/Src/system_stm32f1xx.c.obj
                0x000000000800c90c                AHBPrescTable
 .rodata.APBPrescTable
                0x000000000800c91c        0x8 CMakeFiles/CS301ProjectClock.elf.dir/Src/system_stm32f1xx.c.obj
                0x000000000800c91c                APBPrescTable
 .rodata._svfprintf_r.str1.1
                0x000000000800c924       0x11 /usr/local/Cellar/arm-none-eabi-gcc/9-2019-q4-major/gcc/bin/../lib/gcc/arm-none-eabi/9.2.1/../../../../arm-none-eabi/lib/thumb/v7-m/nofp/libg_nano.a(lib_a-nano-svfprintf.o)
 .rodata._printf_i.str1.1
                0x000000000800c935       0x22 /usr/local/Cellar/arm-none-eabi-gcc/9-2019-q4-major/gcc/bin/../lib/gcc/arm-none-eabi/9.2.1/../../../../arm-none-eabi/lib/thumb/v7-m/nofp/libg_nano.a(lib_a-nano-vfprintf_i.o)
 *fill*         0x000000000800c957        0x1 
 .rodata.npio2_hw
                0x000000000800c958       0x80 /usr/local/Cellar/arm-none-eabi-gcc/9-2019-q4-major/gcc/bin/../lib/gcc/arm-none-eabi/9.2.1/../../../../arm-none-eabi/lib/thumb/v7-m/nofp/libm.a(lib_a-e_rem_pio2.o)
 .rodata.two_over_pi
                0x000000000800c9d8      0x108 /usr/local/Cellar/arm-none-eabi-gcc/9-2019-q4-major/gcc/bin/../lib/gcc/arm-none-eabi/9.2.1/../../../../arm-none-eabi/lib/thumb/v7-m/nofp/libm.a(lib_a-e_rem_pio2.o)
 .rodata.PIo2   0x000000000800cae0       0x40 /usr/local/Cellar/arm-none-eabi-gcc/9-2019-q4-major/gcc/bin/../lib/gcc/arm-none-eabi/9.2.1/../../../../arm-none-eabi/lib/thumb/v7-m/nofp/libm.a(lib_a-k_rem_pio2.o)
 .rodata.init_jk
                0x000000000800cb20       0x10 /usr/local/Cellar/arm-none-eabi-gcc/9-2019-q4-major/gcc/bin/../lib/gcc/arm-none-eabi/9.2.1/../../../../arm-none-eabi/lib/thumb/v7-m/nofp/libm.a(lib_a-k_rem_pio2.o)
                0x000000000800cb30                . = ALIGN (0x4)

.rel.dyn        0x000000000800cb30        0x0
 .rel.iplt      0x000000000800cb30        0x0 /usr/local/Cellar/arm-none-eabi-gcc/9-2019-q4-major/gcc/bin/../lib/gcc/arm-none-eabi/9.2.1/thumb/v7-m/nofp/crtbegin.o

.ARM.extab
 *(.ARM.extab* .gnu.linkonce.armextab.*)

.ARM            0x000000000800cb30        0x0
                0x000000000800cb30                __exidx_start = .
 *(.ARM.exidx*)
                0x000000000800cb30                __exidx_end = .

.preinit_array  0x000000000800cb30        0x0
                0x000000000800cb30                PROVIDE (__preinit_array_start = .)
 *(.preinit_array*)
                0x000000000800cb30                PROVIDE (__preinit_array_end = .)

.init_array     0x000000000800cb30        0x4
                0x000000000800cb30                PROVIDE (__init_array_start = .)
 *(SORT_BY_NAME(.init_array.*))
 *(.init_array*)
 .init_array    0x000000000800cb30        0x4 /usr/local/Cellar/arm-none-eabi-gcc/9-2019-q4-major/gcc/bin/../lib/gcc/arm-none-eabi/9.2.1/thumb/v7-m/nofp/crtbegin.o
                0x000000000800cb34                PROVIDE (__init_array_end = .)

.fini_array     0x000000000800cb34        0x4
                [!provide]                        PROVIDE (__fini_array_start = .)
 *(SORT_BY_NAME(.fini_array.*))
 *(.fini_array*)
 .fini_array    0x000000000800cb34        0x4 /usr/local/Cellar/arm-none-eabi-gcc/9-2019-q4-major/gcc/bin/../lib/gcc/arm-none-eabi/9.2.1/thumb/v7-m/nofp/crtbegin.o
                [!provide]                        PROVIDE (__fini_array_end = .)
                0x000000000800cb38                _sidata = LOADADDR (.data)

.data           0x0000000020000000       0x74 load address 0x000000000800cb38
                0x0000000020000000                . = ALIGN (0x4)
                0x0000000020000000                _sdata = .
 *(.data)
 *(.data*)
 .data.uwTickPrio
                0x0000000020000000        0x4 CMakeFiles/CS301ProjectClock.elf.dir/Drivers/STM32F1xx_HAL_Driver/Src/stm32f1xx_hal.c.obj
                0x0000000020000000                uwTickPrio
 .data.uwTickFreq
                0x0000000020000004        0x1 CMakeFiles/CS301ProjectClock.elf.dir/Drivers/STM32F1xx_HAL_Driver/Src/stm32f1xx_hal.c.obj
                0x0000000020000004                uwTickFreq
 *fill*         0x0000000020000005        0x1 
 .data.BACK_COLOR
                0x0000000020000006        0x2 CMakeFiles/CS301ProjectClock.elf.dir/Src/lcd.c.obj
                0x0000000020000006                BACK_COLOR
 .data.currentBackground
                0x0000000020000008        0x1 CMakeFiles/CS301ProjectClock.elf.dir/Src/main.c.obj
                0x0000000020000008                currentBackground
 *fill*         0x0000000020000009        0x3 
 .data.SystemCoreClock
                0x000000002000000c        0x4 CMakeFiles/CS301ProjectClock.elf.dir/Src/system_stm32f1xx.c.obj
                0x000000002000000c                SystemCoreClock
 .data._impure_ptr
                0x0000000020000010        0x4 /usr/local/Cellar/arm-none-eabi-gcc/9-2019-q4-major/gcc/bin/../lib/gcc/arm-none-eabi/9.2.1/../../../../arm-none-eabi/lib/thumb/v7-m/nofp/libg_nano.a(lib_a-impure.o)
                0x0000000020000010                _impure_ptr
 .data.impure_data
                0x0000000020000014       0x60 /usr/local/Cellar/arm-none-eabi-gcc/9-2019-q4-major/gcc/bin/../lib/gcc/arm-none-eabi/9.2.1/../../../../arm-none-eabi/lib/thumb/v7-m/nofp/libg_nano.a(lib_a-impure.o)
                0x0000000020000074                . = ALIGN (0x4)
                0x0000000020000074                _edata = .

.igot.plt       0x0000000020000074        0x0 load address 0x000000000800cbac
 .igot.plt      0x0000000020000074        0x0 /usr/local/Cellar/arm-none-eabi-gcc/9-2019-q4-major/gcc/bin/../lib/gcc/arm-none-eabi/9.2.1/thumb/v7-m/nofp/crtbegin.o
                0x0000000020000074                . = ALIGN (0x4)

.bss            0x0000000020000074      0x5b4 load address 0x000000000800cbac
                0x0000000020000074                _sbss = .
                0x0000000020000074                __bss_start__ = _sbss
 *(.bss)
 .bss           0x0000000020000074       0x1c /usr/local/Cellar/arm-none-eabi-gcc/9-2019-q4-major/gcc/bin/../lib/gcc/arm-none-eabi/9.2.1/thumb/v7-m/nofp/crtbegin.o
 *(.bss*)
 .bss.uwTick    0x0000000020000090        0x4 CMakeFiles/CS301ProjectClock.elf.dir/Drivers/STM32F1xx_HAL_Driver/Src/stm32f1xx_hal.c.obj
                0x0000000020000090                uwTick
 .bss.POINT_COLOR
                0x0000000020000094        0x2 CMakeFiles/CS301ProjectClock.elf.dir/Src/lcd.c.obj
                0x0000000020000094                POINT_COLOR
 *fill*         0x0000000020000096        0x2 
 .bss.lcddev    0x0000000020000098        0xe CMakeFiles/CS301ProjectClock.elf.dir/Src/lcd.c.obj
                0x0000000020000098                lcddev
 *fill*         0x00000000200000a6        0x2 
 .bss.rxBuffer  0x00000000200000a8       0x64 CMakeFiles/CS301ProjectClock.elf.dir/Src/main.c.obj
                0x00000000200000a8                rxBuffer
 .bss.msg       0x000000002000010c       0x64 CMakeFiles/CS301ProjectClock.elf.dir/Src/main.c.obj
                0x000000002000010c                msg
 .bss.time_text
                0x0000000020000170       0x14 CMakeFiles/CS301ProjectClock.elf.dir/Src/main.c.obj
                0x0000000020000170                time_text
 .bss.time_in_sec
                0x0000000020000184        0x4 CMakeFiles/CS301ProjectClock.elf.dir/Src/main.c.obj
                0x0000000020000184                time_in_sec
 .bss.uLength.8479
                0x0000000020000188        0x1 CMakeFiles/CS301ProjectClock.elf.dir/Src/main.c.obj
 *fill*         0x0000000020000189        0x3 
 .bss.uRx_Data.8478
                0x000000002000018c      0x400 CMakeFiles/CS301ProjectClock.elf.dir/Src/main.c.obj
 .bss.heap_end.6018
                0x000000002000058c        0x4 CMakeFiles/CS301ProjectClock.elf.dir/Src/syscalls.c.obj
 .bss.htim3     0x0000000020000590       0x40 CMakeFiles/CS301ProjectClock.elf.dir/Src/tim.c.obj
                0x0000000020000590                htim3
 .bss.huart1    0x00000000200005d0       0x40 CMakeFiles/CS301ProjectClock.elf.dir/Src/usart.c.obj
                0x00000000200005d0                huart1
 .bss.__malloc_free_list
                0x0000000020000610        0x4 /usr/local/Cellar/arm-none-eabi-gcc/9-2019-q4-major/gcc/bin/../lib/gcc/arm-none-eabi/9.2.1/../../../../arm-none-eabi/lib/thumb/v7-m/nofp/libg_nano.a(lib_a-nano-mallocr.o)
                0x0000000020000610                __malloc_free_list
 .bss.__malloc_sbrk_start
                0x0000000020000614        0x4 /usr/local/Cellar/arm-none-eabi-gcc/9-2019-q4-major/gcc/bin/../lib/gcc/arm-none-eabi/9.2.1/../../../../arm-none-eabi/lib/thumb/v7-m/nofp/libg_nano.a(lib_a-nano-mallocr.o)
                0x0000000020000614                __malloc_sbrk_start
 *(COMMON)
 COMMON         0x0000000020000618        0x4 /usr/local/Cellar/arm-none-eabi-gcc/9-2019-q4-major/gcc/bin/../lib/gcc/arm-none-eabi/9.2.1/../../../../arm-none-eabi/lib/thumb/v7-m/nofp/libg_nano.a(lib_a-reent.o)
                0x0000000020000618                errno
 COMMON         0x000000002000061c        0x9 /usr/local/Cellar/arm-none-eabi-gcc/9-2019-q4-major/gcc/bin/../lib/gcc/arm-none-eabi/9.2.1/../../../../arm-none-eabi/lib/thumb/v7-m/nofp/libg_nano.a(lib_a-lock.o)
                0x000000002000061c                __lock___atexit_recursive_mutex
                0x000000002000061d                __lock___arc4random_mutex
                0x000000002000061e                __lock___env_recursive_mutex
                0x000000002000061f                __lock___sinit_recursive_mutex
                0x0000000020000620                __lock___malloc_recursive_mutex
                0x0000000020000621                __lock___at_quick_exit_mutex
                0x0000000020000622                __lock___dd_hash_mutex
                0x0000000020000623                __lock___tz_mutex
                0x0000000020000624                __lock___sfp_recursive_mutex
                0x0000000020000628                . = ALIGN (0x4)
 *fill*         0x0000000020000625        0x3 
                0x0000000020000628                _ebss = .
                0x0000000020000628                __bss_end__ = _ebss

._user_heap_stack
                0x0000000020000628      0x600 load address 0x000000000800cbac
                0x0000000020000628                . = ALIGN (0x8)
                0x0000000020000628                PROVIDE (end = .)
                [!provide]                        PROVIDE (_end = .)
                0x0000000020000828                . = (. + _Min_Heap_Size)
 *fill*         0x0000000020000628      0x200 
                0x0000000020000c28                . = (. + _Min_Stack_Size)
 *fill*         0x0000000020000828      0x400 
                0x0000000020000c28                . = ALIGN (0x8)

/DISCARD/
 libc.a(*)
 libm.a(*)
 libgcc.a(*)

.ARM.attributes
                0x0000000000000000       0x29
 *(.ARM.attributes)
 .ARM.attributes
                0x0000000000000000       0x1d /usr/local/Cellar/arm-none-eabi-gcc/9-2019-q4-major/gcc/bin/../lib/gcc/arm-none-eabi/9.2.1/thumb/v7-m/nofp/crti.o
 .ARM.attributes
                0x000000000000001d       0x2d /usr/local/Cellar/arm-none-eabi-gcc/9-2019-q4-major/gcc/bin/../lib/gcc/arm-none-eabi/9.2.1/thumb/v7-m/nofp/crtbegin.o
 .ARM.attributes
                0x000000000000004a       0x2d CMakeFiles/CS301ProjectClock.elf.dir/Drivers/STM32F1xx_HAL_Driver/Src/stm32f1xx_hal.c.obj
 .ARM.attributes
                0x0000000000000077       0x2d CMakeFiles/CS301ProjectClock.elf.dir/Drivers/STM32F1xx_HAL_Driver/Src/stm32f1xx_hal_cortex.c.obj
 .ARM.attributes
                0x00000000000000a4       0x2d CMakeFiles/CS301ProjectClock.elf.dir/Drivers/STM32F1xx_HAL_Driver/Src/stm32f1xx_hal_dma.c.obj
 .ARM.attributes
                0x00000000000000d1       0x2d CMakeFiles/CS301ProjectClock.elf.dir/Drivers/STM32F1xx_HAL_Driver/Src/stm32f1xx_hal_gpio.c.obj
 .ARM.attributes
                0x00000000000000fe       0x2d CMakeFiles/CS301ProjectClock.elf.dir/Drivers/STM32F1xx_HAL_Driver/Src/stm32f1xx_hal_rcc.c.obj
 .ARM.attributes
                0x000000000000012b       0x2d CMakeFiles/CS301ProjectClock.elf.dir/Drivers/STM32F1xx_HAL_Driver/Src/stm32f1xx_hal_tim.c.obj
 .ARM.attributes
                0x0000000000000158       0x2d CMakeFiles/CS301ProjectClock.elf.dir/Drivers/STM32F1xx_HAL_Driver/Src/stm32f1xx_hal_tim_ex.c.obj
 .ARM.attributes
                0x0000000000000185       0x2d CMakeFiles/CS301ProjectClock.elf.dir/Drivers/STM32F1xx_HAL_Driver/Src/stm32f1xx_hal_uart.c.obj
 .ARM.attributes
                0x00000000000001b2       0x2d CMakeFiles/CS301ProjectClock.elf.dir/Src/gpio.c.obj
 .ARM.attributes
                0x00000000000001df       0x2d CMakeFiles/CS301ProjectClock.elf.dir/Src/lcd.c.obj
 .ARM.attributes
                0x000000000000020c       0x2d CMakeFiles/CS301ProjectClock.elf.dir/Src/main.c.obj
 .ARM.attributes
                0x0000000000000239       0x2d CMakeFiles/CS301ProjectClock.elf.dir/Src/stm32f1xx_hal_msp.c.obj
 .ARM.attributes
                0x0000000000000266       0x2d CMakeFiles/CS301ProjectClock.elf.dir/Src/stm32f1xx_it.c.obj
 .ARM.attributes
                0x0000000000000293       0x2d CMakeFiles/CS301ProjectClock.elf.dir/Src/syscalls.c.obj
 .ARM.attributes
                0x00000000000002c0       0x2d CMakeFiles/CS301ProjectClock.elf.dir/Src/system_stm32f1xx.c.obj
 .ARM.attributes
                0x00000000000002ed       0x2d CMakeFiles/CS301ProjectClock.elf.dir/Src/tim.c.obj
 .ARM.attributes
                0x000000000000031a       0x2d CMakeFiles/CS301ProjectClock.elf.dir/Src/usart.c.obj
 .ARM.attributes
                0x0000000000000347       0x21 CMakeFiles/CS301ProjectClock.elf.dir/startup/startup_stm32f103xe.s.obj
 .ARM.attributes
                0x0000000000000368       0x1d /usr/local/Cellar/arm-none-eabi-gcc/9-2019-q4-major/gcc/bin/../lib/gcc/arm-none-eabi/9.2.1/thumb/v7-m/nofp/libgcc.a(_arm_addsubdf3.o)
 .ARM.attributes
                0x0000000000000385       0x1d /usr/local/Cellar/arm-none-eabi-gcc/9-2019-q4-major/gcc/bin/../lib/gcc/arm-none-eabi/9.2.1/thumb/v7-m/nofp/libgcc.a(_arm_muldivdf3.o)
 .ARM.attributes
                0x00000000000003a2       0x1d /usr/local/Cellar/arm-none-eabi-gcc/9-2019-q4-major/gcc/bin/../lib/gcc/arm-none-eabi/9.2.1/thumb/v7-m/nofp/libgcc.a(_arm_fixdfsi.o)
 .ARM.attributes
                0x00000000000003bf       0x1d /usr/local/Cellar/arm-none-eabi-gcc/9-2019-q4-major/gcc/bin/../lib/gcc/arm-none-eabi/9.2.1/thumb/v7-m/nofp/libgcc.a(_arm_fixunsdfsi.o)
 .ARM.attributes
                0x00000000000003dc       0x2d /usr/local/Cellar/arm-none-eabi-gcc/9-2019-q4-major/gcc/bin/../lib/gcc/arm-none-eabi/9.2.1/../../../../arm-none-eabi/lib/thumb/v7-m/nofp/libg_nano.a(lib_a-errno.o)
 .ARM.attributes
                0x0000000000000409       0x2d /usr/local/Cellar/arm-none-eabi-gcc/9-2019-q4-major/gcc/bin/../lib/gcc/arm-none-eabi/9.2.1/../../../../arm-none-eabi/lib/thumb/v7-m/nofp/libg_nano.a(lib_a-impure.o)
 .ARM.attributes
                0x0000000000000436       0x2d /usr/local/Cellar/arm-none-eabi-gcc/9-2019-q4-major/gcc/bin/../lib/gcc/arm-none-eabi/9.2.1/../../../../arm-none-eabi/lib/thumb/v7-m/nofp/libg_nano.a(lib_a-init.o)
 .ARM.attributes
                0x0000000000000463       0x2d /usr/local/Cellar/arm-none-eabi-gcc/9-2019-q4-major/gcc/bin/../lib/gcc/arm-none-eabi/9.2.1/../../../../arm-none-eabi/lib/thumb/v7-m/nofp/libg_nano.a(lib_a-memset.o)
 .ARM.attributes
                0x0000000000000490       0x2d /usr/local/Cellar/arm-none-eabi-gcc/9-2019-q4-major/gcc/bin/../lib/gcc/arm-none-eabi/9.2.1/../../../../arm-none-eabi/lib/thumb/v7-m/nofp/libg_nano.a(lib_a-sprintf.o)
 .ARM.attributes
                0x00000000000004bd       0x17 /usr/local/Cellar/arm-none-eabi-gcc/9-2019-q4-major/gcc/bin/../lib/gcc/arm-none-eabi/9.2.1/../../../../arm-none-eabi/lib/thumb/v7-m/nofp/libg_nano.a(lib_a-strlen.o)
 .ARM.attributes
                0x00000000000004d4       0x2d /usr/local/Cellar/arm-none-eabi-gcc/9-2019-q4-major/gcc/bin/../lib/gcc/arm-none-eabi/9.2.1/../../../../arm-none-eabi/lib/thumb/v7-m/nofp/libg_nano.a(lib_a-nano-svfprintf.o)
 .ARM.attributes
                0x0000000000000501       0x2d /usr/local/Cellar/arm-none-eabi-gcc/9-2019-q4-major/gcc/bin/../lib/gcc/arm-none-eabi/9.2.1/../../../../arm-none-eabi/lib/thumb/v7-m/nofp/libg_nano.a(lib_a-nano-vfprintf_i.o)
 .ARM.attributes
                0x000000000000052e       0x2d /usr/local/Cellar/arm-none-eabi-gcc/9-2019-q4-major/gcc/bin/../lib/gcc/arm-none-eabi/9.2.1/../../../../arm-none-eabi/lib/thumb/v7-m/nofp/libg_nano.a(lib_a-memchr-stub.o)
 .ARM.attributes
                0x000000000000055b       0x2d /usr/local/Cellar/arm-none-eabi-gcc/9-2019-q4-major/gcc/bin/../lib/gcc/arm-none-eabi/9.2.1/../../../../arm-none-eabi/lib/thumb/v7-m/nofp/libg_nano.a(lib_a-memcpy-stub.o)
 .ARM.attributes
                0x0000000000000588       0x2d /usr/local/Cellar/arm-none-eabi-gcc/9-2019-q4-major/gcc/bin/../lib/gcc/arm-none-eabi/9.2.1/../../../../arm-none-eabi/lib/thumb/v7-m/nofp/libg_nano.a(lib_a-memmove.o)
 .ARM.attributes
                0x00000000000005b5       0x2d /usr/local/Cellar/arm-none-eabi-gcc/9-2019-q4-major/gcc/bin/../lib/gcc/arm-none-eabi/9.2.1/../../../../arm-none-eabi/lib/thumb/v7-m/nofp/libg_nano.a(lib_a-nano-freer.o)
 .ARM.attributes
                0x00000000000005e2       0x2d /usr/local/Cellar/arm-none-eabi-gcc/9-2019-q4-major/gcc/bin/../lib/gcc/arm-none-eabi/9.2.1/../../../../arm-none-eabi/lib/thumb/v7-m/nofp/libg_nano.a(lib_a-nano-mallocr.o)
 .ARM.attributes
                0x000000000000060f       0x2d /usr/local/Cellar/arm-none-eabi-gcc/9-2019-q4-major/gcc/bin/../lib/gcc/arm-none-eabi/9.2.1/../../../../arm-none-eabi/lib/thumb/v7-m/nofp/libg_nano.a(lib_a-nano-reallocr.o)
 .ARM.attributes
                0x000000000000063c       0x2d /usr/local/Cellar/arm-none-eabi-gcc/9-2019-q4-major/gcc/bin/../lib/gcc/arm-none-eabi/9.2.1/../../../../arm-none-eabi/lib/thumb/v7-m/nofp/libg_nano.a(lib_a-sbrkr.o)
 .ARM.attributes
                0x0000000000000669       0x2d /usr/local/Cellar/arm-none-eabi-gcc/9-2019-q4-major/gcc/bin/../lib/gcc/arm-none-eabi/9.2.1/../../../../arm-none-eabi/lib/thumb/v7-m/nofp/libg_nano.a(lib_a-mlock.o)
 .ARM.attributes
                0x0000000000000696       0x2d /usr/local/Cellar/arm-none-eabi-gcc/9-2019-q4-major/gcc/bin/../lib/gcc/arm-none-eabi/9.2.1/../../../../arm-none-eabi/lib/thumb/v7-m/nofp/libg_nano.a(lib_a-nano-msizer.o)
 .ARM.attributes
                0x00000000000006c3       0x2d /usr/local/Cellar/arm-none-eabi-gcc/9-2019-q4-major/gcc/bin/../lib/gcc/arm-none-eabi/9.2.1/../../../../arm-none-eabi/lib/thumb/v7-m/nofp/libg_nano.a(lib_a-reent.o)
 .ARM.attributes
                0x00000000000006f0       0x2d /usr/local/Cellar/arm-none-eabi-gcc/9-2019-q4-major/gcc/bin/../lib/gcc/arm-none-eabi/9.2.1/../../../../arm-none-eabi/lib/thumb/v7-m/nofp/libg_nano.a(lib_a-lock.o)
 .ARM.attributes
                0x000000000000071d       0x1d /usr/local/Cellar/arm-none-eabi-gcc/9-2019-q4-major/gcc/bin/../lib/gcc/arm-none-eabi/9.2.1/thumb/v7-m/nofp/crtn.o
OUTPUT(CS301ProjectClock.elf elf32-littlearm)

.debug_info     0x0000000000000000     0xdf59
 .debug_info    0x0000000000000000      0x7ad CMakeFiles/CS301ProjectClock.elf.dir/Drivers/STM32F1xx_HAL_Driver/Src/stm32f1xx_hal.c.obj
 .debug_info    0x00000000000007ad      0xc2b CMakeFiles/CS301ProjectClock.elf.dir/Drivers/STM32F1xx_HAL_Driver/Src/stm32f1xx_hal_cortex.c.obj
 .debug_info    0x00000000000013d8      0x807 CMakeFiles/CS301ProjectClock.elf.dir/Drivers/STM32F1xx_HAL_Driver/Src/stm32f1xx_hal_dma.c.obj
 .debug_info    0x0000000000001bdf      0x6da CMakeFiles/CS301ProjectClock.elf.dir/Drivers/STM32F1xx_HAL_Driver/Src/stm32f1xx_hal_gpio.c.obj
 .debug_info    0x00000000000022b9      0x877 CMakeFiles/CS301ProjectClock.elf.dir/Drivers/STM32F1xx_HAL_Driver/Src/stm32f1xx_hal_rcc.c.obj
 .debug_info    0x0000000000002b30     0x2669 CMakeFiles/CS301ProjectClock.elf.dir/Drivers/STM32F1xx_HAL_Driver/Src/stm32f1xx_hal_tim.c.obj
 .debug_info    0x0000000000005199     0x11fb CMakeFiles/CS301ProjectClock.elf.dir/Drivers/STM32F1xx_HAL_Driver/Src/stm32f1xx_hal_tim_ex.c.obj
 .debug_info    0x0000000000006394     0x12db CMakeFiles/CS301ProjectClock.elf.dir/Drivers/STM32F1xx_HAL_Driver/Src/stm32f1xx_hal_uart.c.obj
 .debug_info    0x000000000000766f      0x525 CMakeFiles/CS301ProjectClock.elf.dir/Src/gpio.c.obj
 .debug_info    0x0000000000007b94     0x17b4 CMakeFiles/CS301ProjectClock.elf.dir/Src/lcd.c.obj
 .debug_info    0x0000000000009348     0x1776 CMakeFiles/CS301ProjectClock.elf.dir/Src/main.c.obj
 .debug_info    0x000000000000aabe      0x2e5 CMakeFiles/CS301ProjectClock.elf.dir/Src/stm32f1xx_hal_msp.c.obj
 .debug_info    0x000000000000ada3      0x97d CMakeFiles/CS301ProjectClock.elf.dir/Src/stm32f1xx_it.c.obj
 .debug_info    0x000000000000b720     0x100f CMakeFiles/CS301ProjectClock.elf.dir/Src/syscalls.c.obj
 .debug_info    0x000000000000c72f      0x462 CMakeFiles/CS301ProjectClock.elf.dir/Src/system_stm32f1xx.c.obj
 .debug_info    0x000000000000cb91      0x9dd CMakeFiles/CS301ProjectClock.elf.dir/Src/tim.c.obj
 .debug_info    0x000000000000d56e      0x9c9 CMakeFiles/CS301ProjectClock.elf.dir/Src/usart.c.obj
 .debug_info    0x000000000000df37       0x22 CMakeFiles/CS301ProjectClock.elf.dir/startup/startup_stm32f103xe.s.obj

.debug_abbrev   0x0000000000000000     0x2496
 .debug_abbrev  0x0000000000000000      0x1fd CMakeFiles/CS301ProjectClock.elf.dir/Drivers/STM32F1xx_HAL_Driver/Src/stm32f1xx_hal.c.obj
 .debug_abbrev  0x00000000000001fd      0x310 CMakeFiles/CS301ProjectClock.elf.dir/Drivers/STM32F1xx_HAL_Driver/Src/stm32f1xx_hal_cortex.c.obj
 .debug_abbrev  0x000000000000050d      0x225 CMakeFiles/CS301ProjectClock.elf.dir/Drivers/STM32F1xx_HAL_Driver/Src/stm32f1xx_hal_dma.c.obj
 .debug_abbrev  0x0000000000000732      0x1e5 CMakeFiles/CS301ProjectClock.elf.dir/Drivers/STM32F1xx_HAL_Driver/Src/stm32f1xx_hal_gpio.c.obj
 .debug_abbrev  0x0000000000000917      0x270 CMakeFiles/CS301ProjectClock.elf.dir/Drivers/STM32F1xx_HAL_Driver/Src/stm32f1xx_hal_rcc.c.obj
 .debug_abbrev  0x0000000000000b87      0x25b CMakeFiles/CS301ProjectClock.elf.dir/Drivers/STM32F1xx_HAL_Driver/Src/stm32f1xx_hal_tim.c.obj
 .debug_abbrev  0x0000000000000de2      0x249 CMakeFiles/CS301ProjectClock.elf.dir/Drivers/STM32F1xx_HAL_Driver/Src/stm32f1xx_hal_tim_ex.c.obj
 .debug_abbrev  0x000000000000102b      0x26d CMakeFiles/CS301ProjectClock.elf.dir/Drivers/STM32F1xx_HAL_Driver/Src/stm32f1xx_hal_uart.c.obj
 .debug_abbrev  0x0000000000001298      0x154 CMakeFiles/CS301ProjectClock.elf.dir/Src/gpio.c.obj
 .debug_abbrev  0x00000000000013ec      0x352 CMakeFiles/CS301ProjectClock.elf.dir/Src/lcd.c.obj
 .debug_abbrev  0x000000000000173e      0x332 CMakeFiles/CS301ProjectClock.elf.dir/Src/main.c.obj
 .debug_abbrev  0x0000000000001a70      0x11a CMakeFiles/CS301ProjectClock.elf.dir/Src/stm32f1xx_hal_msp.c.obj
 .debug_abbrev  0x0000000000001b8a      0x18d CMakeFiles/CS301ProjectClock.elf.dir/Src/stm32f1xx_it.c.obj
 .debug_abbrev  0x0000000000001d17      0x2a9 CMakeFiles/CS301ProjectClock.elf.dir/Src/syscalls.c.obj
 .debug_abbrev  0x0000000000001fc0      0x14b CMakeFiles/CS301ProjectClock.elf.dir/Src/system_stm32f1xx.c.obj
 .debug_abbrev  0x000000000000210b      0x1b8 CMakeFiles/CS301ProjectClock.elf.dir/Src/tim.c.obj
 .debug_abbrev  0x00000000000022c3      0x1c1 CMakeFiles/CS301ProjectClock.elf.dir/Src/usart.c.obj
 .debug_abbrev  0x0000000000002484       0x12 CMakeFiles/CS301ProjectClock.elf.dir/startup/startup_stm32f103xe.s.obj

.debug_aranges  0x0000000000000000      0xdc8
 .debug_aranges
                0x0000000000000000       0xe0 CMakeFiles/CS301ProjectClock.elf.dir/Drivers/STM32F1xx_HAL_Driver/Src/stm32f1xx_hal.c.obj
 .debug_aranges
                0x00000000000000e0      0x100 CMakeFiles/CS301ProjectClock.elf.dir/Drivers/STM32F1xx_HAL_Driver/Src/stm32f1xx_hal_cortex.c.obj
 .debug_aranges
                0x00000000000001e0       0x80 CMakeFiles/CS301ProjectClock.elf.dir/Drivers/STM32F1xx_HAL_Driver/Src/stm32f1xx_hal_dma.c.obj
 .debug_aranges
                0x0000000000000260       0x58 CMakeFiles/CS301ProjectClock.elf.dir/Drivers/STM32F1xx_HAL_Driver/Src/stm32f1xx_hal_gpio.c.obj
 .debug_aranges
                0x00000000000002b8       0x90 CMakeFiles/CS301ProjectClock.elf.dir/Drivers/STM32F1xx_HAL_Driver/Src/stm32f1xx_hal_rcc.c.obj
 .debug_aranges
                0x0000000000000348      0x3a8 CMakeFiles/CS301ProjectClock.elf.dir/Drivers/STM32F1xx_HAL_Driver/Src/stm32f1xx_hal_tim.c.obj
 .debug_aranges
                0x00000000000006f0      0x150 CMakeFiles/CS301ProjectClock.elf.dir/Drivers/STM32F1xx_HAL_Driver/Src/stm32f1xx_hal_tim_ex.c.obj
 .debug_aranges
                0x0000000000000840      0x1d0 CMakeFiles/CS301ProjectClock.elf.dir/Drivers/STM32F1xx_HAL_Driver/Src/stm32f1xx_hal_uart.c.obj
 .debug_aranges
                0x0000000000000a10       0x20 CMakeFiles/CS301ProjectClock.elf.dir/Src/gpio.c.obj
 .debug_aranges
                0x0000000000000a30      0x118 CMakeFiles/CS301ProjectClock.elf.dir/Src/lcd.c.obj
 .debug_aranges
                0x0000000000000b48       0x78 CMakeFiles/CS301ProjectClock.elf.dir/Src/main.c.obj
 .debug_aranges
                0x0000000000000bc0       0x20 CMakeFiles/CS301ProjectClock.elf.dir/Src/stm32f1xx_hal_msp.c.obj
 .debug_aranges
                0x0000000000000be0       0x88 CMakeFiles/CS301ProjectClock.elf.dir/Src/stm32f1xx_it.c.obj
 .debug_aranges
                0x0000000000000c68       0xb0 CMakeFiles/CS301ProjectClock.elf.dir/Src/syscalls.c.obj
 .debug_aranges
                0x0000000000000d18       0x28 CMakeFiles/CS301ProjectClock.elf.dir/Src/system_stm32f1xx.c.obj
 .debug_aranges
                0x0000000000000d40       0x30 CMakeFiles/CS301ProjectClock.elf.dir/Src/tim.c.obj
 .debug_aranges
                0x0000000000000d70       0x30 CMakeFiles/CS301ProjectClock.elf.dir/Src/usart.c.obj
 .debug_aranges
                0x0000000000000da0       0x28 CMakeFiles/CS301ProjectClock.elf.dir/startup/startup_stm32f103xe.s.obj

.debug_ranges   0x0000000000000000      0xcb0
 .debug_ranges  0x0000000000000000       0xd0 CMakeFiles/CS301ProjectClock.elf.dir/Drivers/STM32F1xx_HAL_Driver/Src/stm32f1xx_hal.c.obj
 .debug_ranges  0x00000000000000d0       0xf0 CMakeFiles/CS301ProjectClock.elf.dir/Drivers/STM32F1xx_HAL_Driver/Src/stm32f1xx_hal_cortex.c.obj
 .debug_ranges  0x00000000000001c0       0x70 CMakeFiles/CS301ProjectClock.elf.dir/Drivers/STM32F1xx_HAL_Driver/Src/stm32f1xx_hal_dma.c.obj
 .debug_ranges  0x0000000000000230       0x48 CMakeFiles/CS301ProjectClock.elf.dir/Drivers/STM32F1xx_HAL_Driver/Src/stm32f1xx_hal_gpio.c.obj
 .debug_ranges  0x0000000000000278       0x80 CMakeFiles/CS301ProjectClock.elf.dir/Drivers/STM32F1xx_HAL_Driver/Src/stm32f1xx_hal_rcc.c.obj
 .debug_ranges  0x00000000000002f8      0x398 CMakeFiles/CS301ProjectClock.elf.dir/Drivers/STM32F1xx_HAL_Driver/Src/stm32f1xx_hal_tim.c.obj
 .debug_ranges  0x0000000000000690      0x140 CMakeFiles/CS301ProjectClock.elf.dir/Drivers/STM32F1xx_HAL_Driver/Src/stm32f1xx_hal_tim_ex.c.obj
 .debug_ranges  0x00000000000007d0      0x1c0 CMakeFiles/CS301ProjectClock.elf.dir/Drivers/STM32F1xx_HAL_Driver/Src/stm32f1xx_hal_uart.c.obj
 .debug_ranges  0x0000000000000990       0x10 CMakeFiles/CS301ProjectClock.elf.dir/Src/gpio.c.obj
 .debug_ranges  0x00000000000009a0      0x108 CMakeFiles/CS301ProjectClock.elf.dir/Src/lcd.c.obj
 .debug_ranges  0x0000000000000aa8       0x68 CMakeFiles/CS301ProjectClock.elf.dir/Src/main.c.obj
 .debug_ranges  0x0000000000000b10       0x10 CMakeFiles/CS301ProjectClock.elf.dir/Src/stm32f1xx_hal_msp.c.obj
 .debug_ranges  0x0000000000000b20       0x78 CMakeFiles/CS301ProjectClock.elf.dir/Src/stm32f1xx_it.c.obj
 .debug_ranges  0x0000000000000b98       0xa0 CMakeFiles/CS301ProjectClock.elf.dir/Src/syscalls.c.obj
 .debug_ranges  0x0000000000000c38       0x18 CMakeFiles/CS301ProjectClock.elf.dir/Src/system_stm32f1xx.c.obj
 .debug_ranges  0x0000000000000c50       0x20 CMakeFiles/CS301ProjectClock.elf.dir/Src/tim.c.obj
 .debug_ranges  0x0000000000000c70       0x20 CMakeFiles/CS301ProjectClock.elf.dir/Src/usart.c.obj
 .debug_ranges  0x0000000000000c90       0x20 CMakeFiles/CS301ProjectClock.elf.dir/startup/startup_stm32f103xe.s.obj

.debug_line     0x0000000000000000     0xab5a
 .debug_line    0x0000000000000000      0x54e CMakeFiles/CS301ProjectClock.elf.dir/Drivers/STM32F1xx_HAL_Driver/Src/stm32f1xx_hal.c.obj
 .debug_line    0x000000000000054e      0x734 CMakeFiles/CS301ProjectClock.elf.dir/Drivers/STM32F1xx_HAL_Driver/Src/stm32f1xx_hal_cortex.c.obj
 .debug_line    0x0000000000000c82      0xea4 CMakeFiles/CS301ProjectClock.elf.dir/Drivers/STM32F1xx_HAL_Driver/Src/stm32f1xx_hal_dma.c.obj
 .debug_line    0x0000000000001b26      0x62e CMakeFiles/CS301ProjectClock.elf.dir/Drivers/STM32F1xx_HAL_Driver/Src/stm32f1xx_hal_gpio.c.obj
 .debug_line    0x0000000000002154      0x9ba CMakeFiles/CS301ProjectClock.elf.dir/Drivers/STM32F1xx_HAL_Driver/Src/stm32f1xx_hal_rcc.c.obj
 .debug_line    0x0000000000002b0e     0x2581 CMakeFiles/CS301ProjectClock.elf.dir/Drivers/STM32F1xx_HAL_Driver/Src/stm32f1xx_hal_tim.c.obj
 .debug_line    0x000000000000508f      0xda4 CMakeFiles/CS301ProjectClock.elf.dir/Drivers/STM32F1xx_HAL_Driver/Src/stm32f1xx_hal_tim_ex.c.obj
 .debug_line    0x0000000000005e33     0x1376 CMakeFiles/CS301ProjectClock.elf.dir/Drivers/STM32F1xx_HAL_Driver/Src/stm32f1xx_hal_uart.c.obj
 .debug_line    0x00000000000071a9      0x2d0 CMakeFiles/CS301ProjectClock.elf.dir/Src/gpio.c.obj
 .debug_line    0x0000000000007479     0x19a7 CMakeFiles/CS301ProjectClock.elf.dir/Src/lcd.c.obj
 .debug_line    0x0000000000008e20      0x741 CMakeFiles/CS301ProjectClock.elf.dir/Src/main.c.obj
 .debug_line    0x0000000000009561      0x284 CMakeFiles/CS301ProjectClock.elf.dir/Src/stm32f1xx_hal_msp.c.obj
 .debug_line    0x00000000000097e5      0x402 CMakeFiles/CS301ProjectClock.elf.dir/Src/stm32f1xx_it.c.obj
 .debug_line    0x0000000000009be7      0x4a5 CMakeFiles/CS301ProjectClock.elf.dir/Src/syscalls.c.obj
 .debug_line    0x000000000000a08c      0x337 CMakeFiles/CS301ProjectClock.elf.dir/Src/system_stm32f1xx.c.obj
 .debug_line    0x000000000000a3c3      0x368 CMakeFiles/CS301ProjectClock.elf.dir/Src/tim.c.obj
 .debug_line    0x000000000000a72b      0x385 CMakeFiles/CS301ProjectClock.elf.dir/Src/usart.c.obj
 .debug_line    0x000000000000aab0       0xaa CMakeFiles/CS301ProjectClock.elf.dir/startup/startup_stm32f103xe.s.obj

.debug_str      0x0000000000000000     0x41d5
 .debug_str     0x0000000000000000      0x904 CMakeFiles/CS301ProjectClock.elf.dir/Drivers/STM32F1xx_HAL_Driver/Src/stm32f1xx_hal.c.obj
                                        0x96d (size before relaxing)
 .debug_str     0x0000000000000904      0x437 CMakeFiles/CS301ProjectClock.elf.dir/Drivers/STM32F1xx_HAL_Driver/Src/stm32f1xx_hal_cortex.c.obj
                                        0xad4 (size before relaxing)
 .debug_str     0x0000000000000d3b      0x41d CMakeFiles/CS301ProjectClock.elf.dir/Drivers/STM32F1xx_HAL_Driver/Src/stm32f1xx_hal_dma.c.obj
                                        0x732 (size before relaxing)
 .debug_str     0x0000000000001158      0x1f7 CMakeFiles/CS301ProjectClock.elf.dir/Drivers/STM32F1xx_HAL_Driver/Src/stm32f1xx_hal_gpio.c.obj
                                        0x541 (size before relaxing)
 .debug_str     0x000000000000134f      0x357 CMakeFiles/CS301ProjectClock.elf.dir/Drivers/STM32F1xx_HAL_Driver/Src/stm32f1xx_hal_rcc.c.obj
                                        0x6fc (size before relaxing)
 .debug_str     0x00000000000016a6      0xff2 CMakeFiles/CS301ProjectClock.elf.dir/Drivers/STM32F1xx_HAL_Driver/Src/stm32f1xx_hal_tim.c.obj
                                       0x151f (size before relaxing)
 .debug_str     0x0000000000002698      0x5a6 CMakeFiles/CS301ProjectClock.elf.dir/Drivers/STM32F1xx_HAL_Driver/Src/stm32f1xx_hal_tim_ex.c.obj
                                        0xd1f (size before relaxing)
 .debug_str     0x0000000000002c3e      0x70a CMakeFiles/CS301ProjectClock.elf.dir/Drivers/STM32F1xx_HAL_Driver/Src/stm32f1xx_hal_uart.c.obj
                                        0xc43 (size before relaxing)
 .debug_str     0x0000000000003348       0x58 CMakeFiles/CS301ProjectClock.elf.dir/Src/gpio.c.obj
                                        0x752 (size before relaxing)
 .debug_str     0x00000000000033a0      0x700 CMakeFiles/CS301ProjectClock.elf.dir/Src/lcd.c.obj
                                        0xaa6 (size before relaxing)
 .debug_str     0x0000000000003aa0      0x1d1 CMakeFiles/CS301ProjectClock.elf.dir/Src/main.c.obj
                                       0x1029 (size before relaxing)
 .debug_str     0x0000000000003c71       0x48 CMakeFiles/CS301ProjectClock.elf.dir/Src/stm32f1xx_hal_msp.c.obj
                                        0x35b (size before relaxing)
 .debug_str     0x0000000000003cb9      0x12e CMakeFiles/CS301ProjectClock.elf.dir/Src/stm32f1xx_it.c.obj
                                        0x944 (size before relaxing)
 .debug_str     0x0000000000003de7      0x267 CMakeFiles/CS301ProjectClock.elf.dir/Src/syscalls.c.obj
                                        0x8a7 (size before relaxing)
 .debug_str     0x000000000000404e       0x7a CMakeFiles/CS301ProjectClock.elf.dir/Src/system_stm32f1xx.c.obj
                                        0x3b0 (size before relaxing)
 .debug_str     0x00000000000040c8       0x56 CMakeFiles/CS301ProjectClock.elf.dir/Src/tim.c.obj
                                        0xb9b (size before relaxing)
 .debug_str     0x000000000000411e       0x5b CMakeFiles/CS301ProjectClock.elf.dir/Src/usart.c.obj
                                        0xb1c (size before relaxing)
 .debug_str     0x0000000000004179       0x5c CMakeFiles/CS301ProjectClock.elf.dir/startup/startup_stm32f103xe.s.obj
                                         0x9e (size before relaxing)

.comment        0x0000000000000000       0x79
 .comment       0x0000000000000000       0x79 CMakeFiles/CS301ProjectClock.elf.dir/Drivers/STM32F1xx_HAL_Driver/Src/stm32f1xx_hal.c.obj
                                         0x7a (size before relaxing)
 .comment       0x0000000000000079       0x7a CMakeFiles/CS301ProjectClock.elf.dir/Drivers/STM32F1xx_HAL_Driver/Src/stm32f1xx_hal_cortex.c.obj
 .comment       0x0000000000000079       0x7a CMakeFiles/CS301ProjectClock.elf.dir/Drivers/STM32F1xx_HAL_Driver/Src/stm32f1xx_hal_dma.c.obj
 .comment       0x0000000000000079       0x7a CMakeFiles/CS301ProjectClock.elf.dir/Drivers/STM32F1xx_HAL_Driver/Src/stm32f1xx_hal_gpio.c.obj
 .comment       0x0000000000000079       0x7a CMakeFiles/CS301ProjectClock.elf.dir/Drivers/STM32F1xx_HAL_Driver/Src/stm32f1xx_hal_rcc.c.obj
 .comment       0x0000000000000079       0x7a CMakeFiles/CS301ProjectClock.elf.dir/Drivers/STM32F1xx_HAL_Driver/Src/stm32f1xx_hal_tim.c.obj
 .comment       0x0000000000000079       0x7a CMakeFiles/CS301ProjectClock.elf.dir/Drivers/STM32F1xx_HAL_Driver/Src/stm32f1xx_hal_tim_ex.c.obj
 .comment       0x0000000000000079       0x7a CMakeFiles/CS301ProjectClock.elf.dir/Drivers/STM32F1xx_HAL_Driver/Src/stm32f1xx_hal_uart.c.obj
 .comment       0x0000000000000079       0x7a CMakeFiles/CS301ProjectClock.elf.dir/Src/gpio.c.obj
 .comment       0x0000000000000079       0x7a CMakeFiles/CS301ProjectClock.elf.dir/Src/lcd.c.obj
 .comment       0x0000000000000079       0x7a CMakeFiles/CS301ProjectClock.elf.dir/Src/main.c.obj
 .comment       0x0000000000000079       0x7a CMakeFiles/CS301ProjectClock.elf.dir/Src/stm32f1xx_hal_msp.c.obj
 .comment       0x0000000000000079       0x7a CMakeFiles/CS301ProjectClock.elf.dir/Src/stm32f1xx_it.c.obj
 .comment       0x0000000000000079       0x7a CMakeFiles/CS301ProjectClock.elf.dir/Src/syscalls.c.obj
 .comment       0x0000000000000079       0x7a CMakeFiles/CS301ProjectClock.elf.dir/Src/system_stm32f1xx.c.obj
 .comment       0x0000000000000079       0x7a CMakeFiles/CS301ProjectClock.elf.dir/Src/tim.c.obj
 .comment       0x0000000000000079       0x7a CMakeFiles/CS301ProjectClock.elf.dir/Src/usart.c.obj

.debug_frame    0x0000000000000000     0x3e10
 .debug_frame   0x0000000000000000      0x334 CMakeFiles/CS301ProjectClock.elf.dir/Drivers/STM32F1xx_HAL_Driver/Src/stm32f1xx_hal.c.obj
 .debug_frame   0x0000000000000334      0x428 CMakeFiles/CS301ProjectClock.elf.dir/Drivers/STM32F1xx_HAL_Driver/Src/stm32f1xx_hal_cortex.c.obj
 .debug_frame   0x000000000000075c      0x20c CMakeFiles/CS301ProjectClock.elf.dir/Drivers/STM32F1xx_HAL_Driver/Src/stm32f1xx_hal_dma.c.obj
 .debug_frame   0x0000000000000968      0x14c CMakeFiles/CS301ProjectClock.elf.dir/Drivers/STM32F1xx_HAL_Driver/Src/stm32f1xx_hal_gpio.c.obj
 .debug_frame   0x0000000000000ab4      0x21c CMakeFiles/CS301ProjectClock.elf.dir/Drivers/STM32F1xx_HAL_Driver/Src/stm32f1xx_hal_rcc.c.obj
 .debug_frame   0x0000000000000cd0     0x10f0 CMakeFiles/CS301ProjectClock.elf.dir/Drivers/STM32F1xx_HAL_Driver/Src/stm32f1xx_hal_tim.c.obj
 .debug_frame   0x0000000000001dc0      0x5c0 CMakeFiles/CS301ProjectClock.elf.dir/Drivers/STM32F1xx_HAL_Driver/Src/stm32f1xx_hal_tim_ex.c.obj
 .debug_frame   0x0000000000002380      0x834 CMakeFiles/CS301ProjectClock.elf.dir/Drivers/STM32F1xx_HAL_Driver/Src/stm32f1xx_hal_uart.c.obj
 .debug_frame   0x0000000000002bb4       0x34 CMakeFiles/CS301ProjectClock.elf.dir/Src/gpio.c.obj
 .debug_frame   0x0000000000002be8      0x4d4 CMakeFiles/CS301ProjectClock.elf.dir/Src/lcd.c.obj
 .debug_frame   0x00000000000030bc      0x1bc CMakeFiles/CS301ProjectClock.elf.dir/Src/main.c.obj
 .debug_frame   0x0000000000003278       0x38 CMakeFiles/CS301ProjectClock.elf.dir/Src/stm32f1xx_hal_msp.c.obj
 .debug_frame   0x00000000000032b0      0x198 CMakeFiles/CS301ProjectClock.elf.dir/Src/stm32f1xx_it.c.obj
 .debug_frame   0x0000000000003448      0x2d0 CMakeFiles/CS301ProjectClock.elf.dir/Src/syscalls.c.obj
 .debug_frame   0x0000000000003718       0x58 CMakeFiles/CS301ProjectClock.elf.dir/Src/system_stm32f1xx.c.obj
 .debug_frame   0x0000000000003770       0x7c CMakeFiles/CS301ProjectClock.elf.dir/Src/tim.c.obj
 .debug_frame   0x00000000000037ec       0x74 CMakeFiles/CS301ProjectClock.elf.dir/Src/usart.c.obj
 .debug_frame   0x0000000000003860       0xac /usr/local/Cellar/arm-none-eabi-gcc/9-2019-q4-major/gcc/bin/../lib/gcc/arm-none-eabi/9.2.1/thumb/v7-m/nofp/libgcc.a(_arm_addsubdf3.o)
 .debug_frame   0x000000000000390c       0x50 /usr/local/Cellar/arm-none-eabi-gcc/9-2019-q4-major/gcc/bin/../lib/gcc/arm-none-eabi/9.2.1/thumb/v7-m/nofp/libgcc.a(_arm_muldivdf3.o)
 .debug_frame   0x000000000000395c       0x24 /usr/local/Cellar/arm-none-eabi-gcc/9-2019-q4-major/gcc/bin/../lib/gcc/arm-none-eabi/9.2.1/thumb/v7-m/nofp/libgcc.a(_arm_fixdfsi.o)
 .debug_frame   0x0000000000003980       0x24 /usr/local/Cellar/arm-none-eabi-gcc/9-2019-q4-major/gcc/bin/../lib/gcc/arm-none-eabi/9.2.1/thumb/v7-m/nofp/libgcc.a(_arm_fixunsdfsi.o)
 .debug_frame   0x00000000000039a4       0x20 /usr/local/Cellar/arm-none-eabi-gcc/9-2019-q4-major/gcc/bin/../lib/gcc/arm-none-eabi/9.2.1/../../../../arm-none-eabi/lib/thumb/v7-m/nofp/libg_nano.a(lib_a-errno.o)
 .debug_frame   0x00000000000039c4       0x2c /usr/local/Cellar/arm-none-eabi-gcc/9-2019-q4-major/gcc/bin/../lib/gcc/arm-none-eabi/9.2.1/../../../../arm-none-eabi/lib/thumb/v7-m/nofp/libg_nano.a(lib_a-init.o)
 .debug_frame   0x00000000000039f0       0x20 /usr/local/Cellar/arm-none-eabi-gcc/9-2019-q4-major/gcc/bin/../lib/gcc/arm-none-eabi/9.2.1/../../../../arm-none-eabi/lib/thumb/v7-m/nofp/libg_nano.a(lib_a-memset.o)
 .debug_frame   0x0000000000003a10       0x6c /usr/local/Cellar/arm-none-eabi-gcc/9-2019-q4-major/gcc/bin/../lib/gcc/arm-none-eabi/9.2.1/../../../../arm-none-eabi/lib/thumb/v7-m/nofp/libg_nano.a(lib_a-sprintf.o)
 .debug_frame   0x0000000000003a7c       0x90 /usr/local/Cellar/arm-none-eabi-gcc/9-2019-q4-major/gcc/bin/../lib/gcc/arm-none-eabi/9.2.1/../../../../arm-none-eabi/lib/thumb/v7-m/nofp/libg_nano.a(lib_a-nano-svfprintf.o)
 .debug_frame   0x0000000000003b0c       0x60 /usr/local/Cellar/arm-none-eabi-gcc/9-2019-q4-major/gcc/bin/../lib/gcc/arm-none-eabi/9.2.1/../../../../arm-none-eabi/lib/thumb/v7-m/nofp/libg_nano.a(lib_a-nano-vfprintf_i.o)
 .debug_frame   0x0000000000003b6c       0x28 /usr/local/Cellar/arm-none-eabi-gcc/9-2019-q4-major/gcc/bin/../lib/gcc/arm-none-eabi/9.2.1/../../../../arm-none-eabi/lib/thumb/v7-m/nofp/libg_nano.a(lib_a-memchr-stub.o)
 .debug_frame   0x0000000000003b94       0x28 /usr/local/Cellar/arm-none-eabi-gcc/9-2019-q4-major/gcc/bin/../lib/gcc/arm-none-eabi/9.2.1/../../../../arm-none-eabi/lib/thumb/v7-m/nofp/libg_nano.a(lib_a-memcpy-stub.o)
 .debug_frame   0x0000000000003bbc       0x28 /usr/local/Cellar/arm-none-eabi-gcc/9-2019-q4-major/gcc/bin/../lib/gcc/arm-none-eabi/9.2.1/../../../../arm-none-eabi/lib/thumb/v7-m/nofp/libg_nano.a(lib_a-memmove.o)
 .debug_frame   0x0000000000003be4       0x38 /usr/local/Cellar/arm-none-eabi-gcc/9-2019-q4-major/gcc/bin/../lib/gcc/arm-none-eabi/9.2.1/../../../../arm-none-eabi/lib/thumb/v7-m/nofp/libg_nano.a(lib_a-nano-freer.o)
 .debug_frame   0x0000000000003c1c       0x30 /usr/local/Cellar/arm-none-eabi-gcc/9-2019-q4-major/gcc/bin/../lib/gcc/arm-none-eabi/9.2.1/../../../../arm-none-eabi/lib/thumb/v7-m/nofp/libg_nano.a(lib_a-nano-mallocr.o)
 .debug_frame   0x0000000000003c4c       0x3c /usr/local/Cellar/arm-none-eabi-gcc/9-2019-q4-major/gcc/bin/../lib/gcc/arm-none-eabi/9.2.1/../../../../arm-none-eabi/lib/thumb/v7-m/nofp/libg_nano.a(lib_a-nano-reallocr.o)
 .debug_frame   0x0000000000003c88       0x2c /usr/local/Cellar/arm-none-eabi-gcc/9-2019-q4-major/gcc/bin/../lib/gcc/arm-none-eabi/9.2.1/../../../../arm-none-eabi/lib/thumb/v7-m/nofp/libg_nano.a(lib_a-sbrkr.o)
 .debug_frame   0x0000000000003cb4       0x30 /usr/local/Cellar/arm-none-eabi-gcc/9-2019-q4-major/gcc/bin/../lib/gcc/arm-none-eabi/9.2.1/../../../../arm-none-eabi/lib/thumb/v7-m/nofp/libg_nano.a(lib_a-mlock.o)
 .debug_frame   0x0000000000003ce4       0x20 /usr/local/Cellar/arm-none-eabi-gcc/9-2019-q4-major/gcc/bin/../lib/gcc/arm-none-eabi/9.2.1/../../../../arm-none-eabi/lib/thumb/v7-m/nofp/libg_nano.a(lib_a-nano-msizer.o)
 .debug_frame   0x0000000000003d04       0x5c /usr/local/Cellar/arm-none-eabi-gcc/9-2019-q4-major/gcc/bin/../lib/gcc/arm-none-eabi/9.2.1/../../../../arm-none-eabi/lib/thumb/v7-m/nofp/libg_nano.a(lib_a-reent.o)
 .debug_frame   0x0000000000003d60       0xb0 /usr/local/Cellar/arm-none-eabi-gcc/9-2019-q4-major/gcc/bin/../lib/gcc/arm-none-eabi/9.2.1/../../../../arm-none-eabi/lib/thumb/v7-m/nofp/libg_nano.a(lib_a-lock.o)
